Archive member included because of file (symbol)

/home/Monty/ps3toolchain/PSL1GHT/ppu/lib/libvdec.a(sprx.o)
                              /home/Monty/Desktop/PS3 fin/JellyFin---PS3/build/video.o (vdecClose)
/home/Monty/ps3toolchain/PSL1GHT/ppu/lib/libaudio.a(sprx.o)
                              /home/Monty/Desktop/PS3 fin/JellyFin---PS3/build/audio.o (audioCreateNotifyEventQueue)
/home/Monty/ps3toolchain/PSL1GHT/ppu/lib/librsx.a(init.o)
                              /home/Monty/Desktop/PS3 fin/JellyFin---PS3/build/rsxutil.o (rsxInit)
/home/Monty/ps3toolchain/PSL1GHT/ppu/lib/librsx.a(buffer.o)
                              /home/Monty/Desktop/PS3 fin/JellyFin---PS3/build/rsxutil.o (rsxFlushBuffer)
/home/Monty/ps3toolchain/PSL1GHT/ppu/lib/librsx.a(commands.o)
                              /home/Monty/ps3toolchain/PSL1GHT/ppu/lib/librsx.a(buffer.o) (rsxSetJumpCommandUnsafe)
/home/Monty/ps3toolchain/PSL1GHT/ppu/lib/librsx.a(mm.o)
                              /home/Monty/ps3toolchain/PSL1GHT/ppu/lib/librsx.a(init.o) (rsxHeapInit)
/home/Monty/ps3toolchain/PSL1GHT/ppu/lib/librsx.a(vertex_program.o)
                              /home/Monty/ps3toolchain/PSL1GHT/ppu/lib/librsx.a(commands.o) (rsxVertexProgramGetConsts)
/home/Monty/ps3toolchain/PSL1GHT/ppu/lib/librsx.a(fragment_program.o)
                              /home/Monty/ps3toolchain/PSL1GHT/ppu/lib/librsx.a(commands.o) (rsxFragmentProgramGetConstOffsetTable)
/home/Monty/ps3toolchain/PSL1GHT/ppu/lib/librsx.a(rsx_internal.o)
                              /home/Monty/ps3toolchain/PSL1GHT/ppu/lib/librsx.a(vertex_program.o) (__rsxGetAttrs)
/home/Monty/ps3toolchain/PSL1GHT/ppu/lib/libgcm_sys.a(sprx.o)
                              /home/Monty/Desktop/PS3 fin/JellyFin---PS3/build/rsxutil.o (gcmSetFlip)
/home/Monty/ps3toolchain/PSL1GHT/ppu/lib/libio.a(sprx.o)
                              /home/Monty/Desktop/PS3 fin/JellyFin---PS3/build/main.o (ioPadInit)
/home/Monty/ps3toolchain/PSL1GHT/ppu/lib/libsysutil.a(sprx.o)
                              /home/Monty/Desktop/PS3 fin/JellyFin---PS3/build/rsxutil.o (videoConfigure)
/home/Monty/ps3toolchain/PSL1GHT/ppu/lib/libsysutil.a(sysutil_wrapper.o)
                              /home/Monty/Desktop/PS3 fin/JellyFin---PS3/build/main.o (sysUtilRegisterCallback)
/home/Monty/ps3toolchain/PSL1GHT/ppu/lib/librt.a(sbrk.o)
                              /home/Monty/ps3dev/ppu/bin/../lib/gcc/powerpc64-ps3-elf/7.2.0/../../../../powerpc64-ps3-elf/lib/lv2-crt0.o (__librt_sbrk_r)
/home/Monty/ps3toolchain/PSL1GHT/ppu/lib/librt.a(exit.o)
                              /home/Monty/ps3dev/ppu/bin/../lib/gcc/powerpc64-ps3-elf/7.2.0/../../../../powerpc64-ps3-elf/lib/lv2-crt0.o (__librt_exit)
/home/Monty/ps3toolchain/PSL1GHT/ppu/lib/librt.a(close.o)
                              /home/Monty/ps3dev/ppu/bin/../lib/gcc/powerpc64-ps3-elf/7.2.0/../../../../powerpc64-ps3-elf/lib/lv2-crt0.o (__librt_close_r)
/home/Monty/ps3toolchain/PSL1GHT/ppu/lib/librt.a(lseek.o)
                              /home/Monty/ps3dev/ppu/bin/../lib/gcc/powerpc64-ps3-elf/7.2.0/../../../../powerpc64-ps3-elf/lib/lv2-crt0.o (__librt_lseek_r)
/home/Monty/ps3toolchain/PSL1GHT/ppu/lib/librt.a(read.o)
                              /home/Monty/ps3dev/ppu/bin/../lib/gcc/powerpc64-ps3-elf/7.2.0/../../../../powerpc64-ps3-elf/lib/lv2-crt0.o (__librt_read_r)
/home/Monty/ps3toolchain/PSL1GHT/ppu/lib/librt.a(open.o)
                              /home/Monty/ps3dev/ppu/bin/../lib/gcc/powerpc64-ps3-elf/7.2.0/../../../../powerpc64-ps3-elf/lib/lv2-crt0.o (__librt_open_r)
/home/Monty/ps3toolchain/PSL1GHT/ppu/lib/librt.a(sleep.o)
                              /home/Monty/ps3dev/ppu/bin/../lib/gcc/powerpc64-ps3-elf/7.2.0/../../../../powerpc64-ps3-elf/lib/lv2-crt0.o (__librt_usleep_r)
/home/Monty/ps3toolchain/PSL1GHT/ppu/lib/librt.a(write.o)
                              /home/Monty/ps3dev/ppu/bin/../lib/gcc/powerpc64-ps3-elf/7.2.0/../../../../powerpc64-ps3-elf/lib/lv2-crt0.o (__librt_write_r)
/home/Monty/ps3toolchain/PSL1GHT/ppu/lib/librt.a(fstat.o)
                              /home/Monty/ps3dev/ppu/bin/../lib/gcc/powerpc64-ps3-elf/7.2.0/../../../../powerpc64-ps3-elf/lib/lv2-crt0.o (__librt_fstat_r)
/home/Monty/ps3toolchain/PSL1GHT/ppu/lib/librt.a(socket.o)
                              /home/Monty/ps3toolchain/PSL1GHT/ppu/lib/librt.a(write.o) (send)
/home/Monty/ps3toolchain/PSL1GHT/ppu/lib/librt.a(lock.o)
                              /home/Monty/ps3dev/ppu/bin/../lib/gcc/powerpc64-ps3-elf/7.2.0/../../../../powerpc64-ps3-elf/lib/lv2-crt0.o (__librt_sys_lwmutex_create_r)
/home/Monty/ps3toolchain/PSL1GHT/ppu/lib/librt.a(dirent.o)
                              /home/Monty/ps3dev/ppu/bin/../lib/gcc/powerpc64-ps3-elf/7.2.0/../../../../powerpc64-ps3-elf/lib/lv2-crt0.o (__librt_opendir_r)
/home/Monty/ps3toolchain/PSL1GHT/ppu/lib/librt.a(mkdir.o)
[...]
Memory Configuration

Name             Origin             Length             Attributes
*default*        0x0000000000000000 0xffffffffffffffff

Linker script and memory map

                0x0000000000010000                PROVIDE (__executable_start, 0x10000)
                0x0000000000010200                . = (0x10000 + SIZEOF_HEADERS)

.interp
 *(.interp)

.hash
 *(.hash)

.dynsym
 *(.dynsym)

.dynstr
 *(.dynstr)

.gnu.version
 *(.gnu.version)

.gnu.version_d
 *(.gnu.version_d)

.gnu.version_r
 *(.gnu.version_r)

.rel.dyn
 *(.rel.init)
 *(.rel.text .rel.text.* .rel.gnu.linkonce.t.*)
 *(.rel.fini)
 *(.rel.rodata .rel.rodata.* .rel.gnu.linkonce.r.*)
 *(.rel.data.rel.ro*)
 *(.rel.data .rel.data.* .rel.gnu.linkonce.d.*)
 *(.rel.tdata .rel.tdata.* .rel.gnu.linkonce.td.*)
 *(.rel.tbss .rel.tbss.* .rel.gnu.linkonce.tb.*)
 *(.rel.ctors)
 *(.rel.dtors)
 *(.rel.got)
 *(.rel.sdata .rel.sdata.* .rel.gnu.linkonce.s.*)
 *(.rel.sbss .rel.sbss.* .rel.gnu.linkonce.sb.*)
 *(.rel.sdata2 .rel.sdata2.* .rel.gnu.linkonce.s2.*)
 *(.rel.sbss2 .rel.sbss2.* .rel.gnu.linkonce.sb2.*)
 *(.rel.bss .rel.bss.* .rel.gnu.linkonce.b.*)

.rela.dyn       0x0000000000010200        0x0
 *(.rela.init)
 *(.rela.text .rela.text.* .rela.gnu.linkonce.t.*)
 *(.rela.fini)
 *(.rela.rodata .rela.rodata.* .rela.gnu.linkonce.r.*)
 *(.rela.data .rela.data.* .rela.gnu.linkonce.d.*)
 *(.rela.tdata .rela.tdata.* .rela.gnu.linkonce.td.*)
 *(.rela.tbss .rela.tbss.* .rela.gnu.linkonce.tb.*)
 *(.rela.ctors)
 *(.rela.dtors)
 *(.rela.got)
 *(.rela.toc)
 .rela.toc      0x0000000000000000        0x0 linker stubs
 *(.rela.sdata .rela.sdata.* .rela.gnu.linkonce.s.*)
 *(.rela.sbss .rela.sbss.* .rela.gnu.linkonce.sb.*)
 *(.rela.sdata2 .rela.sdata2.* .rela.gnu.linkonce.s2.*)
 *(.rela.sbss2 .rela.sbss2.* .rela.gnu.linkonce.sb2.*)
 *(.rela.bss .rela.bss.* .rela.gnu.linkonce.b.*)
 .rela.iplt     0x0000000000000000        0x0 linker stubs
 .rela.sys_proc_prx_param
                0x0000000000000000        0x0 linker stubs

.rel.plt
 *(.rel.plt)

.rela.plt
 *(.rela.plt)

.rela.tocbss
 *(.rela.tocbss)

.init           0x0000000000010200       0x2c
 *(.init)
 .init          0x0000000000010200        0xc /home/Monty/ps3dev/ppu/bin/../lib/gcc/powerpc64-ps3-elf/7.2.0/../../../../powerpc64-ps3-elf/lib/lv2-crti.o
                0x0000000000010200                ._init
 .init          0x000000000001020c        0x8 /home/Monty/ps3dev/ppu/bin/../lib/gcc/powerpc64-ps3-elf/7.2.0/crtbegin.o
 .init          0x0000000000010214        0x8 /home/Monty/ps3dev/ppu/bin/../lib/gcc/powerpc64-ps3-elf/7.2.0/crtend.o
 .init          0x000000000001021c       0x10 /home/Monty/ps3dev/ppu/bin/../lib/gcc/powerpc64-ps3-elf/7.2.0/../../../../powerpc64-ps3-elf/lib/lv2-crtn.o

.text           0x0000000000010230    0x3a364
 *(.text .stub .text.* .gnu.linkonce.t.*)
 .text          0x0000000000010230        0x0 /home/Monty/ps3dev/ppu/bin/../lib/gcc/powerpc64-ps3-elf/7.2.0/../../../../powerpc64-ps3-elf/lib/lv2-crti.o
 .text          0x0000000000010230        0x0 /home/Monty/ps3dev/ppu/bin/../lib/gcc/powerpc64-ps3-elf/7.2.0/crtbegin.o
 .text.deregister_tm_clones
                0x0000000000010230       0x54 /home/Monty/ps3dev/ppu/bin/../lib/gcc/powerpc64-ps3-elf/7.2.0/crtbegin.o
 *fill*         0x0000000000010284        0x4 60000000
 .text.register_tm_clones
                0x0000000000010288       0x60 /home/Monty/ps3dev/ppu/bin/../lib/gcc/powerpc64-ps3-elf/7.2.0/crtbegin.o
 .text.__do_global_dtors_aux
                0x00000000000102e8       0xd4 /home/Monty/ps3dev/ppu/bin/../lib/gcc/powerpc64-ps3-elf/7.2.0/crtbegin.o
 *fill*         0x00000000000103bc        0x4 60000000
 .text.frame_dummy
                0x00000000000103c0       0x38 /home/Monty/ps3dev/ppu/bin/../lib/gcc/powerpc64-ps3-elf/7.2.0/crtbegin.o
 .text          0x00000000000103f8       0x58 /home/Monty/ps3dev/ppu/bin/../lib/gcc/powerpc64-ps3-elf/7.2.0/../../../../powerpc64-ps3-elf/lib/lv2-crt0.o
                0x00000000000103f8                ._start
 .text.startup.__syscalls_init
                0x0000000000010450      0x180 /home/Monty/ps3dev/ppu/bin/../lib/gcc/powerpc64-ps3-elf/7.2.0/../../../../powerpc64-ps3-elf/lib/lv2-crt0.o
 .text._initialize
                0x00000000000105d0       0x40 /home/Monty/ps3dev/ppu/bin/../lib/gcc/powerpc64-ps3-elf/7.2.0/../../../../powerpc64-ps3-elf/lib/lv2-crt0.o
 .text          0x0000000000010610        0x0 /home/Monty/ps3dev/ppu/bin/../lib/gcc/powerpc64-ps3-elf/7.2.0/../../../../powerpc64-ps3-elf/lib/lv2-sprx.o
 .text          0x0000000000010610        0x0 /home/Monty/Desktop/PS3 fin/JellyFin---PS3/build/adec.o
 .text._ZL8get_bitsP4bs_ti
                0x0000000000010610      0x158 /home/Monty/Desktop/PS3 fin/JellyFin---PS3/build/adec.o
 .text._ZL9hdr_validPKh
                0x0000000000010768       0x7c /home/Monty/Desktop/PS3 fin/JellyFin---PS3/build/adec.o
 *fill*         0x00000000000107e4        0x4 60000000
 .text._ZL11hdr_comparePKhS0_
                0x00000000000107e8       0xb0 /home/Monty/Desktop/PS3 fin/JellyFin---PS3/build/adec.o
 .text._ZL15hdr_frame_bytesPKhi
                0x0000000000010898       0xd4 /home/Monty/Desktop/PS3 fin/JellyFin---PS3/build/adec.o
 *fill*         0x000000000001096c        0x4 60000000
 .text._ZL9L3_dct3_9Pf
                0x0000000000010970      0x174 /home/Monty/Desktop/PS3 fin/JellyFin---PS3/build/adec.o
 *fill*         0x0000000000010ae4        0x4 60000000
 .text._ZL10L3_imdct36PfS_PKfi
                0x0000000000010ae8      0x204 /home/Monty/Desktop/PS3 fin/JellyFin---PS3/build/adec.o
 *fill*         0x0000000000010cec        0x4 60000000
 .text._ZL10L3_imdct12PfS_S_
                0x0000000000010cf0      0x144 /home/Monty/Desktop/PS3 fin/JellyFin---PS3/build/adec.o
 *fill*         0x0000000000010e34        0x4 60000000
 .text._ZL14mp3d_scale_pcmf.part.2
                0x0000000000010e38       0x38 /home/Monty/Desktop/PS3 fin/JellyFin---PS3/build/adec.o
 .text._ZL15mp3d_synth_pairPsiPKf
                0x0000000000010e70      0x228 /home/Monty/Desktop/PS3 fin/JellyFin---PS3/build/adec.o
 .text._ZL18mp3d_synth_granulePfS_iiPsS_
                0x0000000000011098      0xbc4 /home/Monty/Desktop/PS3 fin/JellyFin---PS3/build/adec.o
 *fill*         0x0000000000011c5c        0x4 60000000
 .text.mp3dec_init
                0x0000000000011c60       0x18 /home/Monty/Desktop/PS3 fin/JellyFin---PS3/build/adec.o
 .text.mp3dec_decode_frame
                0x0000000000011c78     0x2ba8 /home/Monty/Desktop/PS3 fin/JellyFin---PS3/build/adec.o
 .text._Z9adec_initv
                0x0000000000014820       0x38 /home/Monty/Desktop/PS3 fin/JellyFin---PS3/build/adec.o
 .text._Z13adec_push_pesPKhi
                0x0000000000014858      0x268 /home/Monty/Desktop/PS3 fin/JellyFin---PS3/build/adec.o
 .text._Z18adec_pcm_availablev
                0x0000000000014ac0       0x1c /home/Monty/Desktop/PS3 fin/JellyFin---PS3/build/adec.o
 *fill*         0x0000000000014adc        0x4 60000000
 .text._Z13adec_read_pcmPfi
                0x0000000000014ae0       0xbc /home/Monty/Desktop/PS3 fin/JellyFin---PS3/build/adec.o
 .text          0x0000000000014b9c        0x0 /home/Monty/Desktop/PS3 fin/JellyFin---PS3/build/audio.o
 *fill*         0x0000000000014b9c        0x4 60000000
 .text._Z17audio_block_countv
                0x0000000000014ba0       0x18 /home/Monty/Desktop/PS3 fin/JellyFin---PS3/build/audio.o
 .text._Z10audio_openv
                0x0000000000014bb8      0x308 /home/Monty/Desktop/PS3 fin/JellyFin---PS3/build/audio.o
 .text._Z15audio_write_pcmv
                0x0000000000014ec0      0x208 /home/Monty/Desktop/PS3 fin/JellyFin---PS3/build/audio.o
 .text._Z11audio_closev
                0x00000000000150c8       0xb4 /home/Monty/Desktop/PS3 fin/JellyFin---PS3/build/audio.o
 .text          0x000000000001517c        0x0 /home/Monty/Desktop/PS3 fin/JellyFin---PS3/build/bitmap.o
 *fill*         0x000000000001517c        0x4 60000000
 .text._Z10bitmapInitP6Bitmapjj
                0x0000000000015180       0x9c /home/Monty/Desktop/PS3 fin/JellyFin---PS3/build/bitmap.o
 *fill*         0x000000000001521c        0x4 60000000
 .text._Z13bitmapDestroyP6Bitmap
                0x0000000000015220       0x48 /home/Monty/Desktop/PS3 fin/JellyFin---PS3/build/bitmap.o
 .text._Z12bitmapSetXpmP6BitmapPPKc
                0x0000000000015268      0x210 /home/Monty/Desktop/PS3 fin/JellyFin---PS3/build/bitmap.o
 .text          0x0000000000015478        0x0 /home/Monty/Desktop/PS3 fin/JellyFin---PS3/build/http.o
 .text._Z9http_initv
                0x0000000000015478       0x88 /home/Monty/Desktop/PS3 fin/JellyFin---PS3/build/http.o
 .text._Z8http_endv
                0x0000000000015500       0x3c /home/Monty/Desktop/PS3 fin/JellyFin---PS3/build/http.o
 *fill*         0x000000000001553c        0x4 60000000
 .text._Z12http_requestiPKcS0_S0_Pci
                0x0000000000015540      0x5d0 /home/Monty/Desktop/PS3 fin/JellyFin---PS3/build/http.o
 .text          0x0000000000015b10        0x0 /home/Monty/Desktop/PS3 fin/JellyFin---PS3/build/jellyfin_api.o
 .text._ZL17json_get_in_rangePKciS0_Pci
                0x0000000000015b10      0x178 /home/Monty/Desktop/PS3 fin/JellyFin---PS3/build/jellyfin_api.o
 .text._ZL4trimPc
                0x0000000000015c88      0x10c /home/Monty/Desktop/PS3 fin/JellyFin---PS3/build/jellyfin_api.o
 *fill*         0x0000000000015d94        0x4 60000000
 .text._Z20show_library_browserv.part.1
                0x0000000000015d98      0x108 /home/Monty/Desktop/PS3 fin/JellyFin---PS3/build/jellyfin_api.o
 .text._Z15json_get_stringPKcS0_Pci
                0x0000000000015ea0      0x11c /home/Monty/Desktop/PS3 fin/JellyFin---PS3/build/jellyfin_api.o
 *fill*         0x0000000000015fbc        0x4 60000000
 .text._Z16url_encode_queryPKcPci
                0x0000000000015fc0      0x188 /home/Monty/Desktop/PS3 fin/JellyFin---PS3/build/jellyfin_api.o
 .text._Z12is_containerPKc
                0x0000000000016148      0x104 /home/Monty/Desktop/PS3 fin/JellyFin---PS3/build/jellyfin_api.o
 *fill*         0x000000000001624c        0x4 60000000
 .text._ZL9show_listP6JFItemiPKcbb
                0x0000000000016250      0x47c /home/Monty/Desktop/PS3 fin/JellyFin---PS3/build/jellyfin_api.o
 *fill*         0x00000000000166cc        0x4 60000000
 .text._Z14parse_jf_itemsPKcP6JFItemi
                0x00000000000166d0      0x250 /home/Monty/Desktop/PS3 fin/JellyFin---PS3/build/jellyfin_api.o
 .text._ZL12browse_levelPKcS0_i
                0x0000000000016920      0x478 /home/Monty/Desktop/PS3 fin/JellyFin---PS3/build/jellyfin_api.o
 .text._Z11save_configv
                0x0000000000016d98       0x74 /home/Monty/Desktop/PS3 fin/JellyFin---PS3/build/jellyfin_api.o
 *fill*         0x0000000000016e0c        0x4 60000000
 .text._Z11load_configv
                0x0000000000016e10      0x12c /home/Monty/Desktop/PS3 fin/JellyFin---PS3/build/jellyfin_api.o
 *fill*         0x0000000000016f3c        0x4 60000000
 .text._Z8do_loginv
                0x0000000000016f40      0x484 /home/Monty/Desktop/PS3 fin/JellyFin---PS3/build/jellyfin_api.o
 *fill*         0x00000000000173c4        0x4 60000000
 .text._Z20show_library_browserv
                0x00000000000173c8       0x34 /home/Monty/Desktop/PS3 fin/JellyFin---PS3/build/jellyfin_api.o
 *fill*         0x00000000000173fc        0x4 60000000
 .text._Z11show_searchv
                0x0000000000017400      0x28c /home/Monty/Desktop/PS3 fin/JellyFin---PS3/build/jellyfin_api.o
 *fill*         0x000000000001768c        0x4 60000000
 .text._Z14show_main_menuv
                0x0000000000017690      0x318 /home/Monty/Desktop/PS3 fin/JellyFin---PS3/build/jellyfin_api.o
 .text          0x00000000000179a8        0x0 /home/Monty/Desktop/PS3 fin/JellyFin---PS3/build/main.o
 .text.sysutil_exit_callback
                0x00000000000179a8       0x24 /home/Monty/Desktop/PS3 fin/JellyFin---PS3/build/main.o
 *fill*         0x00000000000179cc        0x4 60000000
 .text.program_exit_callback
                0x00000000000179d0       0x5c /home/Monty/Desktop/PS3 fin/JellyFin---PS3/build/main.o
 *fill*         0x0000000000017a2c        0x4 60000000
 .text._ZL9crash_logPKc
                0x0000000000017a30       0x94 /home/Monty/Desktop/PS3 fin/JellyFin---PS3/build/main.o
 *fill*         0x0000000000017ac4        0x4 60000000
 .text.startup.main
                0x0000000000017ac8      0x310 /home/Monty/Desktop/PS3 fin/JellyFin---PS3/build/main.o
 .text          0x0000000000017dd8        0x0 /home/Monty/Desktop/PS3 fin/JellyFin---PS3/build/player.o
 .text._ZL10show_errorPKcS0_
                0x0000000000017dd8      0x138 /home/Monty/Desktop/PS3 fin/JellyFin---PS3/build/player.o
 .text._Z4plogPKc
                0x0000000000017f10      0x100 /home/Monty/Desktop/PS3 fin/JellyFin---PS3/build/player.o
 .text._ZL15audio_thread_fnPv
                0x0000000000018010       0x88 /home/Monty/Desktop/PS3 fin/JellyFin---PS3/build/player.o
 .text._ZL16decode_thread_fnPv
                0x0000000000018098      0x4ac /home/Monty/Desktop/PS3 fin/JellyFin---PS3/build/player.o
 *fill*         0x0000000000018544        0x4 60000000
 .text._ZL17network_thread_fnPv
                0x0000000000018548      0x1bc /home/Monty/Desktop/PS3 fin/JellyFin---PS3/build/player.o
 *fill*         0x0000000000018704        0x4 60000000
 .text._Z11show_playerPK6JFItem
                0x0000000000018708      0xcbc /home/Monty/Desktop/PS3 fin/JellyFin---PS3/build/player.o
 .text          0x00000000000193c4        0x0 /home/Monty/Desktop/PS3 fin/JellyFin---PS3/build/rsxutil.o
 *fill*         0x00000000000193c4        0x4 60000000
 .text._Z15setRenderTargetj
                0x00000000000193c8       0xd8 /home/Monty/Desktop/PS3 fin/JellyFin---PS3/build/rsxutil.o
 .text._Z11init_screenPvj
                0x00000000000194a0      0x274 /home/Monty/Desktop/PS3 fin/JellyFin---PS3/build/rsxutil.o
 *fill*         0x0000000000019714        0x4 60000000
 .text._Z8waitflipv
                0x0000000000019718       0x50 /home/Monty/Desktop/PS3 fin/JellyFin---PS3/build/rsxutil.o
 .text._Z4flipv
                0x0000000000019768       0xa4 /home/Monty/Desktop/PS3 fin/JellyFin---PS3/build/rsxutil.o
 .text          0x000000000001980c        0x0 /home/Monty/Desktop/PS3 fin/JellyFin---PS3/build/stream.o
 *fill*         0x000000000001980c        0x4 60000000
 .text._Z11stream_openPKc
                0x0000000000019810      0x550 /home/Monty/Desktop/PS3 fin/JellyFin---PS3/build/stream.o
 .text._Z11stream_readiPhi
                0x0000000000019d60      0x2e0 /home/Monty/Desktop/PS3 fin/JellyFin---PS3/build/stream.o
 .text          0x000000000001a040        0x0 /home/Monty/Desktop/PS3 fin/JellyFin---PS3/build/timing.o
 .text._Z13timing_get_usv
                0x000000000001a040       0x44 /home/Monty/Desktop/PS3 fin/JellyFin---PS3/build/timing.o
 *fill*         0x000000000001a084        0x4 60000000
 .text._Z11timing_initjj
                0x000000000001a088       0xcc /home/Monty/Desktop/PS3 fin/JellyFin---PS3/build/timing.o
 *fill*         0x000000000001a154        0x4 60000000
 .text._Z16timing_frame_duev
                0x000000000001a158       0x5c /home/Monty/Desktop/PS3 fin/JellyFin---PS3/build/timing.o
 *fill*         0x000000000001a1b4        0x4 60000000
 .text._Z18timing_frame_shownv
                0x000000000001a1b8       0x6c /home/Monty/Desktop/PS3 fin/JellyFin---PS3/build/timing.o
 .text          0x000000000001a224        0x0 /home/Monty/Desktop/PS3 fin/JellyFin---PS3/build/ui.o
 *fill*         0x000000000001a224        0x4 60000000
 .text._Z14update_buttonsP9_pad_data
                0x000000000001a228       0x98 /home/Monty/Desktop/PS3 fin/JellyFin---PS3/build/ui.o
 .text._Z9init_btnsv
                0x000000000001a2c0       0x98 /home/Monty/Desktop/PS3 fin/JellyFin---PS3/build/ui.o
 .text._Z11clearScreenj
                0x000000000001a358       0x68 /home/Monty/Desktop/PS3 fin/JellyFin---PS3/build/ui.o
 .text._Z8drawCharjjc
                0x000000000001a3c0      0x1d0 /home/Monty/Desktop/PS3 fin/JellyFin---PS3/build/ui.o
 .text._Z8drawTextjjPKc
                0x000000000001a590       0xb0 /home/Monty/Desktop/PS3 fin/JellyFin---PS3/build/ui.o
 .text._Z9drawTextfjjPKcz
                0x000000000001a640       0x78 /home/Monty/Desktop/PS3 fin/JellyFin---PS3/build/ui.o
 .text._Z10drawHeaderv
                0x000000000001a6b8       0x50 /home/Monty/Desktop/PS3 fin/JellyFin---PS3/build/ui.o
 .text._Z22decode_unicode_escapesPc
                0x000000000001a708      0x17c /home/Monty/Desktop/PS3 fin/JellyFin---PS3/build/ui.o
 *fill*         0x000000000001a884        0x4 60000000
 .text._Z9get_inputPciPKcb
                0x000000000001a888      0x73c /home/Monty/Desktop/PS3 fin/JellyFin---PS3/build/ui.o
 *fill*         0x000000000001afc4        0x4 60000000
 .text._Z7ui_initv
                0x000000000001afc8       0x98 /home/Monty/Desktop/PS3 fin/JellyFin---PS3/build/ui.o
 .text._Z10ui_cleanupv
                0x000000000001b060       0x34 /home/Monty/Desktop/PS3 fin/JellyFin---PS3/build/ui.o
 .text          0x000000000001b094        0x0 /home/Monty/Desktop/PS3 fin/JellyFin---PS3/build/video.o
 *fill*         0x000000000001b094        0x4 60000000
 .text._ZL7vdec_cbjjjj
                0x000000000001b098       0x64 /home/Monty/Desktop/PS3 fin/JellyFin---PS3/build/video.o
 *fill*         0x000000000001b0fc        0x4 60000000
 .text._Z9vdec_openv
                0x000000000001b100      0x394 /home/Monty/Desktop/PS3 fin/JellyFin---PS3/build/video.o
 *fill*         0x000000000001b494        0x4 60000000
 .text._Z10vdec_closev
                0x000000000001b498       0xdc /home/Monty/Desktop/PS3 fin/JellyFin---PS3/build/video.o
 *fill*         0x000000000001b574        0x4 60000000
 .text._Z10jbuf_allocjj
                0x000000000001b578      0x10c /home/Monty/Desktop/PS3 fin/JellyFin---PS3/build/video.o
 *fill*         0x000000000001b684        0x4 60000000
 .text._Z9jbuf_freev
                0x000000000001b688       0xa0 /home/Monty/Desktop/PS3 fin/JellyFin---PS3/build/video.o
 .text._Z9jbuf_peekv
                0x000000000001b728       0x44 /home/Monty/Desktop/PS3 fin/JellyFin---PS3/build/video.o
 *fill*         0x000000000001b76c        0x4 60000000
 .text._Z8jbuf_popv
                0x000000000001b770       0x40 /home/Monty/Desktop/PS3 fin/JellyFin---PS3/build/video.o
 .text._Z7jbuf_fwv
                0x000000000001b7b0       0x18 /home/Monty/Desktop/PS3 fin/JellyFin---PS3/build/video.o
 .text._Z7jbuf_fhv
                0x000000000001b7c8       0x18 /home/Monty/Desktop/PS3 fin/JellyFin---PS3/build/video.o
 .text._Z10jbuf_countv
                0x000000000001b7e0       0x1c /home/Monty/Desktop/PS3 fin/JellyFin---PS3/build/video.o
 *fill*         0x000000000001b7fc        0x4 60000000
 .text._Z15vdec_pull_framev
                0x000000000001b800      0x380 /home/Monty/Desktop/PS3 fin/JellyFin---PS3/build/video.o
 .text._Z11video_resetv
                0x000000000001bb80       0x8c /home/Monty/Desktop/PS3 fin/JellyFin---PS3/build/video.o
 *fill*         0x000000000001bc0c        0x4 60000000
 .text._Z13video_feed_tsPKh
                0x000000000001bc10      0x910 /home/Monty/Desktop/PS3 fin/JellyFin---PS3/build/video.o
 .text          0x000000000001c520        0x0 /home/Monty/ps3toolchain/PSL1GHT/ppu/lib/libvdec.a(sprx.o)
 .text          0x000000000001c520        0x0 /home/Monty/ps3toolchain/PSL1GHT/ppu/lib/libaudio.a(sprx.o)
 .text          0x000000000001c520        0x0 /home/Monty/ps3toolchain/PSL1GHT/ppu/lib/librsx.a(init.o)
 .text.rsxInit  0x000000000001c520       0x9c /home/Monty/ps3toolchain/PSL1GHT/ppu/lib/librsx.a(init.o)
 *fill*         0x000000000001c5bc        0x4 60000000
 .text.rsxSetupContextData
                0x000000000001c5c0       0x48 /home/Monty/ps3toolchain/PSL1GHT/ppu/lib/librsx.a(init.o)
 .text.rsxSetCurrentBuffer
                0x000000000001c608       0x48 /home/Monty/ps3toolchain/PSL1GHT/ppu/lib/librsx.a(init.o)
 .text.rsxSetDefaultCommandBuffer
                0x000000000001c650       0x50 /home/Monty/ps3toolchain/PSL1GHT/ppu/lib/librsx.a(init.o)
 .text.rsxSetUserCallback
                0x000000000001c6a0       0x18 /home/Monty/ps3toolchain/PSL1GHT/ppu/lib/librsx.a(init.o)
 .text.rsxGetCurrentBuffer
                0x000000000001c6b8       0x1c /home/Monty/ps3toolchain/PSL1GHT/ppu/lib/librsx.a(init.o)
 .text          0x000000000001c6d4        0x0 /home/Monty/ps3toolchain/PSL1GHT/ppu/lib/librsx.a(buffer.o)
 *fill*         0x000000000001c6d4        0x4 60000000
 .text.rsxResetCommandBufferUnsafe
                0x000000000001c6d8       0x80 /home/Monty/ps3toolchain/PSL1GHT/ppu/lib/librsx.a(buffer.o)
 .text.rsxFlushBufferUnsafe
                0x000000000001c758       0x78 /home/Monty/ps3toolchain/PSL1GHT/ppu/lib/librsx.a(buffer.o)
 .text.rsxFinishUnsafe
                0x000000000001c7d0       0x84 /home/Monty/ps3toolchain/PSL1GHT/ppu/lib/librsx.a(buffer.o)
 *fill*         0x000000000001c854        0x4 60000000
 .text.rsxResetCommandBuffer
                0x000000000001c858       0x80 /home/Monty/ps3toolchain/PSL1GHT/ppu/lib/librsx.a(buffer.o)
 .text.rsxFlushBuffer
                0x000000000001c8d8       0x10 /home/Monty/ps3toolchain/PSL1GHT/ppu/lib/librsx.a(buffer.o)
 .text.rsxFinish
                0x000000000001c8e8       0x84 /home/Monty/ps3toolchain/PSL1GHT/ppu/lib/librsx.a(buffer.o)
 .text          0x000000000001c96c        0x0 /home/Monty/ps3toolchain/PSL1GHT/ppu/lib/librsx.a(commands.o)
 *fill*         0x000000000001c96c        0x4 60000000
 .text.rsxSetReturnCommandUnsafe
                0x000000000001c970       0x24 /home/Monty/ps3toolchain/PSL1GHT/ppu/lib/librsx.a(commands.o)
 *fill*         0x000000000001c994        0x4 60000000
 .text.rsxSetCallCommandUnsafe
                0x000000000001c998       0x24 /home/Monty/ps3toolchain/PSL1GHT/ppu/lib/librsx.a(commands.o)
 *fill*         0x000000000001c9bc        0x4 60000000
 .text.rsxSetJumpCommandUnsafe
                0x000000000001c9c0       0x24 /home/Monty/ps3toolchain/PSL1GHT/ppu/lib/librsx.a(commands.o)
 *fill*         0x000000000001c9e4        0x4 60000000
 .text.rsxSetNopCommandUnsafe
                0x000000000001c9e8       0x98 /home/Monty/ps3toolchain/PSL1GHT/ppu/lib/librsx.a(commands.o)
 .text.rsxSetSkipNopUnsafe
                0x000000000001ca80       0x34 /home/Monty/ps3toolchain/PSL1GHT/ppu/lib/librsx.a(commands.o)
 *fill*         0x000000000001cab4        0x4 60000000
 .text.rsxSetClearColorUnsafe
                0x000000000001cab8       0x2c /home/Monty/ps3toolchain/PSL1GHT/ppu/lib/librsx.a(commands.o)
 *fill*         0x000000000001cae4        0x4 60000000
 .text.rsxSetClearDepthStencilUnsafe
                0x000000000001cae8       0x2c /home/Monty/ps3toolchain/PSL1GHT/ppu/lib/librsx.a(commands.o)
 *fill*         0x000000000001cb14        0x4 60000000
 .text.rsxSetReferenceCommandUnsafe
                0x000000000001cb18       0x2c /home/Monty/ps3toolchain/PSL1GHT/ppu/lib/librsx.a(commands.o)
 *fill*         0x000000000001cb44        0x4 60000000
 .text.rsxSetWriteBackendLabelUnsafe
                0x000000000001cb48       0x58 /home/Monty/ps3toolchain/PSL1GHT/ppu/lib/librsx.a(commands.o)
 .text.rsxSetWriteTextureLabelUnsafe
                0x000000000001cba0       0x40 /home/Monty/ps3toolchain/PSL1GHT/ppu/lib/librsx.a(commands.o)
 .text.rsxSetWaitLabelUnsafe
                0x000000000001cbe0       0x40 /home/Monty/ps3toolchain/PSL1GHT/ppu/lib/librsx.a(commands.o)
 .text.rsxSetWriteCommandLabelUnsafe
                0x000000000001cc20       0x40 /home/Monty/ps3toolchain/PSL1GHT/ppu/lib/librsx.a(commands.o)
 .text.rsxSetSurfaceUnsafe
                0x000000000001cc60      0x1cc /home/Monty/ps3toolchain/PSL1GHT/ppu/lib/librsx.a(commands.o)
 *fill*         0x000000000001ce2c        0x4 60000000
 .text.rsxSetColorMaskUnsafe
                0x000000000001ce30       0x2c /home/Monty/ps3toolchain/PSL1GHT/ppu/lib/librsx.a(commands.o)
 *fill*         0x000000000001ce5c        0x4 60000000
 .text.rsxSetColorMaskMrtUnsafe
                0x000000000001ce60       0x2c /home/Monty/ps3toolchain/PSL1GHT/ppu/lib/librsx.a(commands.o)
 *fill*         0x000000000001ce8c        0x4 60000000
 .text.rsxSetShadeModelUnsafe
                0x000000000001ce90       0x2c /home/Monty/ps3toolchain/PSL1GHT/ppu/lib/librsx.a(commands.o)
 *fill*         0x000000000001cebc        0x4 60000000
 .text.rsxSetViewportUnsafe
                0x000000000001cec0      0x108 /home/Monty/ps3toolchain/PSL1GHT/ppu/lib/librsx.a(commands.o)
 .text.rsxSetViewportClipUnsafe
                0x000000000001cfc8       0x44 /home/Monty/ps3toolchain/PSL1GHT/ppu/lib/librsx.a(commands.o)
 *fill*         0x000000000001d00c        0x4 60000000
 .text.rsxSetUserClipPlaneControlUnsafe
                0x000000000001d010       0x54 /home/Monty/ps3toolchain/PSL1GHT/ppu/lib/librsx.a(commands.o)
 *fill*         0x000000000001d064        0x4 60000000
 .text.rsxSetDepthTestEnableUnsafe
                0x000000000001d068       0x2c /home/Monty/ps3toolchain/PSL1GHT/ppu/lib/librsx.a(commands.o)
 *fill*         0x000000000001d094        0x4 60000000
 .text.rsxSetDepthFuncUnsafe
                0x000000000001d098       0x2c /home/Monty/ps3toolchain/PSL1GHT/ppu/lib/librsx.a(commands.o)
 *fill*         0x000000000001d0c4        0x4 60000000
 .text.rsxSetDepthWriteEnableUnsafe
                0x000000000001d0c8       0x2c /home/Monty/ps3toolchain/PSL1GHT/ppu/lib/librsx.a(commands.o)
 *fill*         0x000000000001d0f4        0x4 60000000
 .text.rsxSetDepthFormatUnsafe
                0x000000000001d0f8       0x34 /home/Monty/ps3toolchain/PSL1GHT/ppu/lib/librsx.a(commands.o)
 *fill*         0x000000000001d12c        0x4 60000000
 .text.rsxSetCullFaceEnableUnsafe
                0x000000000001d130       0x2c /home/Monty/ps3toolchain/PSL1GHT/ppu/lib/librsx.a(commands.o)
 *fill*         0x000000000001d15c        0x4 60000000
 .text.rsxSetCullFaceUnsafe
                0x000000000001d160       0x2c /home/Monty/ps3toolchain/PSL1GHT/ppu/lib/librsx.a(commands.o)
 *fill*         0x000000000001d18c        0x4 60000000
 .text.rsxSetFrontFaceUnsafe
                0x000000000001d190       0x2c /home/Monty/ps3toolchain/PSL1GHT/ppu/lib/librsx.a(commands.o)
 *fill*         0x000000000001d1bc        0x4 60000000
 .text.rsxSetFrontPolygonModeUnsafe
                0x000000000001d1c0       0x2c /home/Monty/ps3toolchain/PSL1GHT/ppu/lib/librsx.a(commands.o)
 *fill*         0x000000000001d1ec        0x4 60000000
 .text.rsxSetBackPolygonModeUnsafe
                0x000000000001d1f0       0x2c /home/Monty/ps3toolchain/PSL1GHT/ppu/lib/librsx.a(commands.o)
 *fill*         0x000000000001d21c        0x4 60000000
 .text.rsxSetPolygonOffsetFillEnableUnsafe
                0x000000000001d220       0x2c /home/Monty/ps3toolchain/PSL1GHT/ppu/lib/librsx.a(commands.o)
 *fill*         0x000000000001d24c        0x4 60000000
 .text.rsxSetPolygonOffsetUnsafe
                0x000000000001d250       0x40 /home/Monty/ps3toolchain/PSL1GHT/ppu/lib/librsx.a(commands.o)
 .text.rsxSetPolygonOffsetLineEnableUnsafe
                0x000000000001d290       0x2c /home/Monty/ps3toolchain/PSL1GHT/ppu/lib/librsx.a(commands.o)
 *fill*         0x000000000001d2bc        0x4 60000000
 .text.rsxClearSurfaceUnsafe
                0x000000000001d2c0       0x3c /home/Monty/ps3toolchain/PSL1GHT/ppu/lib/librsx.a(commands.o)
 *fill*         0x000000000001d2fc        0x4 60000000
 .text.rsxSetCylindricalWrapUnsafe
                0x000000000001d300       0x2c /home/Monty/ps3toolchain/PSL1GHT/ppu/lib/librsx.a(commands.o)
 *fill*         0x000000000001d32c        0x4 60000000
 .text.rsxSetTwoSideLightEnableUnsafe
                0x000000000001d330       0x2c /home/Monty/ps3toolchain/PSL1GHT/ppu/lib/librsx.a(commands.o)
 *fill*         0x000000000001d35c        0x4 60000000
 .text.rsxSetStencilFuncUnsafe
                0x000000000001d360       0x34 /home/Monty/ps3toolchain/PSL1GHT/ppu/lib/librsx.a(commands.o)
 *fill*         0x000000000001d394        0x4 60000000
 .text.rsxSetStencilMaskUnsafe
                0x000000000001d398       0x2c /home/Monty/ps3toolchain/PSL1GHT/ppu/lib/librsx.a(commands.o)
 *fill*         0x000000000001d3c4        0x4 60000000
 .text.rsxSetStencilOpUnsafe
                0x000000000001d3c8       0x34 /home/Monty/ps3toolchain/PSL1GHT/ppu/lib/librsx.a(commands.o)
 *fill*         0x000000000001d3fc        0x4 60000000
 .text.rsxSetStencilTestEnableUnsafe
                0x000000000001d400       0x2c /home/Monty/ps3toolchain/PSL1GHT/ppu/lib/librsx.a(commands.o)
 *fill*         0x000000000001d42c        0x4 60000000
 .text.rsxSetBackStencilFuncUnsafe
                0x000000000001d430       0x34 /home/Monty/ps3toolchain/PSL1GHT/ppu/lib/librsx.a(commands.o)
 *fill*         0x000000000001d464        0x4 60000000
 .text.rsxSetBackStencilMaskUnsafe
                0x000000000001d468       0x2c /home/Monty/ps3toolchain/PSL1GHT/ppu/lib/librsx.a(commands.o)
 *fill*         0x000000000001d494        0x4 60000000
 .text.rsxSetBackStencilOpUnsafe
                0x000000000001d498       0x34 /home/Monty/ps3toolchain/PSL1GHT/ppu/lib/librsx.a(commands.o)
 *fill*         0x000000000001d4cc        0x4 60000000
 .text.rsxSetTwoSidedStencilTestEnableUnsafe
                0x000000000001d4d0       0x2c /home/Monty/ps3toolchain/PSL1GHT/ppu/lib/librsx.a(commands.o)
 *fill*         0x000000000001d4fc        0x4 60000000
 .text.rsxSetRenderEnableUnsafe
                0x000000000001d500       0x70 /home/Monty/ps3toolchain/PSL1GHT/ppu/lib/librsx.a(commands.o)
 .text.rsxSetReportUnsafe
                0x000000000001d570       0x38 /home/Monty/ps3toolchain/PSL1GHT/ppu/lib/librsx.a(commands.o)
 .text.rsxSetClearReportUnsafe
                0x000000000001d5a8       0x2c /home/Monty/ps3toolchain/PSL1GHT/ppu/lib/librsx.a(commands.o)
 *fill*         0x000000000001d5d4        0x4 60000000
 .text.rsxSetZPixelCountEnableUnsafe
                0x000000000001d5d8       0x2c /home/Monty/ps3toolchain/PSL1GHT/ppu/lib/librsx.a(commands.o)
 *fill*         0x000000000001d604        0x4 60000000
 .text.rsxSetSCullControlUnsafe
                0x000000000001d608       0x3c /home/Monty/ps3toolchain/PSL1GHT/ppu/lib/librsx.a(commands.o)
 *fill*         0x000000000001d644        0x4 60000000
 .text.rsxSetZCullLimitUnsafe
                0x000000000001d648       0x34 /home/Monty/ps3toolchain/PSL1GHT/ppu/lib/librsx.a(commands.o)
 *fill*         0x000000000001d67c        0x4 60000000
 .text.rsxSetZCullStatsEnableUnsafe
                0x000000000001d680       0x2c /home/Monty/ps3toolchain/PSL1GHT/ppu/lib/librsx.a(commands.o)
 *fill*         0x000000000001d6ac        0x4 60000000
 .text.rsxSetZCullControlUnsafe
                0x000000000001d6b0       0x34 /home/Monty/ps3toolchain/PSL1GHT/ppu/lib/librsx.a(commands.o)
 *fill*         0x000000000001d6e4        0x4 60000000
 .text.rsxSetClearZCullSurfaceUnsafe
                0x000000000001d6e8       0x34 /home/Monty/ps3toolchain/PSL1GHT/ppu/lib/librsx.a(commands.o)
 *fill*         0x000000000001d71c        0x4 60000000
 .text.rsxSetZCullEnableUnsafe
                0x000000000001d720       0x34 /home/Monty/ps3toolchain/PSL1GHT/ppu/lib/librsx.a(commands.o)
 *fill*         0x000000000001d754        0x4 60000000
 .text.rsxSetZCullInvalidateUnsafe
                0x000000000001d758       0x2c /home/Monty/ps3toolchain/PSL1GHT/ppu/lib/librsx.a(commands.o)
 *fill*         0x000000000001d784        0x4 60000000
 .text.rsxSetPolygonSmoothEnableUnsafe
                0x000000000001d788       0x2c /home/Monty/ps3toolchain/PSL1GHT/ppu/lib/librsx.a(commands.o)
 *fill*         0x000000000001d7b4        0x4 60000000
 .text.rsxSetDitherEnableUnsafe
                0x000000000001d7b8       0x2c /home/Monty/ps3toolchain/PSL1GHT/ppu/lib/librsx.a(commands.o)
 *fill*         0x000000000001d7e4        0x4 60000000
 .text.rsxLoadVertexProgramBlockUnsafe
                0x000000000001d7e8      0x2ac /home/Monty/ps3toolchain/PSL1GHT/ppu/lib/librsx.a(commands.o)
 *fill*         0x000000000001da94        0x4 60000000
 .text.rsxLoadFragmentProgramLocationUnsafe
                0x000000000001da98      0x16c /home/Monty/ps3toolchain/PSL1GHT/ppu/lib/librsx.a(commands.o)
 *fill*         0x000000000001dc04        0x4 60000000
 .text.rsxUpdateFragmentProgramLocationUnsafe
                0x000000000001dc08       0x38 /home/Monty/ps3toolchain/PSL1GHT/ppu/lib/librsx.a(commands.o)
 .text.rsxSetFragmentProgramControlUnsafe
                0x000000000001dc40       0x54 /home/Monty/ps3toolchain/PSL1GHT/ppu/lib/librsx.a(commands.o)
 *fill*         0x000000000001dc94        0x4 60000000
 .text.rsxLoadVertexProgramParameterBlockUnsafe
                0x000000000001dc98      0x290 /home/Monty/ps3toolchain/PSL1GHT/ppu/lib/librsx.a(commands.o)
 .text.rsxLoadVertexProgramUnsafe
                0x000000000001df28       0xec /home/Monty/ps3toolchain/PSL1GHT/ppu/lib/librsx.a(commands.o)
 *fill*         0x000000000001e014        0x4 60000000
 .text.rsxSetVertexProgramParameterUnsafe
                0x000000000001e018      0x218 /home/Monty/ps3toolchain/PSL1GHT/ppu/lib/librsx.a(commands.o)
 .text.rsxSetVertexProgramConstantsUnsafe
                0x000000000001e230      0x210 /home/Monty/ps3toolchain/PSL1GHT/ppu/lib/librsx.a(commands.o)
 .text.rsxSetVertexAttribOutputMaskUnsafe
                0x000000000001e440       0x2c /home/Monty/ps3toolchain/PSL1GHT/ppu/lib/librsx.a(commands.o)
 *fill*         0x000000000001e46c        0x4 60000000
 .text.rsxSetFragmentProgramGammaEnableUnsafe
                0x000000000001e470       0x2c /home/Monty/ps3toolchain/PSL1GHT/ppu/lib/librsx.a(commands.o)
 *fill*         0x000000000001e49c        0x4 60000000
 .text.rsxDrawVertexBeginUnsafe
                0x000000000001e4a0       0x2c /home/Monty/ps3toolchain/PSL1GHT/ppu/lib/librsx.a(commands.o)
 *fill*         0x000000000001e4cc        0x4 60000000
 .text.rsxDrawVertexEndUnsafe
                0x000000000001e4d0       0x2c /home/Monty/ps3toolchain/PSL1GHT/ppu/lib/librsx.a(commands.o)
 *fill*         0x000000000001e4fc        0x4 60000000
 .text.rsxDrawVertex1fUnsafe
                0x000000000001e500       0x38 /home/Monty/ps3toolchain/PSL1GHT/ppu/lib/librsx.a(commands.o)
 .text.rsxDrawVertex2fUnsafe
                0x000000000001e538       0x40 /home/Monty/ps3toolchain/PSL1GHT/ppu/lib/librsx.a(commands.o)
 .text.rsxDrawVertex3fUnsafe
                0x000000000001e578       0x48 /home/Monty/ps3toolchain/PSL1GHT/ppu/lib/librsx.a(commands.o)
 .text.rsxDrawVertex4fUnsafe
                0x000000000001e5c0       0x48 /home/Monty/ps3toolchain/PSL1GHT/ppu/lib/librsx.a(commands.o)
 .text.rsxDrawVertex4sUnsafe
                0x000000000001e608       0x5c /home/Monty/ps3toolchain/PSL1GHT/ppu/lib/librsx.a(commands.o)
 *fill*         0x000000000001e664        0x4 60000000
 .text.rsxDrawVertexScaled4sUnsafe
                0x000000000001e668       0x5c /home/Monty/ps3toolchain/PSL1GHT/ppu/lib/librsx.a(commands.o)
 *fill*         0x000000000001e6c4        0x4 60000000
 .text.rsxDrawVertex2sUnsafe
                0x000000000001e6c8       0x44 /home/Monty/ps3toolchain/PSL1GHT/ppu/lib/librsx.a(commands.o)
 *fill*         0x000000000001e70c        0x4 60000000
 .text.rsxDrawVertex4ubUnsafe
                0x000000000001e710       0x34 /home/Monty/ps3toolchain/PSL1GHT/ppu/lib/librsx.a(commands.o)
 *fill*         0x000000000001e744        0x4 60000000
 .text.rsxSetFrequencyDividerOperationUnsafe
                0x000000000001e748       0x2c /home/Monty/ps3toolchain/PSL1GHT/ppu/lib/librsx.a(commands.o)
 *fill*         0x000000000001e774        0x4 60000000
 .text.rsxInvalidateVertexCacheUnsafe
                0x000000000001e778       0x44 /home/Monty/ps3toolchain/PSL1GHT/ppu/lib/librsx.a(commands.o)
 *fill*         0x000000000001e7bc        0x4 60000000
 .text.rsxInvalidateTextureCacheUnsafe
                0x000000000001e7c0       0x2c /home/Monty/ps3toolchain/PSL1GHT/ppu/lib/librsx.a(commands.o)
 *fill*         0x000000000001e7ec        0x4 60000000
 .text.rsxLoadTextureUnsafe
                0x000000000001e7f0       0xc0 /home/Monty/ps3toolchain/PSL1GHT/ppu/lib/librsx.a(commands.o)
 .text.rsxLoadVertexTextureUnsafe
                0x000000000001e8b0       0x8c /home/Monty/ps3toolchain/PSL1GHT/ppu/lib/librsx.a(commands.o)
 *fill*         0x000000000001e93c        0x4 60000000
 .text.rsxTextureControlUnsafe
                0x000000000001e940       0x4c /home/Monty/ps3toolchain/PSL1GHT/ppu/lib/librsx.a(commands.o)
 *fill*         0x000000000001e98c        0x4 60000000
 .text.rsxVertexTextureControlUnsafe
                0x000000000001e990       0x44 /home/Monty/ps3toolchain/PSL1GHT/ppu/lib/librsx.a(commands.o)
 *fill*         0x000000000001e9d4        0x4 60000000
 .text.rsxTextureFilterUnsafe
                0x000000000001e9d8       0x44 /home/Monty/ps3toolchain/PSL1GHT/ppu/lib/librsx.a(commands.o)
 *fill*         0x000000000001ea1c        0x4 60000000
 .text.rsxVertexTextureFilterUnsafe
                0x000000000001ea20       0x30 /home/Monty/ps3toolchain/PSL1GHT/ppu/lib/librsx.a(commands.o)
 .text.rsxTextureWrapModeUnsafe
                0x000000000001ea50       0x58 /home/Monty/ps3toolchain/PSL1GHT/ppu/lib/librsx.a(commands.o)
 .text.rsxVertexTextureWrapModeUnsafe
                0x000000000001eaa8       0x38 /home/Monty/ps3toolchain/PSL1GHT/ppu/lib/librsx.a(commands.o)
 .text.rsxTextureBorderColorUnsafe
                0x000000000001eae0       0x30 /home/Monty/ps3toolchain/PSL1GHT/ppu/lib/librsx.a(commands.o)
 .text.rsxVertexTextureBorderColorUnsafe
                0x000000000001eb10       0x30 /home/Monty/ps3toolchain/PSL1GHT/ppu/lib/librsx.a(commands.o)
 .text.rsxTextureOptimizationUnsafe
                0x000000000001eb40       0x44 /home/Monty/ps3toolchain/PSL1GHT/ppu/lib/librsx.a(commands.o)
 *fill*         0x000000000001eb84        0x4 60000000
 .text.rsxTextureAnisoSpreadUnsafe
                0x000000000001eb88       0x5c /home/Monty/ps3toolchain/PSL1GHT/ppu/lib/librsx.a(commands.o)
 *fill*         0x000000000001ebe4        0x4 60000000
 .text.rsxSetZMinMaxControlUnsafe
                0x000000000001ebe8       0x3c /home/Monty/ps3toolchain/PSL1GHT/ppu/lib/librsx.a(commands.o)
 *fill*         0x000000000001ec24        0x4 60000000
 .text.rsxSetDepthBoundsTestEnableUnsafe
                0x000000000001ec28       0x2c /home/Monty/ps3toolchain/PSL1GHT/ppu/lib/librsx.a(commands.o)
 *fill*         0x000000000001ec54        0x4 60000000
 .text.rsxSetDepthBoundsUnsafe
                0x000000000001ec58       0x40 /home/Monty/ps3toolchain/PSL1GHT/ppu/lib/librsx.a(commands.o)
 .text.rsxBindVertexArrayAttribUnsafe
                0x000000000001ec98       0x60 /home/Monty/ps3toolchain/PSL1GHT/ppu/lib/librsx.a(commands.o)
 .text.rsxDrawVertexArrayUnsafe
                0x000000000001ecf8      0x1e4 /home/Monty/ps3toolchain/PSL1GHT/ppu/lib/librsx.a(commands.o)
 *fill*         0x000000000001eedc        0x4 60000000
 .text.rsxDrawInlineVertexArrayUnsafe
                0x000000000001eee0      0x1a0 /home/Monty/ps3toolchain/PSL1GHT/ppu/lib/librsx.a(commands.o)
 .text.rsxDrawIndexArrayUnsafe
                0x000000000001f080      0x23c /home/Monty/ps3toolchain/PSL1GHT/ppu/lib/librsx.a(commands.o)
 *fill*         0x000000000001f2bc        0x4 60000000
 .text.rsxDrawInlineIndexArray16Unsafe
                0x000000000001f2c0      0x208 /home/Monty/ps3toolchain/PSL1GHT/ppu/lib/librsx.a(commands.o)
 .text.rsxDrawInlineIndexArray32Unsafe
                0x000000000001f4c8      0x1a8 /home/Monty/ps3toolchain/PSL1GHT/ppu/lib/librsx.a(commands.o)
 .text.rsxSetRestartIndexEnableUnsafe
                0x000000000001f670       0x2c /home/Monty/ps3toolchain/PSL1GHT/ppu/lib/librsx.a(commands.o)
 *fill*         0x000000000001f69c        0x4 60000000
 .text.rsxSetRestartIndexUnsafe
                0x000000000001f6a0       0x2c /home/Monty/ps3toolchain/PSL1GHT/ppu/lib/librsx.a(commands.o)
 *fill*         0x000000000001f6cc        0x4 60000000
 .text.rsxSetScissorUnsafe
                0x000000000001f6d0       0x40 /home/Monty/ps3toolchain/PSL1GHT/ppu/lib/librsx.a(commands.o)
 .text.rsxSetAntialiasingControlUnsafe
                0x000000000001f710       0x44 /home/Monty/ps3toolchain/PSL1GHT/ppu/lib/librsx.a(commands.o)
 *fill*         0x000000000001f754        0x4 60000000
 .text.rsxInlineTransferUnsafe
                0x000000000001f758      0x18c /home/Monty/ps3toolchain/PSL1GHT/ppu/lib/librsx.a(commands.o)
 *fill*         0x000000000001f8e4        0x4 60000000
 .text.rsxSetFragmentProgramParameterUnsafe
                0x000000000001f8e8      0x5d8 /home/Monty/ps3toolchain/PSL1GHT/ppu/lib/librsx.a(commands.o)
 .text.rsxSetAlphaFuncUnsafe
                0x000000000001fec0       0x30 /home/Monty/ps3toolchain/PSL1GHT/ppu/lib/librsx.a(commands.o)
 .text.rsxSetAlphaTestEnableUnsafe
                0x000000000001fef0       0x2c /home/Monty/ps3toolchain/PSL1GHT/ppu/lib/librsx.a(commands.o)
 *fill*         0x000000000001ff1c        0x4 60000000
 .text.rsxSetBlendFuncUnsafe
                0x000000000001ff20       0x40 /home/Monty/ps3toolchain/PSL1GHT/ppu/lib/librsx.a(commands.o)
 .text.rsxSetBlendEquationUnsafe
                0x000000000001ff60       0x34 /home/Monty/ps3toolchain/PSL1GHT/ppu/lib/librsx.a(commands.o)
 *fill*         0x000000000001ff94        0x4 60000000
 .text.rsxSetBlendColorUnsafe
                0x000000000001ff98       0x3c /home/Monty/ps3toolchain/PSL1GHT/ppu/lib/librsx.a(commands.o)
 *fill*         0x000000000001ffd4        0x4 60000000
 .text.rsxSetBlendEnableUnsafe
                0x000000000001ffd8       0x2c /home/Monty/ps3toolchain/PSL1GHT/ppu/lib/librsx.a(commands.o)
 *fill*         0x0000000000020004        0x4 60000000
 .text.rsxSetBlendOptimizationUnsafe
                0x0000000000020008       0x2c /home/Monty/ps3toolchain/PSL1GHT/ppu/lib/librsx.a(commands.o)
 *fill*         0x0000000000020034        0x4 60000000
 .text.rsxSetBlendEnableMrtUnsafe
                0x0000000000020038       0x40 /home/Monty/ps3toolchain/PSL1GHT/ppu/lib/librsx.a(commands.o)
 .text.rsxSetLogicOpUnsafe
                0x0000000000020078       0x2c /home/Monty/ps3toolchain/PSL1GHT/ppu/lib/librsx.a(commands.o)
 *fill*         0x00000000000200a4        0x4 60000000
 .text.rsxSetLogicOpEnableUnsafe
                0x00000000000200a8       0x2c /home/Monty/ps3toolchain/PSL1GHT/ppu/lib/librsx.a(commands.o)
 *fill*         0x00000000000200d4        0x4 60000000
 .text.rsxSetFogModeUnsafe
                0x00000000000200d8       0x2c /home/Monty/ps3toolchain/PSL1GHT/ppu/lib/librsx.a(commands.o)
 *fill*         0x0000000000020104        0x4 60000000
 .text.rsxSetFogParamsUnsafe
                0x0000000000020108       0x40 /home/Monty/ps3toolchain/PSL1GHT/ppu/lib/librsx.a(commands.o)
 .text.rsxSetTransformBranchBitsUnsafe
                0x0000000000020148       0x2c /home/Monty/ps3toolchain/PSL1GHT/ppu/lib/librsx.a(commands.o)
 *fill*         0x0000000000020174        0x4 60000000
 .text.rsxSetPointSpriteControlUnsafe
                0x0000000000020178       0x48 /home/Monty/ps3toolchain/PSL1GHT/ppu/lib/librsx.a(commands.o)
 .text.rsxSetPointSizeUnsafe
                0x00000000000201c0       0x34 /home/Monty/ps3toolchain/PSL1GHT/ppu/lib/librsx.a(commands.o)
 *fill*         0x00000000000201f4        0x4 60000000
 .text.rsxSetTransferDataUnsafe
                0x00000000000201f8      0x1a4 /home/Monty/ps3toolchain/PSL1GHT/ppu/lib/librsx.a(commands.o)
 *fill*         0x000000000002039c        0x4 60000000
 .text.rsxSetTransferDataModeUnsafe
                0x00000000000203a0       0x70 /home/Monty/ps3toolchain/PSL1GHT/ppu/lib/librsx.a(commands.o)
 .text.rsxSetTransferDataOffsetUnsafe
                0x0000000000020410       0x5c /home/Monty/ps3toolchain/PSL1GHT/ppu/lib/librsx.a(commands.o)
 *fill*         0x000000000002046c        0x4 60000000
 .text.rsxSetTransferDataFormatUnsafe
                0x0000000000020470       0x44 /home/Monty/ps3toolchain/PSL1GHT/ppu/lib/librsx.a(commands.o)
 *fill*         0x00000000000204b4        0x4 60000000
 .text.rsxSetTransferImageUnsafe
                0x00000000000204b8      0x4ac /home/Monty/ps3toolchain/PSL1GHT/ppu/lib/librsx.a(commands.o)
 *fill*         0x0000000000020964        0x4 60000000
 .text.rsxSetTransferScaleModeUnsafe
                0x0000000000020968       0xe8 /home/Monty/ps3toolchain/PSL1GHT/ppu/lib/librsx.a(commands.o)
 .text.rsxSetTransferScaleSurfaceUnsafe
                0x0000000000020a50      0x140 /home/Monty/ps3toolchain/PSL1GHT/ppu/lib/librsx.a(commands.o)
 .text.rsxSetTransferScaleSwizzleUnsafe
                0x0000000000020b90      0x140 /home/Monty/ps3toolchain/PSL1GHT/ppu/lib/librsx.a(commands.o)
 .text.rsxSetTimeStampUnsafe
                0x0000000000020cd0       0x34 /home/Monty/ps3toolchain/PSL1GHT/ppu/lib/librsx.a(commands.o)
 *fill*         0x0000000000020d04        0x4 60000000
 .text.rsxSetWaitForIdleUnsafe
                0x0000000000020d08       0x2c /home/Monty/ps3toolchain/PSL1GHT/ppu/lib/librsx.a(commands.o)
 *fill*         0x0000000000020d34        0x4 60000000
 .text.rsxContextCallback
                0x0000000000020d38       0x50 /home/Monty/ps3toolchain/PSL1GHT/ppu/lib/librsx.a(commands.o)
 .text.rsxSetReturnCommand
                0x0000000000020d88       0x90 /home/Monty/ps3toolchain/PSL1GHT/ppu/lib/librsx.a(commands.o)
 .text.rsxSetCallCommand
                0x0000000000020e18       0x9c /home/Monty/ps3toolchain/PSL1GHT/ppu/lib/librsx.a(commands.o)
 *fill*         0x0000000000020eb4        0x4 60000000
 .text.rsxSetJumpCommand
                0x0000000000020eb8       0x9c /home/Monty/ps3toolchain/PSL1GHT/ppu/lib/librsx.a(commands.o)
 *fill*         0x0000000000020f54        0x4 60000000
 .text.rsxSetNopCommand
                0x0000000000020f58      0x118 /home/Monty/ps3toolchain/PSL1GHT/ppu/lib/librsx.a(commands.o)
 .text.rsxSetSkipNop
                0x0000000000021070       0xc0 /home/Monty/ps3toolchain/PSL1GHT/ppu/lib/librsx.a(commands.o)
 .text.rsxSetClearColor
                0x0000000000021130       0xa4 /home/Monty/ps3toolchain/PSL1GHT/ppu/lib/librsx.a(commands.o)
 *fill*         0x00000000000211d4        0x4 60000000
 .text.rsxSetClearDepthStencil
                0x00000000000211d8       0xa4 /home/Monty/ps3toolchain/PSL1GHT/ppu/lib/librsx.a(commands.o)
 *fill*         0x000000000002127c        0x4 60000000
 .text.rsxSetReferenceCommand
                0x0000000000021280       0xa4 /home/Monty/ps3toolchain/PSL1GHT/ppu/lib/librsx.a(commands.o)
 *fill*         0x0000000000021324        0x4 60000000
 .text.rsxSetWriteBackendLabel
                0x0000000000021328       0xd8 /home/Monty/ps3toolchain/PSL1GHT/ppu/lib/librsx.a(commands.o)
 .text.rsxSetWriteTextureLabel
                0x0000000000021400       0xbc /home/Monty/ps3toolchain/PSL1GHT/ppu/lib/librsx.a(commands.o)
 *fill*         0x00000000000214bc        0x4 60000000
 .text.rsxSetWaitLabel
                0x00000000000214c0       0xbc /home/Monty/ps3toolchain/PSL1GHT/ppu/lib/librsx.a(commands.o)
 *fill*         0x000000000002157c        0x4 60000000
 .text.rsxSetWriteCommandLabel
                0x0000000000021580       0xbc /home/Monty/ps3toolchain/PSL1GHT/ppu/lib/librsx.a(commands.o)
 *fill*         0x000000000002163c        0x4 60000000
 .text.rsxSetSurface
                0x0000000000021640      0x254 /home/Monty/ps3toolchain/PSL1GHT/ppu/lib/librsx.a(commands.o)
 *fill*         0x0000000000021894        0x4 60000000
 .text.rsxSetColorMask
                0x0000000000021898       0xa4 /home/Monty/ps3toolchain/PSL1GHT/ppu/lib/librsx.a(commands.o)
 *fill*         0x000000000002193c        0x4 60000000
 .text.rsxSetColorMaskMrt
                0x0000000000021940       0xa4 /home/Monty/ps3toolchain/PSL1GHT/ppu/lib/librsx.a(commands.o)
 *fill*         0x00000000000219e4        0x4 60000000
 .text.rsxSetShadeModel
                0x00000000000219e8       0xa4 /home/Monty/ps3toolchain/PSL1GHT/ppu/lib/librsx.a(commands.o)
 *fill*         0x0000000000021a8c        0x4 60000000
 .text.rsxSetViewport
                0x0000000000021a90      0x1e8 /home/Monty/ps3toolchain/PSL1GHT/ppu/lib/librsx.a(commands.o)
 .text.rsxSetViewportClip
                0x0000000000021c78       0xcc /home/Monty/ps3toolchain/PSL1GHT/ppu/lib/librsx.a(commands.o)
 *fill*         0x0000000000021d44        0x4 60000000
 .text.rsxSetUserClipPlaneControl
                0x0000000000021d48       0xf4 /home/Monty/ps3toolchain/PSL1GHT/ppu/lib/librsx.a(commands.o)
 *fill*         0x0000000000021e3c        0x4 60000000
 .text.rsxSetDepthTestEnable
                0x0000000000021e40       0xa4 /home/Monty/ps3toolchain/PSL1GHT/ppu/lib/librsx.a(commands.o)
 *fill*         0x0000000000021ee4        0x4 60000000
 .text.rsxSetDepthFunc
                0x0000000000021ee8       0xa4 /home/Monty/ps3toolchain/PSL1GHT/ppu/lib/librsx.a(commands.o)
 *fill*         0x0000000000021f8c        0x4 60000000
 .text.rsxSetDepthWriteEnable
                0x0000000000021f90       0xa4 /home/Monty/ps3toolchain/PSL1GHT/ppu/lib/librsx.a(commands.o)
 *fill*         0x0000000000022034        0x4 60000000
 .text.rsxSetDepthFormat
                0x0000000000022038       0xac /home/Monty/ps3toolchain/PSL1GHT/ppu/lib/librsx.a(commands.o)
 *fill*         0x00000000000220e4        0x4 60000000
 .text.rsxSetCullFaceEnable
                0x00000000000220e8       0xa4 /home/Monty/ps3toolchain/PSL1GHT/ppu/lib/librsx.a(commands.o)
 *fill*         0x000000000002218c        0x4 60000000
 .text.rsxSetCullFace
                0x0000000000022190       0xa4 /home/Monty/ps3toolchain/PSL1GHT/ppu/lib/librsx.a(commands.o)
 *fill*         0x0000000000022234        0x4 60000000
 .text.rsxSetFrontFace
                0x0000000000022238       0xa4 /home/Monty/ps3toolchain/PSL1GHT/ppu/lib/librsx.a(commands.o)
 *fill*         0x00000000000222dc        0x4 60000000
 .text.rsxSetFrontPolygonMode
                0x00000000000222e0       0xa4 /home/Monty/ps3toolchain/PSL1GHT/ppu/lib/librsx.a(commands.o)
 *fill*         0x0000000000022384        0x4 60000000
 .text.rsxSetBackPolygonMode
                0x0000000000022388       0xa4 /home/Monty/ps3toolchain/PSL1GHT/ppu/lib/librsx.a(commands.o)
 *fill*         0x000000000002242c        0x4 60000000
 .text.rsxSetPolygonOffsetFillEnable
                0x0000000000022430       0xa4 /home/Monty/ps3toolchain/PSL1GHT/ppu/lib/librsx.a(commands.o)
 *fill*         0x00000000000224d4        0x4 60000000
 .text.rsxSetPolygonOffset
                0x00000000000224d8       0xc0 /home/Monty/ps3toolchain/PSL1GHT/ppu/lib/librsx.a(commands.o)
 .text.rsxSetPolygonOffsetLineEnable
                0x0000000000022598       0xa4 /home/Monty/ps3toolchain/PSL1GHT/ppu/lib/librsx.a(commands.o)
 *fill*         0x000000000002263c        0x4 60000000
 .text.rsxClearSurface
                0x0000000000022640       0xb4 /home/Monty/ps3toolchain/PSL1GHT/ppu/lib/librsx.a(commands.o)
 *fill*         0x00000000000226f4        0x4 60000000
 .text.rsxSetCylindricalWrap
                0x00000000000226f8       0xa4 /home/Monty/ps3toolchain/PSL1GHT/ppu/lib/librsx.a(commands.o)
 *fill*         0x000000000002279c        0x4 60000000
 .text.rsxSetTwoSideLightEnable
                0x00000000000227a0       0xa4 /home/Monty/ps3toolchain/PSL1GHT/ppu/lib/librsx.a(commands.o)
 *fill*         0x0000000000022844        0x4 60000000
 .text.rsxSetStencilFunc
                0x0000000000022848       0xbc /home/Monty/ps3toolchain/PSL1GHT/ppu/lib/librsx.a(commands.o)
 *fill*         0x0000000000022904        0x4 60000000
 .text.rsxSetStencilMask
                0x0000000000022908       0xa4 /home/Monty/ps3toolchain/PSL1GHT/ppu/lib/librsx.a(commands.o)
 *fill*         0x00000000000229ac        0x4 60000000
 .text.rsxSetStencilOp
                0x00000000000229b0       0xbc /home/Monty/ps3toolchain/PSL1GHT/ppu/lib/librsx.a(commands.o)
 *fill*         0x0000000000022a6c        0x4 60000000
 .text.rsxSetStencilTestEnable
                0x0000000000022a70       0xa4 /home/Monty/ps3toolchain/PSL1GHT/ppu/lib/librsx.a(commands.o)
 *fill*         0x0000000000022b14        0x4 60000000
 .text.rsxSetBackStencilFunc
                0x0000000000022b18       0xbc /home/Monty/ps3toolchain/PSL1GHT/ppu/lib/librsx.a(commands.o)
 *fill*         0x0000000000022bd4        0x4 60000000
 .text.rsxSetBackStencilMask
                0x0000000000022bd8       0xa4 /home/Monty/ps3toolchain/PSL1GHT/ppu/lib/librsx.a(commands.o)
 *fill*         0x0000000000022c7c        0x4 60000000
 .text.rsxSetBackStencilOp
                0x0000000000022c80       0xbc /home/Monty/ps3toolchain/PSL1GHT/ppu/lib/librsx.a(commands.o)
 *fill*         0x0000000000022d3c        0x4 60000000
 .text.rsxSetTwoSidedStencilTestEnable
                0x0000000000022d40       0xa4 /home/Monty/ps3toolchain/PSL1GHT/ppu/lib/librsx.a(commands.o)
 *fill*         0x0000000000022de4        0x4 60000000
 .text.rsxSetRenderEnable
                0x0000000000022de8      0x124 /home/Monty/ps3toolchain/PSL1GHT/ppu/lib/librsx.a(commands.o)
 *fill*         0x0000000000022f0c        0x4 60000000
 .text.rsxSetReport
                0x0000000000022f10       0xc0 /home/Monty/ps3toolchain/PSL1GHT/ppu/lib/librsx.a(commands.o)
 .text.rsxSetClearReport
                0x0000000000022fd0       0xa4 /home/Monty/ps3toolchain/PSL1GHT/ppu/lib/librsx.a(commands.o)
 *fill*         0x0000000000023074        0x4 60000000
 .text.rsxSetZPixelCountEnable
                0x0000000000023078       0xa4 /home/Monty/ps3toolchain/PSL1GHT/ppu/lib/librsx.a(commands.o)
 *fill*         0x000000000002311c        0x4 60000000
 .text.rsxSetSCullControl
                0x0000000000023120       0xc4 /home/Monty/ps3toolchain/PSL1GHT/ppu/lib/librsx.a(commands.o)
 *fill*         0x00000000000231e4        0x4 60000000
 .text.rsxSetZCullLimit
                0x00000000000231e8       0xb4 /home/Monty/ps3toolchain/PSL1GHT/ppu/lib/librsx.a(commands.o)
 *fill*         0x000000000002329c        0x4 60000000
 .text.rsxSetZCullStatsEnable
                0x00000000000232a0       0xa4 /home/Monty/ps3toolchain/PSL1GHT/ppu/lib/librsx.a(commands.o)
 *fill*         0x0000000000023344        0x4 60000000
 .text.rsxSetZCullControl
                0x0000000000023348       0xb4 /home/Monty/ps3toolchain/PSL1GHT/ppu/lib/librsx.a(commands.o)
 *fill*         0x00000000000233fc        0x4 60000000
 .text.rsxSetClearZCullSurface
                0x0000000000023400       0xb4 /home/Monty/ps3toolchain/PSL1GHT/ppu/lib/librsx.a(commands.o)
 *fill*         0x00000000000234b4        0x4 60000000
 .text.rsxSetZCullEnable
                0x00000000000234b8       0xb4 /home/Monty/ps3toolchain/PSL1GHT/ppu/lib/librsx.a(commands.o)
 *fill*         0x000000000002356c        0x4 60000000
 .text.rsxSetZCullInvalidate
                0x0000000000023570       0x98 /home/Monty/ps3toolchain/PSL1GHT/ppu/lib/librsx.a(commands.o)
 .text.rsxSetPolygonSmoothEnable
                0x0000000000023608       0xa4 /home/Monty/ps3toolchain/PSL1GHT/ppu/lib/librsx.a(commands.o)
 *fill*         0x00000000000236ac        0x4 60000000
 .text.rsxSetDitherEnable
                0x00000000000236b0       0xa4 /home/Monty/ps3toolchain/PSL1GHT/ppu/lib/librsx.a(commands.o)
 *fill*         0x0000000000023754        0x4 60000000
 .text.rsxLoadVertexProgramBlock
                0x0000000000023758      0x384 /home/Monty/ps3toolchain/PSL1GHT/ppu/lib/librsx.a(commands.o)
 *fill*         0x0000000000023adc        0x4 60000000
 .text.rsxLoadFragmentProgramLocation
                0x0000000000023ae0      0x228 /home/Monty/ps3toolchain/PSL1GHT/ppu/lib/librsx.a(commands.o)
 .text.rsxUpdateFragmentProgramLocation
                0x0000000000023d08       0xbc /home/Monty/ps3toolchain/PSL1GHT/ppu/lib/librsx.a(commands.o)
 *fill*         0x0000000000023dc4        0x4 60000000
 .text.rsxSetFragmentProgramControl
                0x0000000000023dc8       0xd4 /home/Monty/ps3toolchain/PSL1GHT/ppu/lib/librsx.a(commands.o)
 *fill*         0x0000000000023e9c        0x4 60000000
 .text.rsxLoadVertexProgramParameterBlock
                0x0000000000023ea0      0x320 /home/Monty/ps3toolchain/PSL1GHT/ppu/lib/librsx.a(commands.o)
 .text.rsxLoadVertexProgram
                0x00000000000241c0       0xec /home/Monty/ps3toolchain/PSL1GHT/ppu/lib/librsx.a(commands.o)
 *fill*         0x00000000000242ac        0x4 60000000
 .text.rsxSetVertexProgramParameter
                0x00000000000242b0      0x218 /home/Monty/ps3toolchain/PSL1GHT/ppu/lib/librsx.a(commands.o)
 .text.rsxSetVertexProgramConstants
                0x00000000000244c8      0x29c /home/Monty/ps3toolchain/PSL1GHT/ppu/lib/librsx.a(commands.o)
 *fill*         0x0000000000024764        0x4 60000000
 .text.rsxSetVertexAttribOutputMask
                0x0000000000024768       0xa4 /home/Monty/ps3toolchain/PSL1GHT/ppu/lib/librsx.a(commands.o)
 *fill*         0x000000000002480c        0x4 60000000
 .text.rsxSetFragmentProgramGammaEnable
                0x0000000000024810       0xa4 /home/Monty/ps3toolchain/PSL1GHT/ppu/lib/librsx.a(commands.o)
 *fill*         0x00000000000248b4        0x4 60000000
 .text.rsxDrawVertexBegin
                0x00000000000248b8       0xa4 /home/Monty/ps3toolchain/PSL1GHT/ppu/lib/librsx.a(commands.o)
 *fill*         0x000000000002495c        0x4 60000000
 .text.rsxDrawVertexEnd
                0x0000000000024960       0x98 /home/Monty/ps3toolchain/PSL1GHT/ppu/lib/librsx.a(commands.o)
 .text.rsxDrawVertex1f
                0x00000000000249f8       0xc0 /home/Monty/ps3toolchain/PSL1GHT/ppu/lib/librsx.a(commands.o)
 .text.rsxDrawVertex2f
                0x0000000000024ab8       0xbc /home/Monty/ps3toolchain/PSL1GHT/ppu/lib/librsx.a(commands.o)
 *fill*         0x0000000000024b74        0x4 60000000
 .text.rsxDrawVertex3f
                0x0000000000024b78       0xbc /home/Monty/ps3toolchain/PSL1GHT/ppu/lib/librsx.a(commands.o)
 *fill*         0x0000000000024c34        0x4 60000000
 .text.rsxDrawVertex4f
                0x0000000000024c38       0xbc /home/Monty/ps3toolchain/PSL1GHT/ppu/lib/librsx.a(commands.o)
 *fill*         0x0000000000024cf4        0x4 60000000
 .text.rsxDrawVertex4s
                0x0000000000024cf8       0xdc /home/Monty/ps3toolchain/PSL1GHT/ppu/lib/librsx.a(commands.o)
 *fill*         0x0000000000024dd4        0x4 60000000
 .text.rsxDrawVertexScaled4s
                0x0000000000024dd8       0xdc /home/Monty/ps3toolchain/PSL1GHT/ppu/lib/librsx.a(commands.o)
 *fill*         0x0000000000024eb4        0x4 60000000
 .text.rsxDrawVertex2s
                0x0000000000024eb8       0xc4 /home/Monty/ps3toolchain/PSL1GHT/ppu/lib/librsx.a(commands.o)
 *fill*         0x0000000000024f7c        0x4 60000000
 .text.rsxDrawVertex4ub
                0x0000000000024f80       0xb4 /home/Monty/ps3toolchain/PSL1GHT/ppu/lib/librsx.a(commands.o)
 *fill*         0x0000000000025034        0x4 60000000
 .text.rsxSetFrequencyDividerOperation
                0x0000000000025038       0xa4 /home/Monty/ps3toolchain/PSL1GHT/ppu/lib/librsx.a(commands.o)
 *fill*         0x00000000000250dc        0x4 60000000
 .text.rsxInvalidateVertexCache
                0x00000000000250e0       0xb0 /home/Monty/ps3toolchain/PSL1GHT/ppu/lib/librsx.a(commands.o)
 .text.rsxInvalidateTextureCache
                0x0000000000025190       0xa4 /home/Monty/ps3toolchain/PSL1GHT/ppu/lib/librsx.a(commands.o)
 *fill*         0x0000000000025234        0x4 60000000
 .text.rsxLoadTexture
                0x0000000000025238      0x144 /home/Monty/ps3toolchain/PSL1GHT/ppu/lib/librsx.a(commands.o)
 *fill*         0x000000000002537c        0x4 60000000
 .text.rsxLoadVertexTexture
                0x0000000000025380      0x134 /home/Monty/ps3toolchain/PSL1GHT/ppu/lib/librsx.a(commands.o)
 *fill*         0x00000000000254b4        0x4 60000000
 .text.rsxTextureControl
                0x00000000000254b8       0xe4 /home/Monty/ps3toolchain/PSL1GHT/ppu/lib/librsx.a(commands.o)
 *fill*         0x000000000002559c        0x4 60000000
 .text.rsxVertexTextureControl
                0x00000000000255a0       0xd4 /home/Monty/ps3toolchain/PSL1GHT/ppu/lib/librsx.a(commands.o)
 *fill*         0x0000000000025674        0x4 60000000
 .text.rsxTextureFilter
                0x0000000000025678       0xdc /home/Monty/ps3toolchain/PSL1GHT/ppu/lib/librsx.a(commands.o)
 *fill*         0x0000000000025754        0x4 60000000
 .text.rsxVertexTextureFilter
                0x0000000000025758       0xb4 /home/Monty/ps3toolchain/PSL1GHT/ppu/lib/librsx.a(commands.o)
 *fill*         0x000000000002580c        0x4 60000000
 .text.rsxTextureWrapMode
                0x0000000000025810      0x104 /home/Monty/ps3toolchain/PSL1GHT/ppu/lib/librsx.a(commands.o)
 *fill*         0x0000000000025914        0x4 60000000
 .text.rsxVertexTextureWrapMode
                0x0000000000025918       0xc4 /home/Monty/ps3toolchain/PSL1GHT/ppu/lib/librsx.a(commands.o)
 *fill*         0x00000000000259dc        0x4 60000000
 .text.rsxTextureBorderColor
                0x00000000000259e0       0xb4 /home/Monty/ps3toolchain/PSL1GHT/ppu/lib/librsx.a(commands.o)
 *fill*         0x0000000000025a94        0x4 60000000
 .text.rsxVertexTextureBorderColor
                0x0000000000025a98       0xb4 /home/Monty/ps3toolchain/PSL1GHT/ppu/lib/librsx.a(commands.o)
 *fill*         0x0000000000025b4c        0x4 60000000
 .text.rsxTextureOptimization
                0x0000000000025b50       0xd4 /home/Monty/ps3toolchain/PSL1GHT/ppu/lib/librsx.a(commands.o)
 *fill*         0x0000000000025c24        0x4 60000000
 .text.rsxTextureAnisoSpread
                0x0000000000025c28       0xe0 /home/Monty/ps3toolchain/PSL1GHT/ppu/lib/librsx.a(commands.o)
 .text.rsxSetZMinMaxControl
                0x0000000000025d08       0xc4 /home/Monty/ps3toolchain/PSL1GHT/ppu/lib/librsx.a(commands.o)
 *fill*         0x0000000000025dcc        0x4 60000000
 .text.rsxSetDepthBoundsTestEnable
                0x0000000000025dd0       0xa4 /home/Monty/ps3toolchain/PSL1GHT/ppu/lib/librsx.a(commands.o)
 *fill*         0x0000000000025e74        0x4 60000000
 .text.rsxSetDepthBounds
                0x0000000000025e78       0xc0 /home/Monty/ps3toolchain/PSL1GHT/ppu/lib/librsx.a(commands.o)
 .text.rsxBindVertexArrayAttrib
                0x0000000000025f38      0x10c /home/Monty/ps3toolchain/PSL1GHT/ppu/lib/librsx.a(commands.o)
 *fill*         0x0000000000026044        0x4 60000000
 .text.rsxDrawVertexArray
                0x0000000000026048      0x2ec /home/Monty/ps3toolchain/PSL1GHT/ppu/lib/librsx.a(commands.o)
 *fill*         0x0000000000026334        0x4 60000000
 .text.rsxDrawInlineVertexArray
                0x0000000000026338      0x294 /home/Monty/ps3toolchain/PSL1GHT/ppu/lib/librsx.a(commands.o)
 *fill*         0x00000000000265cc        0x4 60000000
 .text.rsxDrawIndexArray
                0x00000000000265d0      0x398 /home/Monty/ps3toolchain/PSL1GHT/ppu/lib/librsx.a(commands.o)
 .text.rsxDrawInlineIndexArray16
                0x0000000000026968      0x334 /home/Monty/ps3toolchain/PSL1GHT/ppu/lib/librsx.a(commands.o)
 *fill*         0x0000000000026c9c        0x4 60000000
 .text.rsxDrawInlineIndexArray32
                0x0000000000026ca0      0x29c /home/Monty/ps3toolchain/PSL1GHT/ppu/lib/librsx.a(commands.o)
 *fill*         0x0000000000026f3c        0x4 60000000
 .text.rsxSetRestartIndexEnable
                0x0000000000026f40       0xa4 /home/Monty/ps3toolchain/PSL1GHT/ppu/lib/librsx.a(commands.o)
 *fill*         0x0000000000026fe4        0x4 60000000
 .text.rsxSetRestartIndex
                0x0000000000026fe8       0xa4 /home/Monty/ps3toolchain/PSL1GHT/ppu/lib/librsx.a(commands.o)
 *fill*         0x000000000002708c        0x4 60000000
 .text.rsxSetScissor
                0x0000000000027090       0xd4 /home/Monty/ps3toolchain/PSL1GHT/ppu/lib/librsx.a(commands.o)
 *fill*         0x0000000000027164        0x4 60000000
 .text.rsxSetAntialiasingControl
                0x0000000000027168       0xd4 /home/Monty/ps3toolchain/PSL1GHT/ppu/lib/librsx.a(commands.o)
 *fill*         0x000000000002723c        0x4 60000000
 .text.rsxInlineTransfer
                0x0000000000027240      0x23c /home/Monty/ps3toolchain/PSL1GHT/ppu/lib/librsx.a(commands.o)
 *fill*         0x000000000002747c        0x4 60000000
 .text.rsxSetFragmentProgramParameter
                0x0000000000027480      0x5d8 /home/Monty/ps3toolchain/PSL1GHT/ppu/lib/librsx.a(commands.o)
 .text.rsxSetAlphaFunc
                0x0000000000027a58       0xb4 /home/Monty/ps3toolchain/PSL1GHT/ppu/lib/librsx.a(commands.o)
 *fill*         0x0000000000027b0c        0x4 60000000
 .text.rsxSetAlphaTestEnable
                0x0000000000027b10       0xa4 /home/Monty/ps3toolchain/PSL1GHT/ppu/lib/librsx.a(commands.o)
 *fill*         0x0000000000027bb4        0x4 60000000
 .text.rsxSetBlendFunc
                0x0000000000027bb8       0xd4 /home/Monty/ps3toolchain/PSL1GHT/ppu/lib/librsx.a(commands.o)
 *fill*         0x0000000000027c8c        0x4 60000000
 .text.rsxSetBlendEquation
                0x0000000000027c90       0xb4 /home/Monty/ps3toolchain/PSL1GHT/ppu/lib/librsx.a(commands.o)
 *fill*         0x0000000000027d44        0x4 60000000
 .text.rsxSetBlendColor
                0x0000000000027d48       0xbc /home/Monty/ps3toolchain/PSL1GHT/ppu/lib/librsx.a(commands.o)
 *fill*         0x0000000000027e04        0x4 60000000
 .text.rsxSetBlendEnable
                0x0000000000027e08       0xa4 /home/Monty/ps3toolchain/PSL1GHT/ppu/lib/librsx.a(commands.o)
 *fill*         0x0000000000027eac        0x4 60000000
 .text.rsxSetBlendOptimization
                0x0000000000027eb0       0xa4 /home/Monty/ps3toolchain/PSL1GHT/ppu/lib/librsx.a(commands.o)
 *fill*         0x0000000000027f54        0x4 60000000
 .text.rsxSetBlendEnableMrt
                0x0000000000027f58       0xcc /home/Monty/ps3toolchain/PSL1GHT/ppu/lib/librsx.a(commands.o)
 *fill*         0x0000000000028024        0x4 60000000
 .text.rsxSetLogicOp
                0x0000000000028028       0xa4 /home/Monty/ps3toolchain/PSL1GHT/ppu/lib/librsx.a(commands.o)
 *fill*         0x00000000000280cc        0x4 60000000
 .text.rsxSetLogicOpEnable
                0x00000000000280d0       0xa4 /home/Monty/ps3toolchain/PSL1GHT/ppu/lib/librsx.a(commands.o)
 *fill*         0x0000000000028174        0x4 60000000
 .text.rsxSetFogMode
                0x0000000000028178       0xa4 /home/Monty/ps3toolchain/PSL1GHT/ppu/lib/librsx.a(commands.o)
 *fill*         0x000000000002821c        0x4 60000000
 .text.rsxSetFogParams
                0x0000000000028220       0xc0 /home/Monty/ps3toolchain/PSL1GHT/ppu/lib/librsx.a(commands.o)
 .text.rsxSetTransformBranchBits
                0x00000000000282e0       0xa4 /home/Monty/ps3toolchain/PSL1GHT/ppu/lib/librsx.a(commands.o)
 *fill*         0x0000000000028384        0x4 60000000
 .text.rsxSetPointSpriteControl
                0x0000000000028388       0xd4 /home/Monty/ps3toolchain/PSL1GHT/ppu/lib/librsx.a(commands.o)
 *fill*         0x000000000002845c        0x4 60000000
 .text.rsxSetPointSize
                0x0000000000028460       0xac /home/Monty/ps3toolchain/PSL1GHT/ppu/lib/librsx.a(commands.o)
 *fill*         0x000000000002850c        0x4 60000000
 .text.rsxSetTransferData
                0x0000000000028510      0x244 /home/Monty/ps3toolchain/PSL1GHT/ppu/lib/librsx.a(commands.o)
 *fill*         0x0000000000028754        0x4 60000000
 .text.rsxSetConvertSwizzleFormatUnsafe
                0x0000000000028758      0x7a8 /home/Monty/ps3toolchain/PSL1GHT/ppu/lib/librsx.a(commands.o)
 .text.rsxSetTransferDataMode
                0x0000000000028f00       0xec /home/Monty/ps3toolchain/PSL1GHT/ppu/lib/librsx.a(commands.o)
 *fill*         0x0000000000028fec        0x4 60000000
 .text.rsxSetTransferDataOffset
                0x0000000000028ff0      0x12c /home/Monty/ps3toolchain/PSL1GHT/ppu/lib/librsx.a(commands.o)
 *fill*         0x000000000002911c        0x4 60000000
 .text.rsxSetTransferDataFormat
                0x0000000000029120       0xe4 /home/Monty/ps3toolchain/PSL1GHT/ppu/lib/librsx.a(commands.o)
 *fill*         0x0000000000029204        0x4 60000000
 .text.rsxSetTransferImage
                0x0000000000029208      0x43c /home/Monty/ps3toolchain/PSL1GHT/ppu/lib/librsx.a(commands.o)
 *fill*         0x0000000000029644        0x4 60000000
 .text.rsxSetTransferScaleMode
                0x0000000000029648      0x178 /home/Monty/ps3toolchain/PSL1GHT/ppu/lib/librsx.a(commands.o)
 .text.rsxSetTransferScaleSurface
                0x00000000000297c0      0x1bc /home/Monty/ps3toolchain/PSL1GHT/ppu/lib/librsx.a(commands.o)
 *fill*         0x000000000002997c        0x4 60000000
 .text.rsxSetTransferScaleSwizzle
                0x0000000000029980      0x1bc /home/Monty/ps3toolchain/PSL1GHT/ppu/lib/librsx.a(commands.o)
 *fill*         0x0000000000029b3c        0x4 60000000
 .text.rsxSetConvertSwizzleFormat
                0x0000000000029b40      0x750 /home/Monty/ps3toolchain/PSL1GHT/ppu/lib/librsx.a(commands.o)
 .text.rsxSetTimeStamp
                0x000000000002a290       0xac /home/Monty/ps3toolchain/PSL1GHT/ppu/lib/librsx.a(commands.o)
 *fill*         0x000000000002a33c        0x4 60000000
 .text.rsxSetWaitForIdle
                0x000000000002a340       0x98 /home/Monty/ps3toolchain/PSL1GHT/ppu/lib/librsx.a(commands.o)
 .text          0x000000000002a3d8        0x0 /home/Monty/ps3toolchain/PSL1GHT/ppu/lib/librsx.a(mm.o)
 .text.rsxHeapInit
                0x000000000002a3d8       0x80 /home/Monty/ps3toolchain/PSL1GHT/ppu/lib/librsx.a(mm.o)
 .text.rsxMemalign
                0x000000000002a458       0x58 /home/Monty/ps3toolchain/PSL1GHT/ppu/lib/librsx.a(mm.o)
 .text.rsxMalloc
                0x000000000002a4b0       0x58 /home/Monty/ps3toolchain/PSL1GHT/ppu/lib/librsx.a(mm.o)
 .text.rsxFree  0x000000000002a508       0x48 /home/Monty/ps3toolchain/PSL1GHT/ppu/lib/librsx.a(mm.o)
 .text          0x000000000002a550        0x0 /home/Monty/ps3toolchain/PSL1GHT/ppu/lib/librsx.a(vertex_program.o)
 .text.rsxVertexProgramGetUCode
                0x000000000002a550       0x28 /home/Monty/ps3toolchain/PSL1GHT/ppu/lib/librsx.a(vertex_program.o)
 .text.rsxVertexProgramGetNumConst
                0x000000000002a578       0x14 /home/Monty/ps3toolchain/PSL1GHT/ppu/lib/librsx.a(vertex_program.o)
 *fill*         0x000000000002a58c        0x4 60000000
 .text.rsxVertexProgramGetNumAttrib
                0x000000000002a590       0x14 /home/Monty/ps3toolchain/PSL1GHT/ppu/lib/librsx.a(vertex_program.o)
 *fill*         0x000000000002a5a4        0x4 60000000
 .text.rsxVertexProgramGetConsts
                0x000000000002a5a8       0x30 /home/Monty/ps3toolchain/PSL1GHT/ppu/lib/librsx.a(vertex_program.o)
 .text.rsxVertexProgramGetConst
                0x000000000002a5d8       0x74 /home/Monty/ps3toolchain/PSL1GHT/ppu/lib/librsx.a(vertex_program.o)
 *fill*         0x000000000002a64c        0x4 60000000
 .text.rsxVertexProgramGetAttribs
                0x000000000002a650       0x30 /home/Monty/ps3toolchain/PSL1GHT/ppu/lib/librsx.a(vertex_program.o)
 .text.rsxVertexProgramGetAttrib
                0x000000000002a680       0x30 /home/Monty/ps3toolchain/PSL1GHT/ppu/lib/librsx.a(vertex_program.o)
 .text          0x000000000002a6b0        0x0 /home/Monty/ps3toolchain/PSL1GHT/ppu/lib/librsx.a(fragment_program.o)
 .text.rsxFragmentProgramGetUCode
                0x000000000002a6b0       0x28 /home/Monty/ps3toolchain/PSL1GHT/ppu/lib/librsx.a(fragment_program.o)
 .text.rsxFragmentProgramGetNumConst
                0x000000000002a6d8       0x14 /home/Monty/ps3toolchain/PSL1GHT/ppu/lib/librsx.a(fragment_program.o)
 *fill*         0x000000000002a6ec        0x4 60000000
 .text.rsxFragmentProgramGetConsts
                0x000000000002a6f0       0x30 /home/Monty/ps3toolchain/PSL1GHT/ppu/lib/librsx.a(fragment_program.o)
 .text.rsxFragmentProgramGetConst
                0x000000000002a720       0x74 /home/Monty/ps3toolchain/PSL1GHT/ppu/lib/librsx.a(fragment_program.o)
 *fill*         0x000000000002a794        0x4 60000000
 .text.rsxFragmentProgramGetNumAttrib
                0x000000000002a798       0x14 /home/Monty/ps3toolchain/PSL1GHT/ppu/lib/librsx.a(fragment_program.o)
 *fill*         0x000000000002a7ac        0x4 60000000
 .text.rsxFragmentProgramGetAttribs
                0x000000000002a7b0       0x30 /home/Monty/ps3toolchain/PSL1GHT/ppu/lib/librsx.a(fragment_program.o)
 .text.rsxFragmentProgramGetAttrib
                0x000000000002a7e0       0x30 /home/Monty/ps3toolchain/PSL1GHT/ppu/lib/librsx.a(fragment_program.o)
 .text.rsxFragmentProgramGetConstOffsetTable
                0x000000000002a810       0x14 /home/Monty/ps3toolchain/PSL1GHT/ppu/lib/librsx.a(fragment_program.o)
 .text          0x000000000002a824        0x0 /home/Monty/ps3toolchain/PSL1GHT/ppu/lib/librsx.a(rsx_internal.o)
 *fill*         0x000000000002a824        0x4 60000000
 .text.__rsxGetAttrs
                0x000000000002a828       0x18 /home/Monty/ps3toolchain/PSL1GHT/ppu/lib/librsx.a(rsx_internal.o)
 .text.__rsxGetAttr
                0x000000000002a840       0xcc /home/Monty/ps3toolchain/PSL1GHT/ppu/lib/librsx.a(rsx_internal.o)
 *fill*         0x000000000002a90c        0x4 60000000
 .text.__rsxGetConsts
                0x000000000002a910       0x18 /home/Monty/ps3toolchain/PSL1GHT/ppu/lib/librsx.a(rsx_internal.o)
 .text.__rsxGetConstIndex
                0x000000000002a928       0xbc /home/Monty/ps3toolchain/PSL1GHT/ppu/lib/librsx.a(rsx_internal.o)
 .text          0x000000000002a9e4        0x0 /home/Monty/ps3toolchain/PSL1GHT/ppu/lib/libgcm_sys.a(sprx.o)
 .text          0x000000000002a9e4        0x0 /home/Monty/ps3toolchain/PSL1GHT/ppu/lib/libio.a(sprx.o)
 .text          0x000000000002a9e4        0x0 /home/Monty/ps3toolchain/PSL1GHT/ppu/lib/libsysutil.a(sprx.o)
 .text          0x000000000002a9e4        0x0 /home/Monty/ps3toolchain/PSL1GHT/ppu/lib/libsysutil.a(sysutil_wrapper.o)
 *fill*         0x000000000002a9e4        0x4 60000000
 .text.sysUtilRegisterCallback
                0x000000000002a9e8       0x58 /home/Monty/ps3toolchain/PSL1GHT/ppu/lib/libsysutil.a(sysutil_wrapper.o)
 .text.msgDialogOpen
                0x000000000002aa40       0x58 /home/Monty/ps3toolchain/PSL1GHT/ppu/lib/libsysutil.a(sysutil_wrapper.o)
 .text.msgDialogOpen2
                0x000000000002aa98       0x58 /home/Monty/ps3toolchain/PSL1GHT/ppu/lib/libsysutil.a(sysutil_wrapper.o)
 .text.msgDialogOpenErrorCode
                0x000000000002aaf0       0x58 /home/Monty/ps3toolchain/PSL1GHT/ppu/lib/libsysutil.a(sysutil_wrapper.o)
 .text.sysSaveListLoad2
                0x000000000002ab48       0x74 /home/Monty/ps3toolchain/PSL1GHT/ppu/lib/libsysutil.a(sysutil_wrapper.o)
 *fill*         0x000000000002abbc        0x4 60000000
 .text.sysSaveListSave2
                0x000000000002abc0       0x74 /home/Monty/ps3toolchain/PSL1GHT/ppu/lib/libsysutil.a(sysutil_wrapper.o)
 *fill*         0x000000000002ac34        0x4 60000000
 .text.sysSaveListAutoLoad
                0x000000000002ac38       0x7c /home/Monty/ps3toolchain/PSL1GHT/ppu/lib/libsysutil.a(sysutil_wrapper.o)
 *fill*         0x000000000002acb4        0x4 60000000
 .text.sysSaveListAutoSave
                0x000000000002acb8       0x7c /home/Monty/ps3toolchain/PSL1GHT/ppu/lib/libsysutil.a(sysutil_wrapper.o)
 *fill*         0x000000000002ad34        0x4 60000000
 .text.sysSaveFixedLoad2
                0x000000000002ad38       0x74 /home/Monty/ps3toolchain/PSL1GHT/ppu/lib/libsysutil.a(sysutil_wrapper.o)
 *fill*         0x000000000002adac        0x4 60000000
 .text.sysSaveFixedSave2
                0x000000000002adb0       0x74 /home/Monty/ps3toolchain/PSL1GHT/ppu/lib/libsysutil.a(sysutil_wrapper.o)
 *fill*         0x000000000002ae24        0x4 60000000
 .text.sysSaveAutoLoad2
                0x000000000002ae28       0x5c /home/Monty/ps3toolchain/PSL1GHT/ppu/lib/libsysutil.a(sysutil_wrapper.o)
 *fill*         0x000000000002ae84        0x4 60000000
 .text.sysSaveAutoSave2
                0x000000000002ae88       0x5c /home/Monty/ps3toolchain/PSL1GHT/ppu/lib/libsysutil.a(sysutil_wrapper.o)
 *fill*         0x000000000002aee4        0x4 60000000
 .text.sysGameThemeInstallFromBuffer
                0x000000000002aee8       0x58 /home/Monty/ps3toolchain/PSL1GHT/ppu/lib/libsysutil.a(sysutil_wrapper.o)
 .text.sysDiscRegisterDiscChangeCallback
                0x000000000002af40       0x5c /home/Monty/ps3toolchain/PSL1GHT/ppu/lib/libsysutil.a(sysutil_wrapper.o)
 *fill*         0x000000000002af9c        0x4 60000000
 .text.sysGameDiscRegisterDiscChangeCallback
                0x000000000002afa0       0x10 /home/Monty/ps3toolchain/PSL1GHT/ppu/lib/libsysutil.a(sysutil_wrapper.o)
 .text.videoRegisterCallback
                0x000000000002afb0       0x58 /home/Monty/ps3toolchain/PSL1GHT/ppu/lib/libsysutil.a(sysutil_wrapper.o)
 .text          0x000000000002b008        0x0 /home/Monty/ps3toolchain/PSL1GHT/ppu/lib/librt.a(sbrk.o)
 .text.startup.sbrk_init
                0x000000000002b008       0xb8 /home/Monty/ps3toolchain/PSL1GHT/ppu/lib/librt.a(sbrk.o)
 .text.sbrk_deinit
                0x000000000002b0c0       0xc8 /home/Monty/ps3toolchain/PSL1GHT/ppu/lib/librt.a(sbrk.o)
 .text.__librt_sbrk_r
                0x000000000002b188      0x2f4 /home/Monty/ps3toolchain/PSL1GHT/ppu/lib/librt.a(sbrk.o)
 .text          0x000000000002b47c        0x0 /home/Monty/ps3toolchain/PSL1GHT/ppu/lib/librt.a(exit.o)
 *fill*         0x000000000002b47c        0x4 60000000
 .text.__librt_exit
                0x000000000002b480       0x30 /home/Monty/ps3toolchain/PSL1GHT/ppu/lib/librt.a(exit.o)
 .text          0x000000000002b4b0        0x0 /home/Monty/ps3toolchain/PSL1GHT/ppu/lib/librt.a(close.o)
 .text.__librt_close_r
                0x000000000002b4b0       0x88 /home/Monty/ps3toolchain/PSL1GHT/ppu/lib/librt.a(close.o)
 .text          0x000000000002b538        0x0 /home/Monty/ps3toolchain/PSL1GHT/ppu/lib/librt.a(lseek.o)
 .text.__librt_lseek_r
                0x000000000002b538       0x8c /home/Monty/ps3toolchain/PSL1GHT/ppu/lib/librt.a(lseek.o)
 *fill*         0x000000000002b5c4        0x4 60000000
 .text.__librt_lseek64_r
                0x000000000002b5c8       0x10 /home/Monty/ps3toolchain/PSL1GHT/ppu/lib/librt.a(lseek.o)
 .text          0x000000000002b5d8        0x0 /home/Monty/ps3toolchain/PSL1GHT/ppu/lib/librt.a(read.o)
 .text.__librt_read_r
                0x000000000002b5d8      0x10c /home/Monty/ps3toolchain/PSL1GHT/ppu/lib/librt.a(read.o)
 .text          0x000000000002b6e4        0x0 /home/Monty/ps3toolchain/PSL1GHT/ppu/lib/librt.a(open.o)
 *fill*         0x000000000002b6e4        0x4 60000000
 .text.__librt_open_r
                0x000000000002b6e8      0x180 /home/Monty/ps3toolchain/PSL1GHT/ppu/lib/librt.a(open.o)
 .text          0x000000000002b868        0x0 /home/Monty/ps3toolchain/PSL1GHT/ppu/lib/librt.a(sleep.o)
 .text.__librt_usleep_r
                0x000000000002b868       0x50 /home/Monty/ps3toolchain/PSL1GHT/ppu/lib/librt.a(sleep.o)
 .text.__librt_sleep_r
                0x000000000002b8b8       0x6c /home/Monty/ps3toolchain/PSL1GHT/ppu/lib/librt.a(sleep.o)
 .text          0x000000000002b924        0x0 /home/Monty/ps3toolchain/PSL1GHT/ppu/lib/librt.a(write.o)
 *fill*         0x000000000002b924        0x4 60000000
 .text.__librt_write_r
                0x000000000002b928      0x104 /home/Monty/ps3toolchain/PSL1GHT/ppu/lib/librt.a(write.o)
 .text          0x000000000002ba2c        0x0 /home/Monty/ps3toolchain/PSL1GHT/ppu/lib/librt.a(fstat.o)
 *fill*         0x000000000002ba2c        0x4 60000000
 .text.__librt_fstat_r
                0x000000000002ba30       0xd0 /home/Monty/ps3toolchain/PSL1GHT/ppu/lib/librt.a(fstat.o)
 .text.__librt_fstat64_r
                0x000000000002bb00       0x10 /home/Monty/ps3toolchain/PSL1GHT/ppu/lib/librt.a(fstat.o)
 .text.__librt_stat_r
                0x000000000002bb10       0xd0 /home/Monty/ps3toolchain/PSL1GHT/ppu/lib/librt.a(fstat.o)
 .text.__librt_stat64_r
                0x000000000002bbe0       0x10 /home/Monty/ps3toolchain/PSL1GHT/ppu/lib/librt.a(fstat.o)
 .text          0x000000000002bbf0        0x0 /home/Monty/ps3toolchain/PSL1GHT/ppu/lib/librt.a(socket.o)
 .text.accept   0x000000000002bbf0       0xe0 /home/Monty/ps3toolchain/PSL1GHT/ppu/lib/librt.a(socket.o)
 .text.bind     0x000000000002bcd0       0x44 /home/Monty/ps3toolchain/PSL1GHT/ppu/lib/librt.a(socket.o)
 *fill*         0x000000000002bd14        0x4 60000000
 .text.connect  0x000000000002bd18       0x44 /home/Monty/ps3toolchain/PSL1GHT/ppu/lib/librt.a(socket.o)
 *fill*         0x000000000002bd5c        0x4 60000000
 .text.listen   0x000000000002bd60       0x44 /home/Monty/ps3toolchain/PSL1GHT/ppu/lib/librt.a(socket.o)
 *fill*         0x000000000002bda4        0x4 60000000
 .text.socket   0x000000000002bda8       0x5c /home/Monty/ps3toolchain/PSL1GHT/ppu/lib/librt.a(socket.o)
 *fill*         0x000000000002be04        0x4 60000000
 .text.send     0x000000000002be08       0x4c /home/Monty/ps3toolchain/PSL1GHT/ppu/lib/librt.a(socket.o)
 *fill*         0x000000000002be54        0x4 60000000
 .text.sendto   0x000000000002be58       0x44 /home/Monty/ps3toolchain/PSL1GHT/ppu/lib/librt.a(socket.o)
 *fill*         0x000000000002be9c        0x4 60000000
 .text.recv     0x000000000002bea0       0x4c /home/Monty/ps3toolchain/PSL1GHT/ppu/lib/librt.a(socket.o)
 *fill*         0x000000000002beec        0x4 60000000
 .text.recvfrom
                0x000000000002bef0       0xd8 /home/Monty/ps3toolchain/PSL1GHT/ppu/lib/librt.a(socket.o)
 .text.shutdown
                0x000000000002bfc8       0x44 /home/Monty/ps3toolchain/PSL1GHT/ppu/lib/librt.a(socket.o)
 *fill*         0x000000000002c00c        0x4 60000000
 .text.inet_aton
                0x000000000002c010       0xbc /home/Monty/ps3toolchain/PSL1GHT/ppu/lib/librt.a(socket.o)
 *fill*         0x000000000002c0cc        0x4 60000000
 .text.inet_pton
                0x000000000002c0d0       0x48 /home/Monty/ps3toolchain/PSL1GHT/ppu/lib/librt.a(socket.o)
 .text.select   0x000000000002c118       0x3c /home/Monty/ps3toolchain/PSL1GHT/ppu/lib/librt.a(socket.o)
 *fill*         0x000000000002c154        0x4 60000000
 .text.closesocket
                0x000000000002c158       0x44 /home/Monty/ps3toolchain/PSL1GHT/ppu/lib/librt.a(socket.o)
 .text          0x000000000002c19c        0x0 /home/Monty/ps3toolchain/PSL1GHT/ppu/lib/librt.a(lock.o)
 *fill*         0x000000000002c19c        0x4 60000000
 .text.__librt_sys_lwmutex_create_r
                0x000000000002c1a0       0x38 /home/Monty/ps3toolchain/PSL1GHT/ppu/lib/librt.a(lock.o)
 .text.__librt_sys_lwmutex_destroy_r
                0x000000000002c1d8       0x34 /home/Monty/ps3toolchain/PSL1GHT/ppu/lib/librt.a(lock.o)
 *fill*         0x000000000002c20c        0x4 60000000
 .text.__librt_sys_lwmutex_lock_r
                0x000000000002c210       0x38 /home/Monty/ps3toolchain/PSL1GHT/ppu/lib/librt.a(lock.o)
 .text.__librt_sys_lwmutex_trylock_r
                0x000000000002c248       0x34 /home/Monty/ps3toolchain/PSL1GHT/ppu/lib/librt.a(lock.o)
 *fill*         0x000000000002c27c        0x4 60000000
 .text.__librt_sys_lwmutex_unlock_r
                0x000000000002c280       0x34 /home/Monty/ps3toolchain/PSL1GHT/ppu/lib/librt.a(lock.o)
 .text          0x000000000002c2b4        0x0 /home/Monty/ps3toolchain/PSL1GHT/ppu/lib/librt.a(dirent.o)
 *fill*         0x000000000002c2b4        0x4 60000000
 .text.readdir_i
                0x000000000002c2b8      0x10c /home/Monty/ps3toolchain/PSL1GHT/ppu/lib/librt.a(dirent.o)
 *fill*         0x000000000002c3c4        0x4 60000000
 .text.__librt_opendir_r
                0x000000000002c3c8      0x114 /home/Monty/ps3toolchain/PSL1GHT/ppu/lib/librt.a(dirent.o)
 *fill*         0x000000000002c4dc        0x4 60000000
 .text.__librt_readdir_r
                0x000000000002c4e0       0x84 /home/Monty/ps3toolchain/PSL1GHT/ppu/lib/librt.a(dirent.o)
 *fill*         0x000000000002c564        0x4 60000000
 .text.__librt_readdir_r_r
                0x000000000002c568       0x58 /home/Monty/ps3toolchain/PSL1GHT/ppu/lib/librt.a(dirent.o)
 .text.__librt_closedir_r
                0x000000000002c5c0       0x84 /home/Monty/ps3toolchain/PSL1GHT/ppu/lib/librt.a(dirent.o)
 *fill*         0x000000000002c644        0x4 60000000
 .text.__librt_telldir_r
                0x000000000002c648       0x24 /home/Monty/ps3toolchain/PSL1GHT/ppu/lib/librt.a(dirent.o)
 *fill*         0x000000000002c66c        0x4 60000000
 .text.__librt_rewinddir_r
                0x000000000002c670       0x18 /home/Monty/ps3toolchain/PSL1GHT/ppu/lib/librt.a(dirent.o)
 .text.__librt_seekdir_r
                0x000000000002c688       0x18 /home/Monty/ps3toolchain/PSL1GHT/ppu/lib/librt.a(dirent.o)
 .text          0x000000000002c6a0        0x0 /home/Monty/ps3toolchain/PSL1GHT/ppu/lib/librt.a(mkdir.o)
 .text.__librt_mkdir_r
                0x000000000002c6a0       0x60 /home/Monty/ps3toolchain/PSL1GHT/ppu/lib/librt.a(mkdir.o)
 .text          0x000000000002c700        0x0 /home/Monty/ps3toolchain/PSL1GHT/ppu/lib/librt.a(times.o)
 .text.__librt_times_r
                0x000000000002c700       0x1c /home/Monty/ps3toolchain/PSL1GHT/ppu/lib/librt.a(times.o)
 .text          0x000000000002c71c        0x0 /home/Monty/ps3toolchain/PSL1GHT/ppu/lib/librt.a(umask.o)
 *fill*         0x000000000002c71c        0x4 60000000
 .text.__librt_umask_r
                0x000000000002c720       0x20 /home/Monty/ps3toolchain/PSL1GHT/ppu/lib/librt.a(umask.o)
 .text          0x000000000002c740        0x0 /home/Monty/ps3toolchain/PSL1GHT/ppu/lib/librt.a(lv2errno.o)
 .text.lv2error
                0x000000000002c740      0x434 /home/Monty/ps3toolchain/PSL1GHT/ppu/lib/librt.a(lv2errno.o)
 *fill*         0x000000000002cb74        0x4 60000000
 .text.lv2errno
                0x000000000002cb78       0x68 /home/Monty/ps3toolchain/PSL1GHT/ppu/lib/librt.a(lv2errno.o)
 .text.lv2errno_r
                0x000000000002cbe0       0x58 /home/Monty/ps3toolchain/PSL1GHT/ppu/lib/librt.a(lv2errno.o)
 .text          0x000000000002cc38        0x0 /home/Monty/ps3toolchain/PSL1GHT/ppu/lib/librt.a(heap.o)
 .text.__heap_block_split.isra.2
                0x000000000002cc38      0x104 /home/Monty/ps3toolchain/PSL1GHT/ppu/lib/librt.a(heap.o)
 *fill*         0x000000000002cd3c        0x4 60000000
 .text.heapInit
                0x000000000002cd40      0x128 /home/Monty/ps3toolchain/PSL1GHT/ppu/lib/librt.a(heap.o)
 .text.heapAllocateAligned
                0x000000000002ce68      0x230 /home/Monty/ps3toolchain/PSL1GHT/ppu/lib/librt.a(heap.o)
 .text.heapAllocate
                0x000000000002d098       0x14 /home/Monty/ps3toolchain/PSL1GHT/ppu/lib/librt.a(heap.o)
 *fill*         0x000000000002d0ac        0x4 60000000
 .text.heapFree
                0x000000000002d0b0      0x1fc /home/Monty/ps3toolchain/PSL1GHT/ppu/lib/librt.a(heap.o)
 .text          0x000000000002d2ac        0x0 /home/Monty/ps3toolchain/PSL1GHT/ppu/lib/librt.a(chmod.o)
 *fill*         0x000000000002d2ac        0x4 60000000
 .text.__librt_chmod_r
                0x000000000002d2b0       0x54 /home/Monty/ps3toolchain/PSL1GHT/ppu/lib/librt.a(chmod.o)
 .text          0x000000000002d304        0x0 /home/Monty/ps3toolchain/PSL1GHT/ppu/lib/librt.a(rename.o)
 *fill*         0x000000000002d304        0x4 60000000
 .text.__librt_rename_r
                0x000000000002d308       0x54 /home/Monty/ps3toolchain/PSL1GHT/ppu/lib/librt.a(rename.o)
 .text          0x000000000002d35c        0x0 /home/Monty/ps3toolchain/PSL1GHT/ppu/lib/librt.a(rmdir.o)
 *fill*         0x000000000002d35c        0x4 60000000
 .text.__librt_rmdir_r
                0x000000000002d360       0x50 /home/Monty/ps3toolchain/PSL1GHT/ppu/lib/librt.a(rmdir.o)
 .text          0x000000000002d3b0        0x0 /home/Monty/ps3toolchain/PSL1GHT/ppu/lib/librt.a(isatty.o)
 .text.__librt_isatty_r
                0x000000000002d3b0       0x2c /home/Monty/ps3toolchain/PSL1GHT/ppu/lib/librt.a(isatty.o)
 .text          0x000000000002d3dc        0x0 /home/Monty/ps3toolchain/PSL1GHT/ppu/lib/librt.a(gettod.o)
 *fill*         0x000000000002d3dc        0x4 60000000
 .text.__librt_gettod_r
                0x000000000002d3e0       0xb8 /home/Monty/ps3toolchain/PSL1GHT/ppu/lib/librt.a(gettod.o)
 .text          0x000000000002d498        0x0 /home/Monty/ps3toolchain/PSL1GHT/ppu/lib/librt.a(settod.o)
 .text.__librt_settod_r
                0x000000000002d498       0x58 /home/Monty/ps3toolchain/PSL1GHT/ppu/lib/librt.a(settod.o)
 .text          0x000000000002d4f0        0x0 /home/Monty/ps3toolchain/PSL1GHT/ppu/lib/librt.a(unlink.o)
 .text.__librt_unlink_r
                0x000000000002d4f0       0x50 /home/Monty/ps3toolchain/PSL1GHT/ppu/lib/librt.a(unlink.o)
 .text          0x000000000002d540        0x0 /home/Monty/ps3toolchain/PSL1GHT/ppu/lib/librt.a(link.o)
 .text.__librt_link_r
                0x000000000002d540       0x54 /home/Monty/ps3toolchain/PSL1GHT/ppu/lib/librt.a(link.o)
 .text          0x000000000002d594        0x0 /home/Monty/ps3toolchain/PSL1GHT/ppu/lib/librt.a(truncate.o)
 *fill*         0x000000000002d594        0x4 60000000
 .text.__librt_truncate_r
                0x000000000002d598       0x54 /home/Monty/ps3toolchain/PSL1GHT/ppu/lib/librt.a(truncate.o)
 *fill*         0x000000000002d5ec        0x4 60000000
 .text.__librt_ftruncate_r
                0x000000000002d5f0       0x54 /home/Monty/ps3toolchain/PSL1GHT/ppu/lib/librt.a(truncate.o)
 .text          0x000000000002d644        0x0 /home/Monty/ps3toolchain/PSL1GHT/ppu/lib/librt.a(fsync.o)
 *fill*         0x000000000002d644        0x4 60000000
 .text.__librt_fsync_r
                0x000000000002d648       0x50 /home/Monty/ps3toolchain/PSL1GHT/ppu/lib/librt.a(fsync.o)
 .text          0x000000000002d698        0x0 /home/Monty/ps3toolchain/PSL1GHT/ppu/lib/librt.a(utime.o)
 .text.__librt_utime_r
                0x000000000002d698       0xbc /home/Monty/ps3toolchain/PSL1GHT/ppu/lib/librt.a(utime.o)
 .text          0x000000000002d754        0x0 /home/Monty/ps3toolchain/PSL1GHT/ppu/lib/librt.a(globfile.o)
 *fill*         0x000000000002d754        0x4 60000000
 .text.resolve_path
                0x000000000002d758      0x188 /home/Monty/ps3toolchain/PSL1GHT/ppu/lib/librt.a(globfile.o)
 .text.flattenDirectory.constprop.0
                0x000000000002d8e0      0x2d0 /home/Monty/ps3toolchain/PSL1GHT/ppu/lib/librt.a(globfile.o)
 .text.startup.__glob_file_init
                0x000000000002dbb0       0x3c /home/Monty/ps3toolchain/PSL1GHT/ppu/lib/librt.a(globfile.o)
 *fill*         0x000000000002dbec        0x4 60000000
 .text.__full_path
                0x000000000002dbf0      0x12c /home/Monty/ps3toolchain/PSL1GHT/ppu/lib/librt.a(globfile.o)
 *fill*         0x000000000002dd1c        0x4 60000000
 .text.__librt_chdir_r
                0x000000000002dd20       0xbc /home/Monty/ps3toolchain/PSL1GHT/ppu/lib/librt.a(globfile.o)
 *fill*         0x000000000002dddc        0x4 60000000
 .text.__librt_getcwd_r
                0x000000000002dde0       0xc0 /home/Monty/ps3toolchain/PSL1GHT/ppu/lib/librt.a(globfile.o)
 .text          0x000000000002dea0        0x0 /home/Monty/ps3toolchain/PSL1GHT/ppu/lib/liblv2.a(sprx.o)
 .text          0x000000000002dea0        0x0 /home/Monty/ps3toolchain/PSL1GHT/ppu/lib/liblv2.a(thread_wrapper.o)
 .text.sysThreadCreate
                0x000000000002dea0       0x58 /home/Monty/ps3toolchain/PSL1GHT/ppu/lib/liblv2.a(thread_wrapper.o)
 .text          0x000000000002def8        0x0 /home/Monty/ps3toolchain/PSL1GHT/ppu/lib/libnet.a(sprx.o)
 .text          0x000000000002def8        0x0 /home/Monty/ps3toolchain/PSL1GHT/ppu/lib/libnet.a(init.o)
 .text.netInitialize
                0x000000000002def8       0xe8 /home/Monty/ps3toolchain/PSL1GHT/ppu/lib/libnet.a(init.o)
 .text.netDeinitialize
                0x000000000002dfe0       0x68 /home/Monty/ps3toolchain/PSL1GHT/ppu/lib/libnet.a(init.o)
 .text          0x000000000002e048        0x0 /home/Monty/ps3toolchain/PSL1GHT/ppu/lib/libnet.a(socket.o)
 .text.copyhost
                0x000000000002e048       0xc0 /home/Monty/ps3toolchain/PSL1GHT/ppu/lib/libnet.a(socket.o)
 .text.netErrno
                0x000000000002e108       0xb4 /home/Monty/ps3toolchain/PSL1GHT/ppu/lib/libnet.a(socket.o)
 *fill*         0x000000000002e1bc        0x4 60000000
 .text.accept   0x000000000002e1c0       0xf8 /home/Monty/ps3toolchain/PSL1GHT/ppu/lib/libnet.a(socket.o)
 .text.bind     0x000000000002e2b8       0x6c /home/Monty/ps3toolchain/PSL1GHT/ppu/lib/libnet.a(socket.o)
 *fill*         0x000000000002e324        0x4 60000000
 .text.connect  0x000000000002e328       0x6c /home/Monty/ps3toolchain/PSL1GHT/ppu/lib/libnet.a(socket.o)
 *fill*         0x000000000002e394        0x4 60000000
 .text.listen   0x000000000002e398       0x6c /home/Monty/ps3toolchain/PSL1GHT/ppu/lib/libnet.a(socket.o)
 *fill*         0x000000000002e404        0x4 60000000
 .text.socket   0x000000000002e408       0x7c /home/Monty/ps3toolchain/PSL1GHT/ppu/lib/libnet.a(socket.o)
 *fill*         0x000000000002e484        0x4 60000000
 .text.send     0x000000000002e488       0x6c /home/Monty/ps3toolchain/PSL1GHT/ppu/lib/libnet.a(socket.o)
 *fill*         0x000000000002e4f4        0x4 60000000
 .text.sendto   0x000000000002e4f8       0x6c /home/Monty/ps3toolchain/PSL1GHT/ppu/lib/libnet.a(socket.o)
 *fill*         0x000000000002e564        0x4 60000000
 .text.recv     0x000000000002e568       0x6c /home/Monty/ps3toolchain/PSL1GHT/ppu/lib/libnet.a(socket.o)
 *fill*         0x000000000002e5d4        0x4 60000000
 .text.recvfrom
                0x000000000002e5d8       0xe8 /home/Monty/ps3toolchain/PSL1GHT/ppu/lib/libnet.a(socket.o)
 .text.shutdown
                0x000000000002e6c0       0x6c /home/Monty/ps3toolchain/PSL1GHT/ppu/lib/libnet.a(socket.o)
 *fill*         0x000000000002e72c        0x4 60000000
 .text.closesocket
                0x000000000002e730       0x6c /home/Monty/ps3toolchain/PSL1GHT/ppu/lib/libnet.a(socket.o)
 *fill*         0x000000000002e79c        0x4 60000000
 .text.poll     0x000000000002e7a0       0xf0 /home/Monty/ps3toolchain/PSL1GHT/ppu/lib/libnet.a(socket.o)
 .text.select   0x000000000002e890       0x6c /home/Monty/ps3toolchain/PSL1GHT/ppu/lib/libnet.a(socket.o)
 *fill*         0x000000000002e8fc        0x4 60000000
 .text.getsockname
                0x000000000002e900       0xf0 /home/Monty/ps3toolchain/PSL1GHT/ppu/lib/libnet.a(socket.o)
 .text.getpeername
                0x000000000002e9f0       0xf0 /home/Monty/ps3toolchain/PSL1GHT/ppu/lib/libnet.a(socket.o)
 .text.gethostbyaddr
                0x000000000002eae0       0xbc /home/Monty/ps3toolchain/PSL1GHT/ppu/lib/libnet.a(socket.o)
 *fill*         0x000000000002eb9c        0x4 60000000
 .text.gethostbyname
                0x000000000002eba0       0xbc /home/Monty/ps3toolchain/PSL1GHT/ppu/lib/libnet.a(socket.o)
 *fill*         0x000000000002ec5c        0x4 60000000
 .text.getsockopt
                0x000000000002ec60       0x78 /home/Monty/ps3toolchain/PSL1GHT/ppu/lib/libnet.a(socket.o)
 .text.setsockopt
                0x000000000002ecd8       0x78 /home/Monty/ps3toolchain/PSL1GHT/ppu/lib/libnet.a(socket.o)
 .text.getservbyport