Archive member included because of file (symbol)

/home/Monty/ps3toolchain/PSL1GHT/ppu/lib/libvdec.a(sprx.o)
                              video.o (vdecClose)
/home/Monty/ps3toolchain/PSL1GHT/ppu/lib/libaudio.a(sprx.o)
                              audio.o (audioCreateNotifyEventQueue)
/home/Monty/ps3toolchain/PSL1GHT/ppu/lib/librsx.a(init.o)
                              rsxutil.o (rsxInit)
/home/Monty/ps3toolchain/PSL1GHT/ppu/lib/librsx.a(buffer.o)
                              rsxutil.o (rsxFlushBuffer)
/home/Monty/ps3toolchain/PSL1GHT/ppu/lib/librsx.a(commands.o)
                              /home/Monty/ps3toolchain/PSL1GHT/ppu/lib/librsx.a(buffer.o) (rsxSetJumpCommandUnsafe)
/home/Monty/ps3toolchain/PSL1GHT/ppu/lib/librsx.a(mm.o)
                              /home/Monty/ps3toolchain/PSL1GHT/ppu/lib/librsx.a(init.o) (rsxHeapInit)
/home/Monty/ps3toolchain/PSL1GHT/ppu/lib/librsx.a(vertex_program.o)
                              /home/Monty/ps3toolchain/PSL1GHT/ppu/lib/librsx.a(commands.o) (rsxVertexProgramGetConsts)
/home/Monty/ps3toolchain/PSL1GHT/ppu/lib/librsx.a(fragment_program.o)
                              /home/Monty/ps3toolchain/PSL1GHT/ppu/lib/librsx.a(commands.o) (rsxFragmentProgramGetConstOffsetTable)
/home/Monty/ps3toolchain/PSL1GHT/ppu/lib/librsx.a(rsx_internal.o)
                              /home/Monty/ps3toolchain/PSL1GHT/ppu/lib/librsx.a(vertex_program.o) (__rsxGetAttrs)
/home/Monty/ps3toolchain/PSL1GHT/ppu/lib/libgcm_sys.a(sprx.o)
                              rsxutil.o (gcmSetFlip)
/home/Monty/ps3toolchain/PSL1GHT/ppu/lib/libio.a(sprx.o)
                              main.o (ioPadInit)
/home/Monty/ps3toolchain/PSL1GHT/ppu/lib/libsysutil.a(sprx.o)
                              rsxutil.o (videoConfigure)
/home/Monty/ps3toolchain/PSL1GHT/ppu/lib/libsysutil.a(sysutil_wrapper.o)
                              main.o (sysUtilRegisterCallback)
/home/Monty/ps3toolchain/PSL1GHT/ppu/lib/librt.a(sbrk.o)
                              /home/Monty/ps3dev/ppu/bin/../lib/gcc/powerpc64-ps3-elf/7.2.0/../../../../powerpc64-ps3-elf/lib/lv2-crt0.o (__librt_sbrk_r)
/home/Monty/ps3toolchain/PSL1GHT/ppu/lib/librt.a(exit.o)
                              /home/Monty/ps3dev/ppu/bin/../lib/gcc/powerpc64-ps3-elf/7.2.0/../../../../powerpc64-ps3-elf/lib/lv2-crt0.o (__librt_exit)
/home/Monty/ps3toolchain/PSL1GHT/ppu/lib/librt.a(close.o)
                              /home/Monty/ps3dev/ppu/bin/../lib/gcc/powerpc64-ps3-elf/7.2.0/../../../../powerpc64-ps3-elf/lib/lv2-crt0.o (__librt_close_r)
/home/Monty/ps3toolchain/PSL1GHT/ppu/lib/librt.a(lseek.o)
                              /home/Monty/ps3dev/ppu/bin/../lib/gcc/powerpc64-ps3-elf/7.2.0/../../../../powerpc64-ps3-elf/lib/lv2-crt0.o (__librt_lseek_r)
/home/Monty/ps3toolchain/PSL1GHT/ppu/lib/librt.a(read.o)
                              /home/Monty/ps3dev/ppu/bin/../lib/gcc/powerpc64-ps3-elf/7.2.0/../../../../powerpc64-ps3-elf/lib/lv2-crt0.o (__librt_read_r)
/home/Monty/ps3toolchain/PSL1GHT/ppu/lib/librt.a(open.o)
                              /home/Monty/ps3dev/ppu/bin/../lib/gcc/powerpc64-ps3-elf/7.2.0/../../../../powerpc64-ps3-elf/lib/lv2-crt0.o (__librt_open_r)
/home/Monty/ps3toolchain/PSL1GHT/ppu/lib/librt.a(sleep.o)
                              /home/Monty/ps3dev/ppu/bin/../lib/gcc/powerpc64-ps3-elf/7.2.0/../../../../powerpc64-ps3-elf/lib/lv2-crt0.o (__librt_usleep_r)
/home/Monty/ps3toolchain/PSL1GHT/ppu/lib/librt.a(write.o)
                              /home/Monty/ps3dev/ppu/bin/../lib/gcc/powerpc64-ps3-elf/7.2.0/../../../../powerpc64-ps3-elf/lib/lv2-crt0.o (__librt_write_r)
/home/Monty/ps3toolchain/PSL1GHT/ppu/lib/librt.a(fstat.o)
                              /home/Monty/ps3dev/ppu/bin/../lib/gcc/powerpc64-ps3-elf/7.2.0/../../../../powerpc64-ps3-elf/lib/lv2-crt0.o (__librt_fstat_r)
/home/Monty/ps3toolchain/PSL1GHT/ppu/lib/librt.a(socket.o)
                              /home/Monty/ps3toolchain/PSL1GHT/ppu/lib/librt.a(write.o) (send)
/home/Monty/ps3toolchain/PSL1GHT/ppu/lib/librt.a(lock.o)
                              /home/Monty/ps3dev/ppu/bin/../lib/gcc/powerpc64-ps3-elf/7.2.0/../../../../powerpc64-ps3-elf/lib/lv2-crt0.o (__librt_sys_lwmutex_create_r)
/home/Monty/ps3toolchain/PSL1GHT/ppu/lib/librt.a(dirent.o)
                              /home/Monty/ps3dev/ppu/bin/../lib/gcc/powerpc64-ps3-elf/7.2.0/../../../../powerpc64-ps3-elf/lib/lv2-crt0.o (__librt_opendir_r)
/home/Monty/ps3toolchain/PSL1GHT/ppu/lib/librt.a(mkdir.o)
                              /home/Monty/ps3dev/ppu/bin/../lib/gcc/powerpc64-ps3-elf/7.2.0/../../../../powerpc64-ps3-elf/lib/lv2-crt0.o (__librt_mkdir_r)
/home/Monty/ps3toolchain/PSL1GHT/ppu/lib/librt.a(times.o)
                              /home/Monty/ps3dev/ppu/bin/../lib/gcc/powerpc64-ps3-elf/7.2.0/../../../../powerpc64-ps3-elf/lib/lv2-crt0.o (__librt_times_r)
/home/Monty/ps3toolchain/PSL1GHT/ppu/lib/librt.a(umask.o)
[...]
Memory Configuration

Name             Origin             Length             Attributes
*default*        0x0000000000000000 0xffffffffffffffff

Linker script and memory map

                0x0000000000010000                PROVIDE (__executable_start, 0x10000)
                0x0000000000010200                . = (0x10000 + SIZEOF_HEADERS)

.interp
 *(.interp)

.hash
 *(.hash)

.dynsym
 *(.dynsym)

.dynstr
 *(.dynstr)

.gnu.version
 *(.gnu.version)

.gnu.version_d
 *(.gnu.version_d)

.gnu.version_r
 *(.gnu.version_r)

.rel.dyn
 *(.rel.init)
 *(.rel.text .rel.text.* .rel.gnu.linkonce.t.*)
 *(.rel.fini)
 *(.rel.rodata .rel.rodata.* .rel.gnu.linkonce.r.*)
 *(.rel.data.rel.ro*)
 *(.rel.data .rel.data.* .rel.gnu.linkonce.d.*)
 *(.rel.tdata .rel.tdata.* .rel.gnu.linkonce.td.*)
 *(.rel.tbss .rel.tbss.* .rel.gnu.linkonce.tb.*)
 *(.rel.ctors)
 *(.rel.dtors)
 *(.rel.got)
 *(.rel.sdata .rel.sdata.* .rel.gnu.linkonce.s.*)
 *(.rel.sbss .rel.sbss.* .rel.gnu.linkonce.sb.*)
 *(.rel.sdata2 .rel.sdata2.* .rel.gnu.linkonce.s2.*)
 *(.rel.sbss2 .rel.sbss2.* .rel.gnu.linkonce.sb2.*)
 *(.rel.bss .rel.bss.* .rel.gnu.linkonce.b.*)

.rela.dyn       0x0000000000010200        0x0
 *(.rela.init)
 *(.rela.text .rela.text.* .rela.gnu.linkonce.t.*)
 *(.rela.fini)
 *(.rela.rodata .rela.rodata.* .rela.gnu.linkonce.r.*)
 *(.rela.data .rela.data.* .rela.gnu.linkonce.d.*)
 *(.rela.tdata .rela.tdata.* .rela.gnu.linkonce.td.*)
 *(.rela.tbss .rela.tbss.* .rela.gnu.linkonce.tb.*)
 *(.rela.ctors)
 *(.rela.dtors)
 *(.rela.got)
 *(.rela.toc)
 .rela.toc      0x0000000000000000        0x0 linker stubs
 *(.rela.sdata .rela.sdata.* .rela.gnu.linkonce.s.*)
 *(.rela.sbss .rela.sbss.* .rela.gnu.linkonce.sb.*)
 *(.rela.sdata2 .rela.sdata2.* .rela.gnu.linkonce.s2.*)
 *(.rela.sbss2 .rela.sbss2.* .rela.gnu.linkonce.sb2.*)
 *(.rela.bss .rela.bss.* .rela.gnu.linkonce.b.*)
 .rela.iplt     0x0000000000000000        0x0 linker stubs
 .rela.sys_proc_prx_param
                0x0000000000000000        0x0 linker stubs

.rel.plt
 *(.rel.plt)

.rela.plt
 *(.rela.plt)

.rela.tocbss
 *(.rela.tocbss)

.init           0x0000000000010200       0x2c
 *(.init)
 .init          0x0000000000010200        0xc /home/Monty/ps3dev/ppu/bin/../lib/gcc/powerpc64-ps3-elf/7.2.0/../../../../powerpc64-ps3-elf/lib/lv2-crti.o
                0x0000000000010200                ._init
 .init          0x000000000001020c        0x8 /home/Monty/ps3dev/ppu/bin/../lib/gcc/powerpc64-ps3-elf/7.2.0/crtbegin.o
 .init          0x0000000000010214        0x8 /home/Monty/ps3dev/ppu/bin/../lib/gcc/powerpc64-ps3-elf/7.2.0/crtend.o
 .init          0x000000000001021c       0x10 /home/Monty/ps3dev/ppu/bin/../lib/gcc/powerpc64-ps3-elf/7.2.0/../../../../powerpc64-ps3-elf/lib/lv2-crtn.o

.text           0x0000000000010230    0x3a5c4
 *(.text .stub .text.* .gnu.linkonce.t.*)
 .text          0x0000000000010230        0x0 /home/Monty/ps3dev/ppu/bin/../lib/gcc/powerpc64-ps3-elf/7.2.0/../../../../powerpc64-ps3-elf/lib/lv2-crti.o
 .text          0x0000000000010230        0x0 /home/Monty/ps3dev/ppu/bin/../lib/gcc/powerpc64-ps3-elf/7.2.0/crtbegin.o
 .text.deregister_tm_clones
                0x0000000000010230       0x54 /home/Monty/ps3dev/ppu/bin/../lib/gcc/powerpc64-ps3-elf/7.2.0/crtbegin.o
 *fill*         0x0000000000010284        0x4 60000000
 .text.register_tm_clones
                0x0000000000010288       0x60 /home/Monty/ps3dev/ppu/bin/../lib/gcc/powerpc64-ps3-elf/7.2.0/crtbegin.o
 .text.__do_global_dtors_aux
                0x00000000000102e8       0xd4 /home/Monty/ps3dev/ppu/bin/../lib/gcc/powerpc64-ps3-elf/7.2.0/crtbegin.o
 *fill*         0x00000000000103bc        0x4 60000000
 .text.frame_dummy
                0x00000000000103c0       0x38 /home/Monty/ps3dev/ppu/bin/../lib/gcc/powerpc64-ps3-elf/7.2.0/crtbegin.o
 .text          0x00000000000103f8       0x58 /home/Monty/ps3dev/ppu/bin/../lib/gcc/powerpc64-ps3-elf/7.2.0/../../../../powerpc64-ps3-elf/lib/lv2-crt0.o
                0x00000000000103f8                ._start
 .text.startup.__syscalls_init
                0x0000000000010450      0x180 /home/Monty/ps3dev/ppu/bin/../lib/gcc/powerpc64-ps3-elf/7.2.0/../../../../powerpc64-ps3-elf/lib/lv2-crt0.o
 .text._initialize
                0x00000000000105d0       0x40 /home/Monty/ps3dev/ppu/bin/../lib/gcc/powerpc64-ps3-elf/7.2.0/../../../../powerpc64-ps3-elf/lib/lv2-crt0.o
 .text          0x0000000000010610        0x0 /home/Monty/ps3dev/ppu/bin/../lib/gcc/powerpc64-ps3-elf/7.2.0/../../../../powerpc64-ps3-elf/lib/lv2-sprx.o
 .text          0x0000000000010610        0x0 adec.o
 .text._ZL8get_bitsP4bs_ti
                0x0000000000010610      0x158 adec.o
 .text._ZL9hdr_validPKh
                0x0000000000010768       0x7c adec.o
 *fill*         0x00000000000107e4        0x4 60000000
 .text._ZL11hdr_comparePKhS0_
                0x00000000000107e8       0xb0 adec.o
 .text._ZL15hdr_frame_bytesPKhi
                0x0000000000010898       0xd4 adec.o
 *fill*         0x000000000001096c        0x4 60000000
 .text._ZL9L3_dct3_9Pf
                0x0000000000010970      0x174 adec.o
 *fill*         0x0000000000010ae4        0x4 60000000
 .text._ZL10L3_imdct36PfS_PKfi
                0x0000000000010ae8      0x204 adec.o
 *fill*         0x0000000000010cec        0x4 60000000
 .text._ZL10L3_imdct12PfS_S_
                0x0000000000010cf0      0x144 adec.o
 *fill*         0x0000000000010e34        0x4 60000000
 .text._ZL14mp3d_scale_pcmf.part.2
                0x0000000000010e38       0x38 adec.o
 .text._ZL15mp3d_synth_pairPsiPKf
                0x0000000000010e70      0x228 adec.o
 .text._ZL18mp3d_synth_granulePfS_iiPsS_
                0x0000000000011098      0xbc4 adec.o
 *fill*         0x0000000000011c5c        0x4 60000000
 .text.mp3dec_init
                0x0000000000011c60       0x18 adec.o
 .text.mp3dec_decode_frame
                0x0000000000011c78     0x2ba8 adec.o
 .text._Z9adec_initv
                0x0000000000014820       0x38 adec.o
 .text._Z13adec_push_pesPKhi
                0x0000000000014858      0x268 adec.o
 .text._Z18adec_pcm_availablev
                0x0000000000014ac0       0x1c adec.o
 *fill*         0x0000000000014adc        0x4 60000000
 .text._Z13adec_read_pcmPfi
                0x0000000000014ae0       0xbc adec.o
 .text          0x0000000000014b9c        0x0 audio.o
 *fill*         0x0000000000014b9c        0x4 60000000
 .text._Z17audio_block_countv
                0x0000000000014ba0       0x18 audio.o
 .text._Z10audio_openv
                0x0000000000014bb8      0x308 audio.o
 .text._Z15audio_write_pcmv
                0x0000000000014ec0      0x234 audio.o
 *fill*         0x00000000000150f4        0x4 60000000
 .text._Z11audio_closev
                0x00000000000150f8       0xb4 audio.o
 .text          0x00000000000151ac        0x0 bitmap.o
 *fill*         0x00000000000151ac        0x4 60000000
 .text._Z10bitmapInitP6Bitmapjj
                0x00000000000151b0       0x9c bitmap.o
 *fill*         0x000000000001524c        0x4 60000000
 .text._Z13bitmapDestroyP6Bitmap
                0x0000000000015250       0x48 bitmap.o
 .text._Z12bitmapSetXpmP6BitmapPPKc
                0x0000000000015298      0x210 bitmap.o
 .text          0x00000000000154a8        0x0 http.o
 .text._Z9http_initv
                0x00000000000154a8       0x88 http.o
 .text._Z8http_endv
                0x0000000000015530       0x3c http.o
 *fill*         0x000000000001556c        0x4 60000000
 .text._Z12http_requestiPKcS0_S0_Pci
                0x0000000000015570      0x5d0 http.o
 .text          0x0000000000015b40        0x0 jellyfin_api.o
 .text._ZL17json_get_in_rangePKciS0_Pci
                0x0000000000015b40      0x178 jellyfin_api.o
 .text._ZL4trimPc
                0x0000000000015cb8      0x10c jellyfin_api.o
 *fill*         0x0000000000015dc4        0x4 60000000
 .text._Z20show_library_browserv.part.1
                0x0000000000015dc8      0x108 jellyfin_api.o
 .text._Z15json_get_stringPKcS0_Pci
                0x0000000000015ed0      0x11c jellyfin_api.o
 *fill*         0x0000000000015fec        0x4 60000000
 .text._Z16url_encode_queryPKcPci
                0x0000000000015ff0      0x188 jellyfin_api.o
 .text._Z12is_containerPKc
                0x0000000000016178      0x104 jellyfin_api.o
 *fill*         0x000000000001627c        0x4 60000000
 .text._ZL9show_listP6JFItemiPKcbb
                0x0000000000016280      0x47c jellyfin_api.o
 *fill*         0x00000000000166fc        0x4 60000000
 .text._Z14parse_jf_itemsPKcP6JFItemi
                0x0000000000016700      0x250 jellyfin_api.o
 .text._ZL12browse_levelPKcS0_i
                0x0000000000016950      0x478 jellyfin_api.o
 .text._Z11save_configv
                0x0000000000016dc8       0x74 jellyfin_api.o
 *fill*         0x0000000000016e3c        0x4 60000000
 .text._Z11load_configv
                0x0000000000016e40      0x12c jellyfin_api.o
 *fill*         0x0000000000016f6c        0x4 60000000
 .text._Z8do_loginv
                0x0000000000016f70      0x484 jellyfin_api.o
 *fill*         0x00000000000173f4        0x4 60000000
 .text._Z20show_library_browserv
                0x00000000000173f8       0x34 jellyfin_api.o
 *fill*         0x000000000001742c        0x4 60000000
 .text._Z11show_searchv
                0x0000000000017430      0x28c jellyfin_api.o
 *fill*         0x00000000000176bc        0x4 60000000
 .text._Z14show_main_menuv
                0x00000000000176c0      0x318 jellyfin_api.o
 .text          0x00000000000179d8        0x0 main.o
 .text.sysutil_exit_callback
                0x00000000000179d8       0x24 main.o
 *fill*         0x00000000000179fc        0x4 60000000
 .text.program_exit_callback
                0x0000000000017a00       0x5c main.o
 *fill*         0x0000000000017a5c        0x4 60000000
 .text._ZL9crash_logPKc
                0x0000000000017a60       0x94 main.o
 *fill*         0x0000000000017af4        0x4 60000000
 .text.startup.main
                0x0000000000017af8      0x310 main.o
 .text          0x0000000000017e08        0x0 player.o
 .text._ZL10show_errorPKcS0_
                0x0000000000017e08      0x138 player.o
 .text._Z4plogPKc
                0x0000000000017f40      0x100 player.o
 .text._ZL15audio_thread_fnPv
                0x0000000000018040       0x88 player.o
 .text._ZL16decode_thread_fnPv
                0x00000000000180c8      0x4ac player.o
 *fill*         0x0000000000018574        0x4 60000000
 .text._ZL17network_thread_fnPv
                0x0000000000018578      0x1bc player.o
 *fill*         0x0000000000018734        0x4 60000000
 .text._Z11show_playerPK6JFItem
                0x0000000000018738      0xf60 player.o
 .text          0x0000000000019698        0x0 rsxutil.o
 .text._Z15setRenderTargetj
                0x0000000000019698       0xd8 rsxutil.o
 .text._Z11init_screenPvj
                0x0000000000019770      0x274 rsxutil.o
 *fill*         0x00000000000199e4        0x4 60000000
 .text._Z8waitflipv
                0x00000000000199e8       0x50 rsxutil.o
 .text._Z4flipv
                0x0000000000019a38       0xa4 rsxutil.o
 .text          0x0000000000019adc        0x0 stream.o
 *fill*         0x0000000000019adc        0x4 60000000
 .text._Z11stream_openPKc
                0x0000000000019ae0      0x550 stream.o
 .text._Z11stream_readiPhi
                0x000000000001a030      0x2e0 stream.o
 .text          0x000000000001a310        0x0 timing.o
 .text._Z13timing_get_usv
                0x000000000001a310       0x44 timing.o
 *fill*         0x000000000001a354        0x4 60000000
 .text._Z11timing_initjj
                0x000000000001a358       0xcc timing.o
 *fill*         0x000000000001a424        0x4 60000000
 .text._Z16timing_frame_duev
                0x000000000001a428       0x5c timing.o
 *fill*         0x000000000001a484        0x4 60000000
 .text._Z18timing_frame_shownv
                0x000000000001a488       0x6c timing.o
 .text          0x000000000001a4f4        0x0 ui.o
 *fill*         0x000000000001a4f4        0x4 60000000
 .text._Z14update_buttonsP9_pad_data
                0x000000000001a4f8       0x98 ui.o
 .text._Z9init_btnsv
                0x000000000001a590       0x98 ui.o
 .text._Z11clearScreenj
                0x000000000001a628       0x68 ui.o
 .text._Z8drawCharjjc
                0x000000000001a690      0x1d0 ui.o
 .text._Z8drawTextjjPKc
                0x000000000001a860       0xb0 ui.o
 .text._Z9drawTextfjjPKcz
                0x000000000001a910       0x78 ui.o
 .text._Z10drawHeaderv
                0x000000000001a988       0x50 ui.o
 .text._Z22decode_unicode_escapesPc
                0x000000000001a9d8      0x17c ui.o
 *fill*         0x000000000001ab54        0x4 60000000
 .text._Z9get_inputPciPKcb
                0x000000000001ab58      0x73c ui.o
 *fill*         0x000000000001b294        0x4 60000000
 .text._Z7ui_initv
                0x000000000001b298       0x98 ui.o
 .text._Z10ui_cleanupv
                0x000000000001b330       0x34 ui.o
 .text          0x000000000001b364        0x0 video.o
 *fill*         0x000000000001b364        0x4 60000000
 .text._ZL7vdec_cbjjjj
                0x000000000001b368       0x64 video.o
 *fill*         0x000000000001b3cc        0x4 60000000
 .text._Z15vdec_pull_framev.part.3
                0x000000000001b3d0      0x298 video.o
 .text._Z9vdec_openv
                0x000000000001b668      0x394 video.o
 *fill*         0x000000000001b9fc        0x4 60000000
 .text._Z10vdec_closev
                0x000000000001ba00       0xdc video.o
 *fill*         0x000000000001badc        0x4 60000000
 .text._Z10jbuf_allocjj
                0x000000000001bae0      0x10c video.o
 *fill*         0x000000000001bbec        0x4 60000000
 .text._Z9jbuf_freev
                0x000000000001bbf0       0xa0 video.o
 .text._Z9jbuf_peekv
                0x000000000001bc90       0x44 video.o
 *fill*         0x000000000001bcd4        0x4 60000000
 .text._Z8jbuf_popv
                0x000000000001bcd8       0x40 video.o
 .text._Z7jbuf_fwv
                0x000000000001bd18       0x18 video.o
 .text._Z7jbuf_fhv
                0x000000000001bd30       0x18 video.o
 .text._Z10jbuf_countv
                0x000000000001bd48       0x1c video.o
 *fill*         0x000000000001bd64        0x4 60000000
 .text._Z15vdec_pull_framev
                0x000000000001bd68       0x88 video.o
 .text._Z11video_resetv
                0x000000000001bdf0       0x7c video.o
 *fill*         0x000000000001be6c        0x4 60000000
 .text._Z13video_feed_tsPKh
                0x000000000001be70      0x910 video.o
 .text          0x000000000001c780        0x0 /home/Monty/ps3toolchain/PSL1GHT/ppu/lib/libvdec.a(sprx.o)
 .text          0x000000000001c780        0x0 /home/Monty/ps3toolchain/PSL1GHT/ppu/lib/libaudio.a(sprx.o)
 .text          0x000000000001c780        0x0 /home/Monty/ps3toolchain/PSL1GHT/ppu/lib/librsx.a(init.o)
 .text.rsxInit  0x000000000001c780       0x9c /home/Monty/ps3toolchain/PSL1GHT/ppu/lib/librsx.a(init.o)
 *fill*         0x000000000001c81c        0x4 60000000
 .text.rsxSetupContextData
                0x000000000001c820       0x48 /home/Monty/ps3toolchain/PSL1GHT/ppu/lib/librsx.a(init.o)
 .text.rsxSetCurrentBuffer
                0x000000000001c868       0x48 /home/Monty/ps3toolchain/PSL1GHT/ppu/lib/librsx.a(init.o)
 .text.rsxSetDefaultCommandBuffer
                0x000000000001c8b0       0x50 /home/Monty/ps3toolchain/PSL1GHT/ppu/lib/librsx.a(init.o)
 .text.rsxSetUserCallback
                0x000000000001c900       0x18 /home/Monty/ps3toolchain/PSL1GHT/ppu/lib/librsx.a(init.o)
 .text.rsxGetCurrentBuffer
                0x000000000001c918       0x1c /home/Monty/ps3toolchain/PSL1GHT/ppu/lib/librsx.a(init.o)
 .text          0x000000000001c934        0x0 /home/Monty/ps3toolchain/PSL1GHT/ppu/lib/librsx.a(buffer.o)
 *fill*         0x000000000001c934        0x4 60000000
 .text.rsxResetCommandBufferUnsafe
                0x000000000001c938       0x80 /home/Monty/ps3toolchain/PSL1GHT/ppu/lib/librsx.a(buffer.o)
 .text.rsxFlushBufferUnsafe
                0x000000000001c9b8       0x78 /home/Monty/ps3toolchain/PSL1GHT/ppu/lib/librsx.a(buffer.o)
 .text.rsxFinishUnsafe
                0x000000000001ca30       0x84 /home/Monty/ps3toolchain/PSL1GHT/ppu/lib/librsx.a(buffer.o)
 *fill*         0x000000000001cab4        0x4 60000000
 .text.rsxResetCommandBuffer
                0x000000000001cab8       0x80 /home/Monty/ps3toolchain/PSL1GHT/ppu/lib/librsx.a(buffer.o)
 .text.rsxFlushBuffer
                0x000000000001cb38       0x10 /home/Monty/ps3toolchain/PSL1GHT/ppu/lib/librsx.a(buffer.o)
 .text.rsxFinish
                0x000000000001cb48       0x84 /home/Monty/ps3toolchain/PSL1GHT/ppu/lib/librsx.a(buffer.o)
 .text          0x000000000001cbcc        0x0 /home/Monty/ps3toolchain/PSL1GHT/ppu/lib/librsx.a(commands.o)
 *fill*         0x000000000001cbcc        0x4 60000000
 .text.rsxSetReturnCommandUnsafe
                0x000000000001cbd0       0x24 /home/Monty/ps3toolchain/PSL1GHT/ppu/lib/librsx.a(commands.o)
 *fill*         0x000000000001cbf4        0x4 60000000
 .text.rsxSetCallCommandUnsafe
                0x000000000001cbf8       0x24 /home/Monty/ps3toolchain/PSL1GHT/ppu/lib/librsx.a(commands.o)
 *fill*         0x000000000001cc1c        0x4 60000000
 .text.rsxSetJumpCommandUnsafe
                0x000000000001cc20       0x24 /home/Monty/ps3toolchain/PSL1GHT/ppu/lib/librsx.a(commands.o)
 *fill*         0x000000000001cc44        0x4 60000000
 .text.rsxSetNopCommandUnsafe
                0x000000000001cc48       0x98 /home/Monty/ps3toolchain/PSL1GHT/ppu/lib/librsx.a(commands.o)
 .text.rsxSetSkipNopUnsafe
                0x000000000001cce0       0x34 /home/Monty/ps3toolchain/PSL1GHT/ppu/lib/librsx.a(commands.o)
 *fill*         0x000000000001cd14        0x4 60000000
 .text.rsxSetClearColorUnsafe
                0x000000000001cd18       0x2c /home/Monty/ps3toolchain/PSL1GHT/ppu/lib/librsx.a(commands.o)
 *fill*         0x000000000001cd44        0x4 60000000
 .text.rsxSetClearDepthStencilUnsafe
                0x000000000001cd48       0x2c /home/Monty/ps3toolchain/PSL1GHT/ppu/lib/librsx.a(commands.o)
 *fill*         0x000000000001cd74        0x4 60000000
 .text.rsxSetReferenceCommandUnsafe
                0x000000000001cd78       0x2c /home/Monty/ps3toolchain/PSL1GHT/ppu/lib/librsx.a(commands.o)
 *fill*         0x000000000001cda4        0x4 60000000
 .text.rsxSetWriteBackendLabelUnsafe
                0x000000000001cda8       0x58 /home/Monty/ps3toolchain/PSL1GHT/ppu/lib/librsx.a(commands.o)
 .text.rsxSetWriteTextureLabelUnsafe
                0x000000000001ce00       0x40 /home/Monty/ps3toolchain/PSL1GHT/ppu/lib/librsx.a(commands.o)
 .text.rsxSetWaitLabelUnsafe
                0x000000000001ce40       0x40 /home/Monty/ps3toolchain/PSL1GHT/ppu/lib/librsx.a(commands.o)
 .text.rsxSetWriteCommandLabelUnsafe
                0x000000000001ce80       0x40 /home/Monty/ps3toolchain/PSL1GHT/ppu/lib/librsx.a(commands.o)
 .text.rsxSetSurfaceUnsafe
                0x000000000001cec0      0x1cc /home/Monty/ps3toolchain/PSL1GHT/ppu/lib/librsx.a(commands.o)
 *fill*         0x000000000001d08c        0x4 60000000
 .text.rsxSetColorMaskUnsafe
                0x000000000001d090       0x2c /home/Monty/ps3toolchain/PSL1GHT/ppu/lib/librsx.a(commands.o)
 *fill*         0x000000000001d0bc        0x4 60000000
 .text.rsxSetColorMaskMrtUnsafe
                0x000000000001d0c0       0x2c /home/Monty/ps3toolchain/PSL1GHT/ppu/lib/librsx.a(commands.o)
 *fill*         0x000000000001d0ec        0x4 60000000
 .text.rsxSetShadeModelUnsafe
                0x000000000001d0f0       0x2c /home/Monty/ps3toolchain/PSL1GHT/ppu/lib/librsx.a(commands.o)
 *fill*         0x000000000001d11c        0x4 60000000
 .text.rsxSetViewportUnsafe
                0x000000000001d120      0x108 /home/Monty/ps3toolchain/PSL1GHT/ppu/lib/librsx.a(commands.o)
 .text.rsxSetViewportClipUnsafe
                0x000000000001d228       0x44 /home/Monty/ps3toolchain/PSL1GHT/ppu/lib/librsx.a(commands.o)
 *fill*         0x000000000001d26c        0x4 60000000
 .text.rsxSetUserClipPlaneControlUnsafe
                0x000000000001d270       0x54 /home/Monty/ps3toolchain/PSL1GHT/ppu/lib/librsx.a(commands.o)
 *fill*         0x000000000001d2c4        0x4 60000000
 .text.rsxSetDepthTestEnableUnsafe
                0x000000000001d2c8       0x2c /home/Monty/ps3toolchain/PSL1GHT/ppu/lib/librsx.a(commands.o)
 *fill*         0x000000000001d2f4        0x4 60000000
 .text.rsxSetDepthFuncUnsafe
                0x000000000001d2f8       0x2c /home/Monty/ps3toolchain/PSL1GHT/ppu/lib/librsx.a(commands.o)
 *fill*         0x000000000001d324        0x4 60000000
 .text.rsxSetDepthWriteEnableUnsafe
                0x000000000001d328       0x2c /home/Monty/ps3toolchain/PSL1GHT/ppu/lib/librsx.a(commands.o)
 *fill*         0x000000000001d354        0x4 60000000
 .text.rsxSetDepthFormatUnsafe
                0x000000000001d358       0x34 /home/Monty/ps3toolchain/PSL1GHT/ppu/lib/librsx.a(commands.o)
 *fill*         0x000000000001d38c        0x4 60000000
 .text.rsxSetCullFaceEnableUnsafe
                0x000000000001d390       0x2c /home/Monty/ps3toolchain/PSL1GHT/ppu/lib/librsx.a(commands.o)
 *fill*         0x000000000001d3bc        0x4 60000000
 .text.rsxSetCullFaceUnsafe
                0x000000000001d3c0       0x2c /home/Monty/ps3toolchain/PSL1GHT/ppu/lib/librsx.a(commands.o)
 *fill*         0x000000000001d3ec        0x4 60000000
 .text.rsxSetFrontFaceUnsafe
                0x000000000001d3f0       0x2c /home/Monty/ps3toolchain/PSL1GHT/ppu/lib/librsx.a(commands.o)
 *fill*         0x000000000001d41c        0x4 60000000
 .text.rsxSetFrontPolygonModeUnsafe
                0x000000000001d420       0x2c /home/Monty/ps3toolchain/PSL1GHT/ppu/lib/librsx.a(commands.o)
 *fill*         0x000000000001d44c        0x4 60000000
 .text.rsxSetBackPolygonModeUnsafe
                0x000000000001d450       0x2c /home/Monty/ps3toolchain/PSL1GHT/ppu/lib/librsx.a(commands.o)
 *fill*         0x000000000001d47c        0x4 60000000
 .text.rsxSetPolygonOffsetFillEnableUnsafe
                0x000000000001d480       0x2c /home/Monty/ps3toolchain/PSL1GHT/ppu/lib/librsx.a(commands.o)
 *fill*         0x000000000001d4ac        0x4 60000000
 .text.rsxSetPolygonOffsetUnsafe
                0x000000000001d4b0       0x40 /home/Monty/ps3toolchain/PSL1GHT/ppu/lib/librsx.a(commands.o)
 .text.rsxSetPolygonOffsetLineEnableUnsafe
                0x000000000001d4f0       0x2c /home/Monty/ps3toolchain/PSL1GHT/ppu/lib/librsx.a(commands.o)
 *fill*         0x000000000001d51c        0x4 60000000
 .text.rsxClearSurfaceUnsafe
                0x000000000001d520       0x3c /home/Monty/ps3toolchain/PSL1GHT/ppu/lib/librsx.a(commands.o)
 *fill*         0x000000000001d55c        0x4 60000000
 .text.rsxSetCylindricalWrapUnsafe
                0x000000000001d560       0x2c /home/Monty/ps3toolchain/PSL1GHT/ppu/lib/librsx.a(commands.o)
 *fill*         0x000000000001d58c        0x4 60000000
 .text.rsxSetTwoSideLightEnableUnsafe
                0x000000000001d590       0x2c /home/Monty/ps3toolchain/PSL1GHT/ppu/lib/librsx.a(commands.o)
 *fill*         0x000000000001d5bc        0x4 60000000
 .text.rsxSetStencilFuncUnsafe
                0x000000000001d5c0       0x34 /home/Monty/ps3toolchain/PSL1GHT/ppu/lib/librsx.a(commands.o)
 *fill*         0x000000000001d5f4        0x4 60000000
 .text.rsxSetStencilMaskUnsafe
                0x000000000001d5f8       0x2c /home/Monty/ps3toolchain/PSL1GHT/ppu/lib/librsx.a(commands.o)
 *fill*         0x000000000001d624        0x4 60000000
 .text.rsxSetStencilOpUnsafe
                0x000000000001d628       0x34 /home/Monty/ps3toolchain/PSL1GHT/ppu/lib/librsx.a(commands.o)
 *fill*         0x000000000001d65c        0x4 60000000
 .text.rsxSetStencilTestEnableUnsafe
                0x000000000001d660       0x2c /home/Monty/ps3toolchain/PSL1GHT/ppu/lib/librsx.a(commands.o)
 *fill*         0x000000000001d68c        0x4 60000000
 .text.rsxSetBackStencilFuncUnsafe
                0x000000000001d690       0x34 /home/Monty/ps3toolchain/PSL1GHT/ppu/lib/librsx.a(commands.o)
 *fill*         0x000000000001d6c4        0x4 60000000
 .text.rsxSetBackStencilMaskUnsafe
                0x000000000001d6c8       0x2c /home/Monty/ps3toolchain/PSL1GHT/ppu/lib/librsx.a(commands.o)
 *fill*         0x000000000001d6f4        0x4 60000000
 .text.rsxSetBackStencilOpUnsafe
                0x000000000001d6f8       0x34 /home/Monty/ps3toolchain/PSL1GHT/ppu/lib/librsx.a(commands.o)
 *fill*         0x000000000001d72c        0x4 60000000
 .text.rsxSetTwoSidedStencilTestEnableUnsafe
                0x000000000001d730       0x2c /home/Monty/ps3toolchain/PSL1GHT/ppu/lib/librsx.a(commands.o)
 *fill*         0x000000000001d75c        0x4 60000000
 .text.rsxSetRenderEnableUnsafe
                0x000000000001d760       0x70 /home/Monty/ps3toolchain/PSL1GHT/ppu/lib/librsx.a(commands.o)
 .text.rsxSetReportUnsafe
                0x000000000001d7d0       0x38 /home/Monty/ps3toolchain/PSL1GHT/ppu/lib/librsx.a(commands.o)
 .text.rsxSetClearReportUnsafe
                0x000000000001d808       0x2c /home/Monty/ps3toolchain/PSL1GHT/ppu/lib/librsx.a(commands.o)
 *fill*         0x000000000001d834        0x4 60000000
 .text.rsxSetZPixelCountEnableUnsafe
                0x000000000001d838       0x2c /home/Monty/ps3toolchain/PSL1GHT/ppu/lib/librsx.a(commands.o)
 *fill*         0x000000000001d864        0x4 60000000
 .text.rsxSetSCullControlUnsafe
                0x000000000001d868       0x3c /home/Monty/ps3toolchain/PSL1GHT/ppu/lib/librsx.a(commands.o)
 *fill*         0x000000000001d8a4        0x4 60000000
 .text.rsxSetZCullLimitUnsafe
                0x000000000001d8a8       0x34 /home/Monty/ps3toolchain/PSL1GHT/ppu/lib/librsx.a(commands.o)
 *fill*         0x000000000001d8dc        0x4 60000000
 .text.rsxSetZCullStatsEnableUnsafe
                0x000000000001d8e0       0x2c /home/Monty/ps3toolchain/PSL1GHT/ppu/lib/librsx.a(commands.o)
 *fill*         0x000000000001d90c        0x4 60000000
 .text.rsxSetZCullControlUnsafe
                0x000000000001d910       0x34 /home/Monty/ps3toolchain/PSL1GHT/ppu/lib/librsx.a(commands.o)
 *fill*         0x000000000001d944        0x4 60000000
 .text.rsxSetClearZCullSurfaceUnsafe
                0x000000000001d948       0x34 /home/Monty/ps3toolchain/PSL1GHT/ppu/lib/librsx.a(commands.o)
 *fill*         0x000000000001d97c        0x4 60000000
 .text.rsxSetZCullEnableUnsafe
                0x000000000001d980       0x34 /home/Monty/ps3toolchain/PSL1GHT/ppu/lib/librsx.a(commands.o)
 *fill*         0x000000000001d9b4        0x4 60000000
 .text.rsxSetZCullInvalidateUnsafe
                0x000000000001d9b8       0x2c /home/Monty/ps3toolchain/PSL1GHT/ppu/lib/librsx.a(commands.o)
 *fill*         0x000000000001d9e4        0x4 60000000
 .text.rsxSetPolygonSmoothEnableUnsafe
                0x000000000001d9e8       0x2c /home/Monty/ps3toolchain/PSL1GHT/ppu/lib/librsx.a(commands.o)
 *fill*         0x000000000001da14        0x4 60000000
 .text.rsxSetDitherEnableUnsafe
                0x000000000001da18       0x2c /home/Monty/ps3toolchain/PSL1GHT/ppu/lib/librsx.a(commands.o)
 *fill*         0x000000000001da44        0x4 60000000
 .text.rsxLoadVertexProgramBlockUnsafe
                0x000000000001da48      0x2ac /home/Monty/ps3toolchain/PSL1GHT/ppu/lib/librsx.a(commands.o)
 *fill*         0x000000000001dcf4        0x4 60000000
 .text.rsxLoadFragmentProgramLocationUnsafe
                0x000000000001dcf8      0x16c /home/Monty/ps3toolchain/PSL1GHT/ppu/lib/librsx.a(commands.o)
 *fill*         0x000000000001de64        0x4 60000000
 .text.rsxUpdateFragmentProgramLocationUnsafe
                0x000000000001de68       0x38 /home/Monty/ps3toolchain/PSL1GHT/ppu/lib/librsx.a(commands.o)
 .text.rsxSetFragmentProgramControlUnsafe
                0x000000000001dea0       0x54 /home/Monty/ps3toolchain/PSL1GHT/ppu/lib/librsx.a(commands.o)
 *fill*         0x000000000001def4        0x4 60000000
 .text.rsxLoadVertexProgramParameterBlockUnsafe
                0x000000000001def8      0x290 /home/Monty/ps3toolchain/PSL1GHT/ppu/lib/librsx.a(commands.o)
 .text.rsxLoadVertexProgramUnsafe
                0x000000000001e188       0xec /home/Monty/ps3toolchain/PSL1GHT/ppu/lib/librsx.a(commands.o)
 *fill*         0x000000000001e274        0x4 60000000
 .text.rsxSetVertexProgramParameterUnsafe
                0x000000000001e278      0x218 /home/Monty/ps3toolchain/PSL1GHT/ppu/lib/librsx.a(commands.o)
 .text.rsxSetVertexProgramConstantsUnsafe
                0x000000000001e490      0x210 /home/Monty/ps3toolchain/PSL1GHT/ppu/lib/librsx.a(commands.o)
 .text.rsxSetVertexAttribOutputMaskUnsafe
                0x000000000001e6a0       0x2c /home/Monty/ps3toolchain/PSL1GHT/ppu/lib/librsx.a(commands.o)
 *fill*         0x000000000001e6cc        0x4 60000000
 .text.rsxSetFragmentProgramGammaEnableUnsafe
                0x000000000001e6d0       0x2c /home/Monty/ps3toolchain/PSL1GHT/ppu/lib/librsx.a(commands.o)
 *fill*         0x000000000001e6fc        0x4 60000000
 .text.rsxDrawVertexBeginUnsafe
                0x000000000001e700       0x2c /home/Monty/ps3toolchain/PSL1GHT/ppu/lib/librsx.a(commands.o)
 *fill*         0x000000000001e72c        0x4 60000000
 .text.rsxDrawVertexEndUnsafe
                0x000000000001e730       0x2c /home/Monty/ps3toolchain/PSL1GHT/ppu/lib/librsx.a(commands.o)
 *fill*         0x000000000001e75c        0x4 60000000
 .text.rsxDrawVertex1fUnsafe
                0x000000000001e760       0x38 /home/Monty/ps3toolchain/PSL1GHT/ppu/lib/librsx.a(commands.o)
 .text.rsxDrawVertex2fUnsafe
                0x000000000001e798       0x40 /home/Monty/ps3toolchain/PSL1GHT/ppu/lib/librsx.a(commands.o)
 .text.rsxDrawVertex3fUnsafe
                0x000000000001e7d8       0x48 /home/Monty/ps3toolchain/PSL1GHT/ppu/lib/librsx.a(commands.o)
 .text.rsxDrawVertex4fUnsafe
                0x000000000001e820       0x48 /home/Monty/ps3toolchain/PSL1GHT/ppu/lib/librsx.a(commands.o)
 .text.rsxDrawVertex4sUnsafe
                0x000000000001e868       0x5c /home/Monty/ps3toolchain/PSL1GHT/ppu/lib/librsx.a(commands.o)
 *fill*         0x000000000001e8c4        0x4 60000000
 .text.rsxDrawVertexScaled4sUnsafe
                0x000000000001e8c8       0x5c /home/Monty/ps3toolchain/PSL1GHT/ppu/lib/librsx.a(commands.o)
 *fill*         0x000000000001e924        0x4 60000000
 .text.rsxDrawVertex2sUnsafe
                0x000000000001e928       0x44 /home/Monty/ps3toolchain/PSL1GHT/ppu/lib/librsx.a(commands.o)
 *fill*         0x000000000001e96c        0x4 60000000
 .text.rsxDrawVertex4ubUnsafe
                0x000000000001e970       0x34 /home/Monty/ps3toolchain/PSL1GHT/ppu/lib/librsx.a(commands.o)
 *fill*         0x000000000001e9a4        0x4 60000000
 .text.rsxSetFrequencyDividerOperationUnsafe
                0x000000000001e9a8       0x2c /home/Monty/ps3toolchain/PSL1GHT/ppu/lib/librsx.a(commands.o)
 *fill*         0x000000000001e9d4        0x4 60000000
 .text.rsxInvalidateVertexCacheUnsafe
                0x000000000001e9d8       0x44 /home/Monty/ps3toolchain/PSL1GHT/ppu/lib/librsx.a(commands.o)
 *fill*         0x000000000001ea1c        0x4 60000000
 .text.rsxInvalidateTextureCacheUnsafe
                0x000000000001ea20       0x2c /home/Monty/ps3toolchain/PSL1GHT/ppu/lib/librsx.a(commands.o)
 *fill*         0x000000000001ea4c        0x4 60000000
 .text.rsxLoadTextureUnsafe
                0x000000000001ea50       0xc0 /home/Monty/ps3toolchain/PSL1GHT/ppu/lib/librsx.a(commands.o)
 .text.rsxLoadVertexTextureUnsafe
                0x000000000001eb10       0x8c /home/Monty/ps3toolchain/PSL1GHT/ppu/lib/librsx.a(commands.o)
 *fill*         0x000000000001eb9c        0x4 60000000
 .text.rsxTextureControlUnsafe
                0x000000000001eba0       0x4c /home/Monty/ps3toolchain/PSL1GHT/ppu/lib/librsx.a(commands.o)
 *fill*         0x000000000001ebec        0x4 60000000
 .text.rsxVertexTextureControlUnsafe
                0x000000000001ebf0       0x44 /home/Monty/ps3toolchain/PSL1GHT/ppu/lib/librsx.a(commands.o)
 *fill*         0x000000000001ec34        0x4 60000000
 .text.rsxTextureFilterUnsafe
                0x000000000001ec38       0x44 /home/Monty/ps3toolchain/PSL1GHT/ppu/lib/librsx.a(commands.o)
 *fill*         0x000000000001ec7c        0x4 60000000
 .text.rsxVertexTextureFilterUnsafe
                0x000000000001ec80       0x30 /home/Monty/ps3toolchain/PSL1GHT/ppu/lib/librsx.a(commands.o)
 .text.rsxTextureWrapModeUnsafe
                0x000000000001ecb0       0x58 /home/Monty/ps3toolchain/PSL1GHT/ppu/lib/librsx.a(commands.o)
 .text.rsxVertexTextureWrapModeUnsafe
                0x000000000001ed08       0x38 /home/Monty/ps3toolchain/PSL1GHT/ppu/lib/librsx.a(commands.o)
 .text.rsxTextureBorderColorUnsafe
                0x000000000001ed40       0x30 /home/Monty/ps3toolchain/PSL1GHT/ppu/lib/librsx.a(commands.o)
 .text.rsxVertexTextureBorderColorUnsafe
                0x000000000001ed70       0x30 /home/Monty/ps3toolchain/PSL1GHT/ppu/lib/librsx.a(commands.o)
 .text.rsxTextureOptimizationUnsafe
                0x000000000001eda0       0x44 /home/Monty/ps3toolchain/PSL1GHT/ppu/lib/librsx.a(commands.o)
 *fill*         0x000000000001ede4        0x4 60000000
 .text.rsxTextureAnisoSpreadUnsafe
                0x000000000001ede8       0x5c /home/Monty/ps3toolchain/PSL1GHT/ppu/lib/librsx.a(commands.o)
 *fill*         0x000000000001ee44        0x4 60000000
 .text.rsxSetZMinMaxControlUnsafe
                0x000000000001ee48       0x3c /home/Monty/ps3toolchain/PSL1GHT/ppu/lib/librsx.a(commands.o)
 *fill*         0x000000000001ee84        0x4 60000000
 .text.rsxSetDepthBoundsTestEnableUnsafe
                0x000000000001ee88       0x2c /home/Monty/ps3toolchain/PSL1GHT/ppu/lib/librsx.a(commands.o)
 *fill*         0x000000000001eeb4        0x4 60000000
 .text.rsxSetDepthBoundsUnsafe
                0x000000000001eeb8       0x40 /home/Monty/ps3toolchain/PSL1GHT/ppu/lib/librsx.a(commands.o)
 .text.rsxBindVertexArrayAttribUnsafe
                0x000000000001eef8       0x60 /home/Monty/ps3toolchain/PSL1GHT/ppu/lib/librsx.a(commands.o)
 .text.rsxDrawVertexArrayUnsafe
                0x000000000001ef58      0x1e4 /home/Monty/ps3toolchain/PSL1GHT/ppu/lib/librsx.a(commands.o)
 *fill*         0x000000000001f13c        0x4 60000000
 .text.rsxDrawInlineVertexArrayUnsafe
                0x000000000001f140      0x1a0 /home/Monty/ps3toolchain/PSL1GHT/ppu/lib/librsx.a(commands.o)
 .text.rsxDrawIndexArrayUnsafe
                0x000000000001f2e0      0x23c /home/Monty/ps3toolchain/PSL1GHT/ppu/lib/librsx.a(commands.o)
 *fill*         0x000000000001f51c        0x4 60000000
 .text.rsxDrawInlineIndexArray16Unsafe
                0x000000000001f520      0x208 /home/Monty/ps3toolchain/PSL1GHT/ppu/lib/librsx.a(commands.o)
 .text.rsxDrawInlineIndexArray32Unsafe
                0x000000000001f728      0x1a8 /home/Monty/ps3toolchain/PSL1GHT/ppu/lib/librsx.a(commands.o)
 .text.rsxSetRestartIndexEnableUnsafe
                0x000000000001f8d0       0x2c /home/Monty/ps3toolchain/PSL1GHT/ppu/lib/librsx.a(commands.o)
 *fill*         0x000000000001f8fc        0x4 60000000
 .text.rsxSetRestartIndexUnsafe
                0x000000000001f900       0x2c /home/Monty/ps3toolchain/PSL1GHT/ppu/lib/librsx.a(commands.o)
 *fill*         0x000000000001f92c        0x4 60000000
 .text.rsxSetScissorUnsafe
                0x000000000001f930       0x40 /home/Monty/ps3toolchain/PSL1GHT/ppu/lib/librsx.a(commands.o)
 .text.rsxSetAntialiasingControlUnsafe
                0x000000000001f970       0x44 /home/Monty/ps3toolchain/PSL1GHT/ppu/lib/librsx.a(commands.o)
 *fill*         0x000000000001f9b4        0x4 60000000
 .text.rsxInlineTransferUnsafe
                0x000000000001f9b8      0x18c /home/Monty/ps3toolchain/PSL1GHT/ppu/lib/librsx.a(commands.o)
 *fill*         0x000000000001fb44        0x4 60000000
 .text.rsxSetFragmentProgramParameterUnsafe
                0x000000000001fb48      0x5d8 /home/Monty/ps3toolchain/PSL1GHT/ppu/lib/librsx.a(commands.o)
 .text.rsxSetAlphaFuncUnsafe
                0x0000000000020120       0x30 /home/Monty/ps3toolchain/PSL1GHT/ppu/lib/librsx.a(commands.o)
 .text.rsxSetAlphaTestEnableUnsafe
                0x0000000000020150       0x2c /home/Monty/ps3toolchain/PSL1GHT/ppu/lib/librsx.a(commands.o)
 *fill*         0x000000000002017c        0x4 60000000
 .text.rsxSetBlendFuncUnsafe
                0x0000000000020180       0x40 /home/Monty/ps3toolchain/PSL1GHT/ppu/lib/librsx.a(commands.o)
 .text.rsxSetBlendEquationUnsafe
                0x00000000000201c0       0x34 /home/Monty/ps3toolchain/PSL1GHT/ppu/lib/librsx.a(commands.o)
 *fill*         0x00000000000201f4        0x4 60000000
 .text.rsxSetBlendColorUnsafe
                0x00000000000201f8       0x3c /home/Monty/ps3toolchain/PSL1GHT/ppu/lib/librsx.a(commands.o)
 *fill*         0x0000000000020234        0x4 60000000
 .text.rsxSetBlendEnableUnsafe
                0x0000000000020238       0x2c /home/Monty/ps3toolchain/PSL1GHT/ppu/lib/librsx.a(commands.o)
 *fill*         0x0000000000020264        0x4 60000000
 .text.rsxSetBlendOptimizationUnsafe
                0x0000000000020268       0x2c /home/Monty/ps3toolchain/PSL1GHT/ppu/lib/librsx.a(commands.o)
 *fill*         0x0000000000020294        0x4 60000000
 .text.rsxSetBlendEnableMrtUnsafe
                0x0000000000020298       0x40 /home/Monty/ps3toolchain/PSL1GHT/ppu/lib/librsx.a(commands.o)
 .text.rsxSetLogicOpUnsafe
                0x00000000000202d8       0x2c /home/Monty/ps3toolchain/PSL1GHT/ppu/lib/librsx.a(commands.o)
 *fill*         0x0000000000020304        0x4 60000000
 .text.rsxSetLogicOpEnableUnsafe
                0x0000000000020308       0x2c /home/Monty/ps3toolchain/PSL1GHT/ppu/lib/librsx.a(commands.o)
 *fill*         0x0000000000020334        0x4 60000000
 .text.rsxSetFogModeUnsafe
                0x0000000000020338       0x2c /home/Monty/ps3toolchain/PSL1GHT/ppu/lib/librsx.a(commands.o)
 *fill*         0x0000000000020364        0x4 60000000
 .text.rsxSetFogParamsUnsafe
                0x0000000000020368       0x40 /home/Monty/ps3toolchain/PSL1GHT/ppu/lib/librsx.a(commands.o)
 .text.rsxSetTransformBranchBitsUnsafe
                0x00000000000203a8       0x2c /home/Monty/ps3toolchain/PSL1GHT/ppu/lib/librsx.a(commands.o)
 *fill*         0x00000000000203d4        0x4 60000000
 .text.rsxSetPointSpriteControlUnsafe
                0x00000000000203d8       0x48 /home/Monty/ps3toolchain/PSL1GHT/ppu/lib/librsx.a(commands.o)
 .text.rsxSetPointSizeUnsafe
                0x0000000000020420       0x34 /home/Monty/ps3toolchain/PSL1GHT/ppu/lib/librsx.a(commands.o)
 *fill*         0x0000000000020454        0x4 60000000
 .text.rsxSetTransferDataUnsafe
                0x0000000000020458      0x1a4 /home/Monty/ps3toolchain/PSL1GHT/ppu/lib/librsx.a(commands.o)
 *fill*         0x00000000000205fc        0x4 60000000
 .text.rsxSetTransferDataModeUnsafe
                0x0000000000020600       0x70 /home/Monty/ps3toolchain/PSL1GHT/ppu/lib/librsx.a(commands.o)
 .text.rsxSetTransferDataOffsetUnsafe
                0x0000000000020670       0x5c /home/Monty/ps3toolchain/PSL1GHT/ppu/lib/librsx.a(commands.o)
 *fill*         0x00000000000206cc        0x4 60000000
 .text.rsxSetTransferDataFormatUnsafe
                0x00000000000206d0       0x44 /home/Monty/ps3toolchain/PSL1GHT/ppu/lib/librsx.a(commands.o)
 *fill*         0x0000000000020714        0x4 60000000
 .text.rsxSetTransferImageUnsafe
                0x0000000000020718      0x4ac /home/Monty/ps3toolchain/PSL1GHT/ppu/lib/librsx.a(commands.o)
 *fill*         0x0000000000020bc4        0x4 60000000
 .text.rsxSetTransferScaleModeUnsafe
                0x0000000000020bc8       0xe8 /home/Monty/ps3toolchain/PSL1GHT/ppu/lib/librsx.a(commands.o)
 .text.rsxSetTransferScaleSurfaceUnsafe
                0x0000000000020cb0      0x140 /home/Monty/ps3toolchain/PSL1GHT/ppu/lib/librsx.a(commands.o)
 .text.rsxSetTransferScaleSwizzleUnsafe
                0x0000000000020df0      0x140 /home/Monty/ps3toolchain/PSL1GHT/ppu/lib/librsx.a(commands.o)
 .text.rsxSetTimeStampUnsafe
                0x0000000000020f30       0x34 /home/Monty/ps3toolchain/PSL1GHT/ppu/lib/librsx.a(commands.o)
 *fill*         0x0000000000020f64        0x4 60000000
 .text.rsxSetWaitForIdleUnsafe
                0x0000000000020f68       0x2c /home/Monty/ps3toolchain/PSL1GHT/ppu/lib/librsx.a(commands.o)
 *fill*         0x0000000000020f94        0x4 60000000
 .text.rsxContextCallback
                0x0000000000020f98       0x50 /home/Monty/ps3toolchain/PSL1GHT/ppu/lib/librsx.a(commands.o)
 .text.rsxSetReturnCommand
                0x0000000000020fe8       0x90 /home/Monty/ps3toolchain/PSL1GHT/ppu/lib/librsx.a(commands.o)
 .text.rsxSetCallCommand
                0x0000000000021078       0x9c /home/Monty/ps3toolchain/PSL1GHT/ppu/lib/librsx.a(commands.o)
 *fill*         0x0000000000021114        0x4 60000000
 .text.rsxSetJumpCommand
                0x0000000000021118       0x9c /home/Monty/ps3toolchain/PSL1GHT/ppu/lib/librsx.a(commands.o)
 *fill*         0x00000000000211b4        0x4 60000000
 .text.rsxSetNopCommand
                0x00000000000211b8      0x118 /home/Monty/ps3toolchain/PSL1GHT/ppu/lib/librsx.a(commands.o)
 .text.rsxSetSkipNop
                0x00000000000212d0       0xc0 /home/Monty/ps3toolchain/PSL1GHT/ppu/lib/librsx.a(commands.o)
 .text.rsxSetClearColor
                0x0000000000021390       0xa4 /home/Monty/ps3toolchain/PSL1GHT/ppu/lib/librsx.a(commands.o)
 *fill*         0x0000000000021434        0x4 60000000
 .text.rsxSetClearDepthStencil
                0x0000000000021438       0xa4 /home/Monty/ps3toolchain/PSL1GHT/ppu/lib/librsx.a(commands.o)
 *fill*         0x00000000000214dc        0x4 60000000
 .text.rsxSetReferenceCommand
                0x00000000000214e0       0xa4 /home/Monty/ps3toolchain/PSL1GHT/ppu/lib/librsx.a(commands.o)
 *fill*         0x0000000000021584        0x4 60000000
 .text.rsxSetWriteBackendLabel
                0x0000000000021588       0xd8 /home/Monty/ps3toolchain/PSL1GHT/ppu/lib/librsx.a(commands.o)
 .text.rsxSetWriteTextureLabel
                0x0000000000021660       0xbc /home/Monty/ps3toolchain/PSL1GHT/ppu/lib/librsx.a(commands.o)
 *fill*         0x000000000002171c        0x4 60000000
 .text.rsxSetWaitLabel
                0x0000000000021720       0xbc /home/Monty/ps3toolchain/PSL1GHT/ppu/lib/librsx.a(commands.o)
 *fill*         0x00000000000217dc        0x4 60000000
 .text.rsxSetWriteCommandLabel
                0x00000000000217e0       0xbc /home/Monty/ps3toolchain/PSL1GHT/ppu/lib/librsx.a(commands.o)
 *fill*         0x000000000002189c        0x4 60000000
 .text.rsxSetSurface
                0x00000000000218a0      0x254 /home/Monty/ps3toolchain/PSL1GHT/ppu/lib/librsx.a(commands.o)
 *fill*         0x0000000000021af4        0x4 60000000
 .text.rsxSetColorMask
                0x0000000000021af8       0xa4 /home/Monty/ps3toolchain/PSL1GHT/ppu/lib/librsx.a(commands.o)
 *fill*         0x0000000000021b9c        0x4 60000000
 .text.rsxSetColorMaskMrt
                0x0000000000021ba0       0xa4 /home/Monty/ps3toolchain/PSL1GHT/ppu/lib/librsx.a(commands.o)
 *fill*         0x0000000000021c44        0x4 60000000
 .text.rsxSetShadeModel
                0x0000000000021c48       0xa4 /home/Monty/ps3toolchain/PSL1GHT/ppu/lib/librsx.a(commands.o)
 *fill*         0x0000000000021cec        0x4 60000000
 .text.rsxSetViewport
                0x0000000000021cf0      0x1e8 /home/Monty/ps3toolchain/PSL1GHT/ppu/lib/librsx.a(commands.o)
 .text.rsxSetViewportClip
                0x0000000000021ed8       0xcc /home/Monty/ps3toolchain/PSL1GHT/ppu/lib/librsx.a(commands.o)
 *fill*         0x0000000000021fa4        0x4 60000000
 .text.rsxSetUserClipPlaneControl
                0x0000000000021fa8       0xf4 /home/Monty/ps3toolchain/PSL1GHT/ppu/lib/librsx.a(commands.o)
 *fill*         0x000000000002209c        0x4 60000000
 .text.rsxSetDepthTestEnable
                0x00000000000220a0       0xa4 /home/Monty/ps3toolchain/PSL1GHT/ppu/lib/librsx.a(commands.o)
 *fill*         0x0000000000022144        0x4 60000000
 .text.rsxSetDepthFunc
                0x0000000000022148       0xa4 /home/Monty/ps3toolchain/PSL1GHT/ppu/lib/librsx.a(commands.o)
 *fill*         0x00000000000221ec        0x4 60000000
 .text.rsxSetDepthWriteEnable
                0x00000000000221f0       0xa4 /home/Monty/ps3toolchain/PSL1GHT/ppu/lib/librsx.a(commands.o)
 *fill*         0x0000000000022294        0x4 60000000
 .text.rsxSetDepthFormat
                0x0000000000022298       0xac /home/Monty/ps3toolchain/PSL1GHT/ppu/lib/librsx.a(commands.o)
 *fill*         0x0000000000022344        0x4 60000000
 .text.rsxSetCullFaceEnable
                0x0000000000022348       0xa4 /home/Monty/ps3toolchain/PSL1GHT/ppu/lib/librsx.a(commands.o)
 *fill*         0x00000000000223ec        0x4 60000000
 .text.rsxSetCullFace
                0x00000000000223f0       0xa4 /home/Monty/ps3toolchain/PSL1GHT/ppu/lib/librsx.a(commands.o)
 *fill*         0x0000000000022494        0x4 60000000
 .text.rsxSetFrontFace
                0x0000000000022498       0xa4 /home/Monty/ps3toolchain/PSL1GHT/ppu/lib/librsx.a(commands.o)
 *fill*         0x000000000002253c        0x4 60000000
 .text.rsxSetFrontPolygonMode
                0x0000000000022540       0xa4 /home/Monty/ps3toolchain/PSL1GHT/ppu/lib/librsx.a(commands.o)
 *fill*         0x00000000000225e4        0x4 60000000
 .text.rsxSetBackPolygonMode
                0x00000000000225e8       0xa4 /home/Monty/ps3toolchain/PSL1GHT/ppu/lib/librsx.a(commands.o)
 *fill*         0x000000000002268c        0x4 60000000
 .text.rsxSetPolygonOffsetFillEnable
                0x0000000000022690       0xa4 /home/Monty/ps3toolchain/PSL1GHT/ppu/lib/librsx.a(commands.o)
 *fill*         0x0000000000022734        0x4 60000000
 .text.rsxSetPolygonOffset
                0x0000000000022738       0xc0 /home/Monty/ps3toolchain/PSL1GHT/ppu/lib/librsx.a(commands.o)
 .text.rsxSetPolygonOffsetLineEnable
                0x00000000000227f8       0xa4 /home/Monty/ps3toolchain/PSL1GHT/ppu/lib/librsx.a(commands.o)
 *fill*         0x000000000002289c        0x4 60000000
 .text.rsxClearSurface
                0x00000000000228a0       0xb4 /home/Monty/ps3toolchain/PSL1GHT/ppu/lib/librsx.a(commands.o)
 *fill*         0x0000000000022954        0x4 60000000
 .text.rsxSetCylindricalWrap
                0x0000000000022958       0xa4 /home/Monty/ps3toolchain/PSL1GHT/ppu/lib/librsx.a(commands.o)
 *fill*         0x00000000000229fc        0x4 60000000
 .text.rsxSetTwoSideLightEnable
                0x0000000000022a00       0xa4 /home/Monty/ps3toolchain/PSL1GHT/ppu/lib/librsx.a(commands.o)
 *fill*         0x0000000000022aa4        0x4 60000000
 .text.rsxSetStencilFunc
                0x0000000000022aa8       0xbc /home/Monty/ps3toolchain/PSL1GHT/ppu/lib/librsx.a(commands.o)
 *fill*         0x0000000000022b64        0x4 60000000
 .text.rsxSetStencilMask
                0x0000000000022b68       0xa4 /home/Monty/ps3toolchain/PSL1GHT/ppu/lib/librsx.a(commands.o)
 *fill*         0x0000000000022c0c        0x4 60000000
 .text.rsxSetStencilOp
                0x0000000000022c10       0xbc /home/Monty/ps3toolchain/PSL1GHT/ppu/lib/librsx.a(commands.o)
 *fill*         0x0000000000022ccc        0x4 60000000
 .text.rsxSetStencilTestEnable
                0x0000000000022cd0       0xa4 /home/Monty/ps3toolchain/PSL1GHT/ppu/lib/librsx.a(commands.o)
 *fill*         0x0000000000022d74        0x4 60000000
 .text.rsxSetBackStencilFunc
                0x0000000000022d78       0xbc /home/Monty/ps3toolchain/PSL1GHT/ppu/lib/librsx.a(commands.o)
 *fill*         0x0000000000022e34        0x4 60000000
 .text.rsxSetBackStencilMask
                0x0000000000022e38       0xa4 /home/Monty/ps3toolchain/PSL1GHT/ppu/lib/librsx.a(commands.o)
 *fill*         0x0000000000022edc        0x4 60000000
 .text.rsxSetBackStencilOp
                0x0000000000022ee0       0xbc /home/Monty/ps3toolchain/PSL1GHT/ppu/lib/librsx.a(commands.o)
 *fill*         0x0000000000022f9c        0x4 60000000
 .text.rsxSetTwoSidedStencilTestEnable
                0x0000000000022fa0       0xa4 /home/Monty/ps3toolchain/PSL1GHT/ppu/lib/librsx.a(commands.o)
 *fill*         0x0000000000023044        0x4 60000000
 .text.rsxSetRenderEnable
                0x0000000000023048      0x124 /home/Monty/ps3toolchain/PSL1GHT/ppu/lib/librsx.a(commands.o)
 *fill*         0x000000000002316c        0x4 60000000
 .text.rsxSetReport
                0x0000000000023170       0xc0 /home/Monty/ps3toolchain/PSL1GHT/ppu/lib/librsx.a(commands.o)
 .text.rsxSetClearReport
                0x0000000000023230       0xa4 /home/Monty/ps3toolchain/PSL1GHT/ppu/lib/librsx.a(commands.o)
 *fill*         0x00000000000232d4        0x4 60000000
 .text.rsxSetZPixelCountEnable
                0x00000000000232d8       0xa4 /home/Monty/ps3toolchain/PSL1GHT/ppu/lib/librsx.a(commands.o)
 *fill*         0x000000000002337c        0x4 60000000
 .text.rsxSetSCullControl
                0x0000000000023380       0xc4 /home/Monty/ps3toolchain/PSL1GHT/ppu/lib/librsx.a(commands.o)
 *fill*         0x0000000000023444        0x4 60000000
 .text.rsxSetZCullLimit
                0x0000000000023448       0xb4 /home/Monty/ps3toolchain/PSL1GHT/ppu/lib/librsx.a(commands.o)
 *fill*         0x00000000000234fc        0x4 60000000
 .text.rsxSetZCullStatsEnable
                0x0000000000023500       0xa4 /home/Monty/ps3toolchain/PSL1GHT/ppu/lib/librsx.a(commands.o)
 *fill*         0x00000000000235a4        0x4 60000000
 .text.rsxSetZCullControl
                0x00000000000235a8       0xb4 /home/Monty/ps3toolchain/PSL1GHT/ppu/lib/librsx.a(commands.o)
 *fill*         0x000000000002365c        0x4 60000000
 .text.rsxSetClearZCullSurface
                0x0000000000023660       0xb4 /home/Monty/ps3toolchain/PSL1GHT/ppu/lib/librsx.a(commands.o)
 *fill*         0x0000000000023714        0x4 60000000
 .text.rsxSetZCullEnable
                0x0000000000023718       0xb4 /home/Monty/ps3toolchain/PSL1GHT/ppu/lib/librsx.a(commands.o)
 *fill*         0x00000000000237cc        0x4 60000000
 .text.rsxSetZCullInvalidate
                0x00000000000237d0       0x98 /home/Monty/ps3toolchain/PSL1GHT/ppu/lib/librsx.a(commands.o)
 .text.rsxSetPolygonSmoothEnable
                0x0000000000023868       0xa4 /home/Monty/ps3toolchain/PSL1GHT/ppu/lib/librsx.a(commands.o)
 *fill*         0x000000000002390c        0x4 60000000
 .text.rsxSetDitherEnable
                0x0000000000023910       0xa4 /home/Monty/ps3toolchain/PSL1GHT/ppu/lib/librsx.a(commands.o)
 *fill*         0x00000000000239b4        0x4 60000000
 .text.rsxLoadVertexProgramBlock
                0x00000000000239b8      0x384 /home/Monty/ps3toolchain/PSL1GHT/ppu/lib/librsx.a(commands.o)
 *fill*         0x0000000000023d3c        0x4 60000000
 .text.rsxLoadFragmentProgramLocation
                0x0000000000023d40      0x228 /home/Monty/ps3toolchain/PSL1GHT/ppu/lib/librsx.a(commands.o)
 .text.rsxUpdateFragmentProgramLocation
                0x0000000000023f68       0xbc /home/Monty/ps3toolchain/PSL1GHT/ppu/lib/librsx.a(commands.o)
 *fill*         0x0000000000024024        0x4 60000000
 .text.rsxSetFragmentProgramControl
                0x0000000000024028       0xd4 /home/Monty/ps3toolchain/PSL1GHT/ppu/lib/librsx.a(commands.o)
 *fill*         0x00000000000240fc        0x4 60000000
 .text.rsxLoadVertexProgramParameterBlock
                0x0000000000024100      0x320 /home/Monty/ps3toolchain/PSL1GHT/ppu/lib/librsx.a(commands.o)
 .text.rsxLoadVertexProgram
                0x0000000000024420       0xec /home/Monty/ps3toolchain/PSL1GHT/ppu/lib/librsx.a(commands.o)
 *fill*         0x000000000002450c        0x4 60000000
 .text.rsxSetVertexProgramParameter
                0x0000000000024510      0x218 /home/Monty/ps3toolchain/PSL1GHT/ppu/lib/librsx.a(commands.o)
 .text.rsxSetVertexProgramConstants
                0x0000000000024728      0x29c /home/Monty/ps3toolchain/PSL1GHT/ppu/lib/librsx.a(commands.o)
 *fill*         0x00000000000249c4        0x4 60000000
 .text.rsxSetVertexAttribOutputMask
                0x00000000000249c8       0xa4 /home/Monty/ps3toolchain/PSL1GHT/ppu/lib/librsx.a(commands.o)
 *fill*         0x0000000000024a6c        0x4 60000000
 .text.rsxSetFragmentProgramGammaEnable
                0x0000000000024a70       0xa4 /home/Monty/ps3toolchain/PSL1GHT/ppu/lib/librsx.a(commands.o)
 *fill*         0x0000000000024b14        0x4 60000000
 .text.rsxDrawVertexBegin
                0x0000000000024b18       0xa4 /home/Monty/ps3toolchain/PSL1GHT/ppu/lib/librsx.a(commands.o)
 *fill*         0x0000000000024bbc        0x4 60000000
 .text.rsxDrawVertexEnd
                0x0000000000024bc0       0x98 /home/Monty/ps3toolchain/PSL1GHT/ppu/lib/librsx.a(commands.o)
 .text.rsxDrawVertex1f
                0x0000000000024c58       0xc0 /home/Monty/ps3toolchain/PSL1GHT/ppu/lib/librsx.a(commands.o)
 .text.rsxDrawVertex2f
                0x0000000000024d18       0xbc /home/Monty/ps3toolchain/PSL1GHT/ppu/lib/librsx.a(commands.o)
 *fill*         0x0000000000024dd4        0x4 60000000
 .text.rsxDrawVertex3f
                0x0000000000024dd8       0xbc /home/Monty/ps3toolchain/PSL1GHT/ppu/lib/librsx.a(commands.o)
 *fill*         0x0000000000024e94        0x4 60000000
 .text.rsxDrawVertex4f
                0x0000000000024e98       0xbc /home/Monty/ps3toolchain/PSL1GHT/ppu/lib/librsx.a(commands.o)
 *fill*         0x0000000000024f54        0x4 60000000
 .text.rsxDrawVertex4s
                0x0000000000024f58       0xdc /home/Monty/ps3toolchain/PSL1GHT/ppu/lib/librsx.a(commands.o)
 *fill*         0x0000000000025034        0x4 60000000
 .text.rsxDrawVertexScaled4s
                0x0000000000025038       0xdc /home/Monty/ps3toolchain/PSL1GHT/ppu/lib/librsx.a(commands.o)
 *fill*         0x0000000000025114        0x4 60000000
 .text.rsxDrawVertex2s
                0x0000000000025118       0xc4 /home/Monty/ps3toolchain/PSL1GHT/ppu/lib/librsx.a(commands.o)
 *fill*         0x00000000000251dc        0x4 60000000
 .text.rsxDrawVertex4ub
                0x00000000000251e0       0xb4 /home/Monty/ps3toolchain/PSL1GHT/ppu/lib/librsx.a(commands.o)
 *fill*         0x0000000000025294        0x4 60000000
 .text.rsxSetFrequencyDividerOperation
                0x0000000000025298       0xa4 /home/Monty/ps3toolchain/PSL1GHT/ppu/lib/librsx.a(commands.o)
 *fill*         0x000000000002533c        0x4 60000000
 .text.rsxInvalidateVertexCache
                0x0000000000025340       0xb0 /home/Monty/ps3toolchain/PSL1GHT/ppu/lib/librsx.a(commands.o)
 .text.rsxInvalidateTextureCache
                0x00000000000253f0       0xa4 /home/Monty/ps3toolchain/PSL1GHT/ppu/lib/librsx.a(commands.o)
 *fill*         0x0000000000025494        0x4 60000000
 .text.rsxLoadTexture
                0x0000000000025498      0x144 /home/Monty/ps3toolchain/PSL1GHT/ppu/lib/librsx.a(commands.o)
 *fill*         0x00000000000255dc        0x4 60000000
 .text.rsxLoadVertexTexture
                0x00000000000255e0      0x134 /home/Monty/ps3toolchain/PSL1GHT/ppu/lib/librsx.a(commands.o)
 *fill*         0x0000000000025714        0x4 60000000
 .text.rsxTextureControl
                0x0000000000025718       0xe4 /home/Monty/ps3toolchain/PSL1GHT/ppu/lib/librsx.a(commands.o)
 *fill*         0x00000000000257fc        0x4 60000000
 .text.rsxVertexTextureControl
                0x0000000000025800       0xd4 /home/Monty/ps3toolchain/PSL1GHT/ppu/lib/librsx.a(commands.o)
 *fill*         0x00000000000258d4        0x4 60000000
 .text.rsxTextureFilter
                0x00000000000258d8       0xdc /home/Monty/ps3toolchain/PSL1GHT/ppu/lib/librsx.a(commands.o)
 *fill*         0x00000000000259b4        0x4 60000000
 .text.rsxVertexTextureFilter
                0x00000000000259b8       0xb4 /home/Monty/ps3toolchain/PSL1GHT/ppu/lib/librsx.a(commands.o)
 *fill*         0x0000000000025a6c        0x4 60000000
 .text.rsxTextureWrapMode
                0x0000000000025a70      0x104 /home/Monty/ps3toolchain/PSL1GHT/ppu/lib/librsx.a(commands.o)
 *fill*         0x0000000000025b74        0x4 60000000
 .text.rsxVertexTextureWrapMode
                0x0000000000025b78       0xc4 /home/Monty/ps3toolchain/PSL1GHT/ppu/lib/librsx.a(commands.o)
 *fill*         0x0000000000025c3c        0x4 60000000
 .text.rsxTextureBorderColor
                0x0000000000025c40       0xb4 /home/Monty/ps3toolchain/PSL1GHT/ppu/lib/librsx.a(commands.o)
 *fill*         0x0000000000025cf4        0x4 60000000
 .text.rsxVertexTextureBorderColor
                0x0000000000025cf8       0xb4 /home/Monty/ps3toolchain/PSL1GHT/ppu/lib/librsx.a(commands.o)
 *fill*         0x0000000000025dac        0x4 60000000
 .text.rsxTextureOptimization
                0x0000000000025db0       0xd4 /home/Monty/ps3toolchain/PSL1GHT/ppu/lib/librsx.a(commands.o)
 *fill*         0x0000000000025e84        0x4 60000000
 .text.rsxTextureAnisoSpread
                0x0000000000025e88       0xe0 /home/Monty/ps3toolchain/PSL1GHT/ppu/lib/librsx.a(commands.o)
 .text.rsxSetZMinMaxControl
                0x0000000000025f68       0xc4 /home/Monty/ps3toolchain/PSL1GHT/ppu/lib/librsx.a(commands.o)
 *fill*         0x000000000002602c        0x4 60000000
 .text.rsxSetDepthBoundsTestEnable
                0x0000000000026030       0xa4 /home/Monty/ps3toolchain/PSL1GHT/ppu/lib/librsx.a(commands.o)
 *fill*         0x00000000000260d4        0x4 60000000
 .text.rsxSetDepthBounds
                0x00000000000260d8       0xc0 /home/Monty/ps3toolchain/PSL1GHT/ppu/lib/librsx.a(commands.o)
 .text.rsxBindVertexArrayAttrib
                0x0000000000026198      0x10c /home/Monty/ps3toolchain/PSL1GHT/ppu/lib/librsx.a(commands.o)
 *fill*         0x00000000000262a4        0x4 60000000
 .text.rsxDrawVertexArray
                0x00000000000262a8      0x2ec /home/Monty/ps3toolchain/PSL1GHT/ppu/lib/librsx.a(commands.o)
 *fill*         0x0000000000026594        0x4 60000000
 .text.rsxDrawInlineVertexArray
                0x0000000000026598      0x294 /home/Monty/ps3toolchain/PSL1GHT/ppu/lib/librsx.a(commands.o)
 *fill*         0x000000000002682c        0x4 60000000
 .text.rsxDrawIndexArray
                0x0000000000026830      0x398 /home/Monty/ps3toolchain/PSL1GHT/ppu/lib/librsx.a(commands.o)
 .text.rsxDrawInlineIndexArray16
                0x0000000000026bc8      0x334 /home/Monty/ps3toolchain/PSL1GHT/ppu/lib/librsx.a(commands.o)
 *fill*         0x0000000000026efc        0x4 60000000
 .text.rsxDrawInlineIndexArray32
                0x0000000000026f00      0x29c /home/Monty/ps3toolchain/PSL1GHT/ppu/lib/librsx.a(commands.o)
 *fill*         0x000000000002719c        0x4 60000000
 .text.rsxSetRestartIndexEnable
                0x00000000000271a0       0xa4 /home/Monty/ps3toolchain/PSL1GHT/ppu/lib/librsx.a(commands.o)
 *fill*         0x0000000000027244        0x4 60000000
 .text.rsxSetRestartIndex
                0x0000000000027248       0xa4 /home/Monty/ps3toolchain/PSL1GHT/ppu/lib/librsx.a(commands.o)
 *fill*         0x00000000000272ec        0x4 60000000
 .text.rsxSetScissor
                0x00000000000272f0       0xd4 /home/Monty/ps3toolchain/PSL1GHT/ppu/lib/librsx.a(commands.o)
 *fill*         0x00000000000273c4        0x4 60000000
 .text.rsxSetAntialiasingControl
                0x00000000000273c8       0xd4 /home/Monty/ps3toolchain/PSL1GHT/ppu/lib/librsx.a(commands.o)
 *fill*         0x000000000002749c        0x4 60000000
 .text.rsxInlineTransfer
                0x00000000000274a0      0x23c /home/Monty/ps3toolchain/PSL1GHT/ppu/lib/librsx.a(commands.o)
 *fill*         0x00000000000276dc        0x4 60000000
 .text.rsxSetFragmentProgramParameter
                0x00000000000276e0      0x5d8 /home/Monty/ps3toolchain/PSL1GHT/ppu/lib/librsx.a(commands.o)
 .text.rsxSetAlphaFunc
                0x0000000000027cb8       0xb4 /home/Monty/ps3toolchain/PSL1GHT/ppu/lib/librsx.a(commands.o)
 *fill*         0x0000000000027d6c        0x4 60000000
 .text.rsxSetAlphaTestEnable
                0x0000000000027d70       0xa4 /home/Monty/ps3toolchain/PSL1GHT/ppu/lib/librsx.a(commands.o)
 *fill*         0x0000000000027e14        0x4 60000000
 .text.rsxSetBlendFunc
                0x0000000000027e18       0xd4 /home/Monty/ps3toolchain/PSL1GHT/ppu/lib/librsx.a(commands.o)
 *fill*         0x0000000000027eec        0x4 60000000
 .text.rsxSetBlendEquation
                0x0000000000027ef0       0xb4 /home/Monty/ps3toolchain/PSL1GHT/ppu/lib/librsx.a(commands.o)
 *fill*         0x0000000000027fa4        0x4 60000000
 .text.rsxSetBlendColor
                0x0000000000027fa8       0xbc /home/Monty/ps3toolchain/PSL1GHT/ppu/lib/librsx.a(commands.o)
 *fill*         0x0000000000028064        0x4 60000000
 .text.rsxSetBlendEnable
                0x0000000000028068       0xa4 /home/Monty/ps3toolchain/PSL1GHT/ppu/lib/librsx.a(commands.o)
 *fill*         0x000000000002810c        0x4 60000000
 .text.rsxSetBlendOptimization
                0x0000000000028110       0xa4 /home/Monty/ps3toolchain/PSL1GHT/ppu/lib/librsx.a(commands.o)
 *fill*         0x00000000000281b4        0x4 60000000
 .text.rsxSetBlendEnableMrt
                0x00000000000281b8       0xcc /home/Monty/ps3toolchain/PSL1GHT/ppu/lib/librsx.a(commands.o)
 *fill*         0x0000000000028284        0x4 60000000
 .text.rsxSetLogicOp
                0x0000000000028288       0xa4 /home/Monty/ps3toolchain/PSL1GHT/ppu/lib/librsx.a(commands.o)
 *fill*         0x000000000002832c        0x4 60000000
 .text.rsxSetLogicOpEnable
                0x0000000000028330       0xa4 /home/Monty/ps3toolchain/PSL1GHT/ppu/lib/librsx.a(commands.o)
 *fill*         0x00000000000283d4        0x4 60000000
 .text.rsxSetFogMode
                0x00000000000283d8       0xa4 /home/Monty/ps3toolchain/PSL1GHT/ppu/lib/librsx.a(commands.o)
 *fill*         0x000000000002847c        0x4 60000000
 .text.rsxSetFogParams
                0x0000000000028480       0xc0 /home/Monty/ps3toolchain/PSL1GHT/ppu/lib/librsx.a(commands.o)
 .text.rsxSetTransformBranchBits
                0x0000000000028540       0xa4 /home/Monty/ps3toolchain/PSL1GHT/ppu/lib/librsx.a(commands.o)
 *fill*         0x00000000000285e4        0x4 60000000
 .text.rsxSetPointSpriteControl
                0x00000000000285e8       0xd4 /home/Monty/ps3toolchain/PSL1GHT/ppu/lib/librsx.a(commands.o)
 *fill*         0x00000000000286bc        0x4 60000000
 .text.rsxSetPointSize
                0x00000000000286c0       0xac /home/Monty/ps3toolchain/PSL1GHT/ppu/lib/librsx.a(commands.o)
 *fill*         0x000000000002876c        0x4 60000000
 .text.rsxSetTransferData
                0x0000000000028770      0x244 /home/Monty/ps3toolchain/PSL1GHT/ppu/lib/librsx.a(commands.o)
 *fill*         0x00000000000289b4        0x4 60000000
 .text.rsxSetConvertSwizzleFormatUnsafe
                0x00000000000289b8      0x7a8 /home/Monty/ps3toolchain/PSL1GHT/ppu/lib/librsx.a(commands.o)
 .text.rsxSetTransferDataMode
                0x0000000000029160       0xec /home/Monty/ps3toolchain/PSL1GHT/ppu/lib/librsx.a(commands.o)
 *fill*         0x000000000002924c        0x4 60000000
 .text.rsxSetTransferDataOffset
                0x0000000000029250      0x12c /home/Monty/ps3toolchain/PSL1GHT/ppu/lib/librsx.a(commands.o)
 *fill*         0x000000000002937c        0x4 60000000
 .text.rsxSetTransferDataFormat
                0x0000000000029380       0xe4 /home/Monty/ps3toolchain/PSL1GHT/ppu/lib/librsx.a(commands.o)
 *fill*         0x0000000000029464        0x4 60000000
 .text.rsxSetTransferImage
                0x0000000000029468      0x43c /home/Monty/ps3toolchain/PSL1GHT/ppu/lib/librsx.a(commands.o)
 *fill*         0x00000000000298a4        0x4 60000000
 .text.rsxSetTransferScaleMode
                0x00000000000298a8      0x178 /home/Monty/ps3toolchain/PSL1GHT/ppu/lib/librsx.a(commands.o)
 .text.rsxSetTransferScaleSurface
                0x0000000000029a20      0x1bc /home/Monty/ps3toolchain/PSL1GHT/ppu/lib/librsx.a(commands.o)
 *fill*         0x0000000000029bdc        0x4 60000000
 .text.rsxSetTransferScaleSwizzle
                0x0000000000029be0      0x1bc /home/Monty/ps3toolchain/PSL1GHT/ppu/lib/librsx.a(commands.o)
 *fill*         0x0000000000029d9c        0x4 60000000
 .text.rsxSetConvertSwizzleFormat
                0x0000000000029da0      0x750 /home/Monty/ps3toolchain/PSL1GHT/ppu/lib/librsx.a(commands.o)
 .text.rsxSetTimeStamp
                0x000000000002a4f0       0xac /home/Monty/ps3toolchain/PSL1GHT/ppu/lib/librsx.a(commands.o)
 *fill*         0x000000000002a59c        0x4 60000000
 .text.rsxSetWaitForIdle
                0x000000000002a5a0       0x98 /home/Monty/ps3toolchain/PSL1GHT/ppu/lib/librsx.a(commands.o)
 .text          0x000000000002a638        0x0 /home/Monty/ps3toolchain/PSL1GHT/ppu/lib/librsx.a(mm.o)
 .text.rsxHeapInit
                0x000000000002a638       0x80 /home/Monty/ps3toolchain/PSL1GHT/ppu/lib/librsx.a(mm.o)
 .text.rsxMemalign
                0x000000000002a6b8       0x58 /home/Monty/ps3toolchain/PSL1GHT/ppu/lib/librsx.a(mm.o)
 .text.rsxMalloc
                0x000000000002a710       0x58 /home/Monty/ps3toolchain/PSL1GHT/ppu/lib/librsx.a(mm.o)
 .text.rsxFree  0x000000000002a768       0x48 /home/Monty/ps3toolchain/PSL1GHT/ppu/lib/librsx.a(mm.o)
 .text          0x000000000002a7b0        0x0 /home/Monty/ps3toolchain/PSL1GHT/ppu/lib/librsx.a(vertex_program.o)
 .text.rsxVertexProgramGetUCode
                0x000000000002a7b0       0x28 /home/Monty/ps3toolchain/PSL1GHT/ppu/lib/librsx.a(vertex_program.o)
 .text.rsxVertexProgramGetNumConst
                0x000000000002a7d8       0x14 /home/Monty/ps3toolchain/PSL1GHT/ppu/lib/librsx.a(vertex_program.o)
 *fill*         0x000000000002a7ec        0x4 60000000
 .text.rsxVertexProgramGetNumAttrib
                0x000000000002a7f0       0x14 /home/Monty/ps3toolchain/PSL1GHT/ppu/lib/librsx.a(vertex_program.o)
 *fill*         0x000000000002a804        0x4 60000000
 .text.rsxVertexProgramGetConsts
                0x000000000002a808       0x30 /home/Monty/ps3toolchain/PSL1GHT/ppu/lib/librsx.a(vertex_program.o)
 .text.rsxVertexProgramGetConst
                0x000000000002a838       0x74 /home/Monty/ps3toolchain/PSL1GHT/ppu/lib/librsx.a(vertex_program.o)
 *fill*         0x000000000002a8ac        0x4 60000000
 .text.rsxVertexProgramGetAttribs
                0x000000000002a8b0       0x30 /home/Monty/ps3toolchain/PSL1GHT/ppu/lib/librsx.a(vertex_program.o)
 .text.rsxVertexProgramGetAttrib
                0x000000000002a8e0       0x30 /home/Monty/ps3toolchain/PSL1GHT/ppu/lib/librsx.a(vertex_program.o)
 .text          0x000000000002a910        0x0 /home/Monty/ps3toolchain/PSL1GHT/ppu/lib/librsx.a(fragment_program.o)
 .text.rsxFragmentProgramGetUCode
                0x000000000002a910       0x28 /home/Monty/ps3toolchain/PSL1GHT/ppu/lib/librsx.a(fragment_program.o)
 .text.rsxFragmentProgramGetNumConst
                0x000000000002a938       0x14 /home/Monty/ps3toolchain/PSL1GHT/ppu/lib/librsx.a(fragment_program.o)
 *fill*         0x000000000002a94c        0x4 60000000
 .text.rsxFragmentProgramGetConsts
                0x000000000002a950       0x30 /home/Monty/ps3toolchain/PSL1GHT/ppu/lib/librsx.a(fragment_program.o)
 .text.rsxFragmentProgramGetConst
                0x000000000002a980       0x74 /home/Monty/ps3toolchain/PSL1GHT/ppu/lib/librsx.a(fragment_program.o)
 *fill*         0x000000000002a9f4        0x4 60000000
 .text.rsxFragmentProgramGetNumAttrib
                0x000000000002a9f8       0x14 /home/Monty/ps3toolchain/PSL1GHT/ppu/lib/librsx.a(fragment_program.o)
 *fill*         0x000000000002aa0c        0x4 60000000
 .text.rsxFragmentProgramGetAttribs
                0x000000000002aa10       0x30 /home/Monty/ps3toolchain/PSL1GHT/ppu/lib/librsx.a(fragment_program.o)
 .text.rsxFragmentProgramGetAttrib
                0x000000000002aa40       0x30 /home/Monty/ps3toolchain/PSL1GHT/ppu/lib/librsx.a(fragment_program.o)
 .text.rsxFragmentProgramGetConstOffsetTable
                0x000000000002aa70       0x14 /home/Monty/ps3toolchain/PSL1GHT/ppu/lib/librsx.a(fragment_program.o)
 .text          0x000000000002aa84        0x0 /home/Monty/ps3toolchain/PSL1GHT/ppu/lib/librsx.a(rsx_internal.o)
 *fill*         0x000000000002aa84        0x4 60000000
 .text.__rsxGetAttrs
                0x000000000002aa88       0x18 /home/Monty/ps3toolchain/PSL1GHT/ppu/lib/librsx.a(rsx_internal.o)
 .text.__rsxGetAttr
                0x000000000002aaa0       0xcc /home/Monty/ps3toolchain/PSL1GHT/ppu/lib/librsx.a(rsx_internal.o)
 *fill*         0x000000000002ab6c        0x4 60000000
 .text.__rsxGetConsts
                0x000000000002ab70       0x18 /home/Monty/ps3toolchain/PSL1GHT/ppu/lib/librsx.a(rsx_internal.o)
 .text.__rsxGetConstIndex
                0x000000000002ab88       0xbc /home/Monty/ps3toolchain/PSL1GHT/ppu/lib/librsx.a(rsx_internal.o)
 .text          0x000000000002ac44        0x0 /home/Monty/ps3toolchain/PSL1GHT/ppu/lib/libgcm_sys.a(sprx.o)
 .text          0x000000000002ac44        0x0 /home/Monty/ps3toolchain/PSL1GHT/ppu/lib/libio.a(sprx.o)
 .text          0x000000000002ac44        0x0 /home/Monty/ps3toolchain/PSL1GHT/ppu/lib/libsysutil.a(sprx.o)
 .text          0x000000000002ac44        0x0 /home/Monty/ps3toolchain/PSL1GHT/ppu/lib/libsysutil.a(sysutil_wrapper.o)
 *fill*         0x000000000002ac44        0x4 60000000
 .text.sysUtilRegisterCallback
                0x000000000002ac48       0x58 /home/Monty/ps3toolchain/PSL1GHT/ppu/lib/libsysutil.a(sysutil_wrapper.o)
 .text.msgDialogOpen
                0x000000000002aca0       0x58 /home/Monty/ps3toolchain/PSL1GHT/ppu/lib/libsysutil.a(sysutil_wrapper.o)
 .text.msgDialogOpen2
                0x000000000002acf8       0x58 /home/Monty/ps3toolchain/PSL1GHT/ppu/lib/libsysutil.a(sysutil_wrapper.o)
 .text.msgDialogOpenErrorCode
                0x000000000002ad50       0x58 /home/Monty/ps3toolchain/PSL1GHT/ppu/lib/libsysutil.a(sysutil_wrapper.o)
 .text.sysSaveListLoad2
                0x000000000002ada8       0x74 /home/Monty/ps3toolchain/PSL1GHT/ppu/lib/libsysutil.a(sysutil_wrapper.o)
 *fill*         0x000000000002ae1c        0x4 60000000
 .text.sysSaveListSave2
                0x000000000002ae20       0x74 /home/Monty/ps3toolchain/PSL1GHT/ppu/lib/libsysutil.a(sysutil_wrapper.o)
 *fill*         0x000000000002ae94        0x4 60000000
 .text.sysSaveListAutoLoad
                0x000000000002ae98       0x7c /home/Monty/ps3toolchain/PSL1GHT/ppu/lib/libsysutil.a(sysutil_wrapper.o)
 *fill*         0x000000000002af14        0x4 60000000
 .text.sysSaveListAutoSave
                0x000000000002af18       0x7c /home/Monty/ps3toolchain/PSL1GHT/ppu/lib/libsysutil.a(sysutil_wrapper.o)
 *fill*         0x000000000002af94        0x4 60000000
 .text.sysSaveFixedLoad2
                0x000000000002af98       0x74 /home/Monty/ps3toolchain/PSL1GHT/ppu/lib/libsysutil.a(sysutil_wrapper.o)
 *fill*         0x000000000002b00c        0x4 60000000
 .text.sysSaveFixedSave2
                0x000000000002b010       0x74 /home/Monty/ps3toolchain/PSL1GHT/ppu/lib/libsysutil.a(sysutil_wrapper.o)
 *fill*         0x000000000002b084        0x4 60000000
 .text.sysSaveAutoLoad2
                0x000000000002b088       0x5c /home/Monty/ps3toolchain/PSL1GHT/ppu/lib/libsysutil.a(sysutil_wrapper.o)
 *fill*         0x000000000002b0e4        0x4 60000000
 .text.sysSaveAutoSave2
                0x000000000002b0e8       0x5c /home/Monty/ps3toolchain/PSL1GHT/ppu/lib/libsysutil.a(sysutil_wrapper.o)
 *fill*         0x000000000002b144        0x4 60000000
 .text.sysGameThemeInstallFromBuffer
                0x000000000002b148       0x58 /home/Monty/ps3toolchain/PSL1GHT/ppu/lib/libsysutil.a(sysutil_wrapper.o)
 .text.sysDiscRegisterDiscChangeCallback
                0x000000000002b1a0       0x5c /home/Monty/ps3toolchain/PSL1GHT/ppu/lib/libsysutil.a(sysutil_wrapper.o)
 *fill*         0x000000000002b1fc        0x4 60000000
 .text.sysGameDiscRegisterDiscChangeCallback
                0x000000000002b200       0x10 /home/Monty/ps3toolchain/PSL1GHT/ppu/lib/libsysutil.a(sysutil_wrapper.o)
 .text.videoRegisterCallback
                0x000000000002b210       0x58 /home/Monty/ps3toolchain/PSL1GHT/ppu/lib/libsysutil.a(sysutil_wrapper.o)
 .text          0x000000000002b268        0x0 /home/Monty/ps3toolchain/PSL1GHT/ppu/lib/librt.a(sbrk.o)
 .text.startup.sbrk_init
                0x000000000002b268       0xb8 /home/Monty/ps3toolchain/PSL1GHT/ppu/lib/librt.a(sbrk.o)
 .text.sbrk_deinit
                0x000000000002b320       0xc8 /home/Monty/ps3toolchain/PSL1GHT/ppu/lib/librt.a(sbrk.o)
 .text.__librt_sbrk_r
                0x000000000002b3e8      0x2f4 /home/Monty/ps3toolchain/PSL1GHT/ppu/lib/librt.a(sbrk.o)
 .text          0x000000000002b6dc        0x0 /home/Monty/ps3toolchain/PSL1GHT/ppu/lib/librt.a(exit.o)
 *fill*         0x000000000002b6dc        0x4 60000000
 .text.__librt_exit
                0x000000000002b6e0       0x30 /home/Monty/ps3toolchain/PSL1GHT/ppu/lib/librt.a(exit.o)
 .text          0x000000000002b710        0x0 /home/Monty/ps3toolchain/PSL1GHT/ppu/lib/librt.a(close.o)
 .text.__librt_close_r
                0x000000000002b710       0x88 /home/Monty/ps3toolchain/PSL1GHT/ppu/lib/librt.a(close.o)
 .text          0x000000000002b798        0x0 /home/Monty/ps3toolchain/PSL1GHT/ppu/lib/librt.a(lseek.o)
 .text.__librt_lseek_r
                0x000000000002b798       0x8c /home/Monty/ps3toolchain/PSL1GHT/ppu/lib/librt.a(lseek.o)
 *fill*         0x000000000002b824        0x4 60000000
 .text.__librt_lseek64_r
                0x000000000002b828       0x10 /home/Monty/ps3toolchain/PSL1GHT/ppu/lib/librt.a(lseek.o)
 .text          0x000000000002b838        0x0 /home/Monty/ps3toolchain/PSL1GHT/ppu/lib/librt.a(read.o)
 .text.__librt_read_r
                0x000000000002b838      0x10c /home/Monty/ps3toolchain/PSL1GHT/ppu/lib/librt.a(read.o)
 .text          0x000000000002b944        0x0 /home/Monty/ps3toolchain/PSL1GHT/ppu/lib/librt.a(open.o)
 *fill*         0x000000000002b944        0x4 60000000
 .text.__librt_open_r
                0x000000000002b948      0x180 /home/Monty/ps3toolchain/PSL1GHT/ppu/lib/librt.a(open.o)
 .text          0x000000000002bac8        0x0 /home/Monty/ps3toolchain/PSL1GHT/ppu/lib/librt.a(sleep.o)
 .text.__librt_usleep_r
                0x000000000002bac8       0x50 /home/Monty/ps3toolchain/PSL1GHT/ppu/lib/librt.a(sleep.o)
 .text.__librt_sleep_r
                0x000000000002bb18       0x6c /home/Monty/ps3toolchain/PSL1GHT/ppu/lib/librt.a(sleep.o)
 .text          0x000000000002bb84        0x0 /home/Monty/ps3toolchain/PSL1GHT/ppu/lib/librt.a(write.o)
 *fill*         0x000000000002bb84        0x4 60000000
 .text.__librt_write_r
                0x000000000002bb88      0x104 /home/Monty/ps3toolchain/PSL1GHT/ppu/lib/librt.a(write.o)
 .text          0x000000000002bc8c        0x0 /home/Monty/ps3toolchain/PSL1GHT/ppu/lib/librt.a(fstat.o)
 *fill*         0x000000000002bc8c        0x4 60000000
 .text.__librt_fstat_r
                0x000000000002bc90       0xd0 /home/Monty/ps3toolchain/PSL1GHT/ppu/lib/librt.a(fstat.o)
 .text.__librt_fstat64_r
                0x000000000002bd60       0x10 /home/Monty/ps3toolchain/PSL1GHT/ppu/lib/librt.a(fstat.o)
 .text.__librt_stat_r
                0x000000000002bd70       0xd0 /home/Monty/ps3toolchain/PSL1GHT/ppu/lib/librt.a(fstat.o)
 .text.__librt_stat64_r
                0x000000000002be40       0x10 /home/Monty/ps3toolchain/PSL1GHT/ppu/lib/librt.a(fstat.o)
 .text          0x000000000002be50        0x0 /home/Monty/ps3toolchain/PSL1GHT/ppu/lib/librt.a(socket.o)
 .text.accept   0x000000000002be50       0xe0 /home/Monty/ps3toolchain/PSL1GHT/ppu/lib/librt.a(socket.o)
 .text.bind     0x000000000002bf30       0x44 /home/Monty/ps3toolchain/PSL1GHT/ppu/lib/librt.a(socket.o)
 *fill*         0x000000000002bf74        0x4 60000000
 .text.connect  0x000000000002bf78       0x44 /home/Monty/ps3toolchain/PSL1GHT/ppu/lib/librt.a(socket.o)
 *fill*         0x000000000002bfbc        0x4 60000000
 .text.listen   0x000000000002bfc0       0x44 /home/Monty/ps3toolchain/PSL1GHT/ppu/lib/librt.a(socket.o)
 *fill*         0x000000000002c004        0x4 60000000
 .text.socket   0x000000000002c008       0x5c /home/Monty/ps3toolchain/PSL1GHT/ppu/lib/librt.a(socket.o)
 *fill*         0x000000000002c064        0x4 60000000
 .text.send     0x000000000002c068       0x4c /home/Monty/ps3toolchain/PSL1GHT/ppu/lib/librt.a(socket.o)
 *fill*         0x000000000002c0b4        0x4 60000000
 .text.sendto   0x000000000002c0b8       0x44 /home/Monty/ps3toolchain/PSL1GHT/ppu/lib/librt.a(socket.o)
 *fill*         0x000000000002c0fc        0x4 60000000
 .text.recv     0x000000000002c100       0x4c /home/Monty/ps3toolchain/PSL1GHT/ppu/lib/librt.a(socket.o)
 *fill*         0x000000000002c14c        0x4 60000000
 .text.recvfrom
                0x000000000002c150       0xd8 /home/Monty/ps3toolchain/PSL1GHT/ppu/lib/librt.a(socket.o)
 .text.shutdown
                0x000000000002c228       0x44 /home/Monty/ps3toolchain/PSL1GHT/ppu/lib/librt.a(socket.o)
 *fill*         0x000000000002c26c        0x4 60000000
 .text.inet_aton
                0x000000000002c270       0xbc /home/Monty/ps3toolchain/PSL1GHT/ppu/lib/librt.a(socket.o)
 *fill*         0x000000000002c32c        0x4 60000000
 .text.inet_pton
                0x000000000002c330       0x48 /home/Monty/ps3toolchain/PSL1GHT/ppu/lib/librt.a(socket.o)
 .text.select   0x000000000002c378       0x3c /home/Monty/ps3toolchain/PSL1GHT/ppu/lib/librt.a(socket.o)
 *fill*         0x000000000002c3b4        0x4 60000000
 .text.closesocket
                0x000000000002c3b8       0x44 /home/Monty/ps3toolchain/PSL1GHT/ppu/lib/librt.a(socket.o)
 .text          0x000000000002c3fc        0x0 /home/Monty/ps3toolchain/PSL1GHT/ppu/lib/librt.a(lock.o)
 *fill*         0x000000000002c3fc        0x4 60000000
 .text.__librt_sys_lwmutex_create_r
                0x000000000002c400       0x38 /home/Monty/ps3toolchain/PSL1GHT/ppu/lib/librt.a(lock.o)
 .text.__librt_sys_lwmutex_destroy_r
                0x000000000002c438       0x34 /home/Monty/ps3toolchain/PSL1GHT/ppu/lib/librt.a(lock.o)
 *fill*         0x000000000002c46c        0x4 60000000
 .text.__librt_sys_lwmutex_lock_r
                0x000000000002c470       0x38 /home/Monty/ps3toolchain/PSL1GHT/ppu/lib/librt.a(lock.o)
 .text.__librt_sys_lwmutex_trylock_r
                0x000000000002c4a8       0x34 /home/Monty/ps3toolchain/PSL1GHT/ppu/lib/librt.a(lock.o)
 *fill*         0x000000000002c4dc        0x4 60000000
 .text.__librt_sys_lwmutex_unlock_r
                0x000000000002c4e0       0x34 /home/Monty/ps3toolchain/PSL1GHT/ppu/lib/librt.a(lock.o)
 .text          0x000000000002c514        0x0 /home/Monty/ps3toolchain/PSL1GHT/ppu/lib/librt.a(dirent.o)
 *fill*         0x000000000002c514        0x4 60000000
 .text.readdir_i
                0x000000000002c518      0x10c /home/Monty/ps3toolchain/PSL1GHT/ppu/lib/librt.a(dirent.o)
 *fill*         0x000000000002c624        0x4 60000000
 .text.__librt_opendir_r
                0x000000000002c628      0x114 /home/Monty/ps3toolchain/PSL1GHT/ppu/lib/librt.a(dirent.o)
 *fill*         0x000000000002c73c        0x4 60000000
 .text.__librt_readdir_r
                0x000000000002c740       0x84 /home/Monty/ps3toolchain/PSL1GHT/ppu/lib/librt.a(dirent.o)
 *fill*         0x000000000002c7c4        0x4 60000000
 .text.__librt_readdir_r_r
                0x000000000002c7c8       0x58 /home/Monty/ps3toolchain/PSL1GHT/ppu/lib/librt.a(dirent.o)
 .text.__librt_closedir_r
                0x000000000002c820       0x84 /home/Monty/ps3toolchain/PSL1GHT/ppu/lib/librt.a(dirent.o)
 *fill*         0x000000000002c8a4        0x4 60000000
 .text.__librt_telldir_r
                0x000000000002c8a8       0x24 /home/Monty/ps3toolchain/PSL1GHT/ppu/lib/librt.a(dirent.o)
 *fill*         0x000000000002c8cc        0x4 60000000
 .text.__librt_rewinddir_r
                0x000000000002c8d0       0x18 /home/Monty/ps3toolchain/PSL1GHT/ppu/lib/librt.a(dirent.o)
 .text.__librt_seekdir_r
                0x000000000002c8e8       0x18 /home/Monty/ps3toolchain/PSL1GHT/ppu/lib/librt.a(dirent.o)
 .text          0x000000000002c900        0x0 /home/Monty/ps3toolchain/PSL1GHT/ppu/lib/librt.a(mkdir.o)
 .text.__librt_mkdir_r
                0x000000000002c900       0x60 /home/Monty/ps3toolchain/PSL1GHT/ppu/lib/librt.a(mkdir.o)
 .text          0x000000000002c960        0x0 /home/Monty/ps3toolchain/PSL1GHT/ppu/lib/librt.a(times.o)
 .text.__librt_times_r
                0x000000000002c960       0x1c /home/Monty/ps3toolchain/PSL1GHT/ppu/lib/librt.a(times.o)
 .text          0x000000000002c97c        0x0 /home/Monty/ps3toolchain/PSL1GHT/ppu/lib/librt.a(umask.o)
 *fill*         0x000000000002c97c        0x4 60000000
 .text.__librt_umask_r
                0x000000000002c980       0x20 /home/Monty/ps3toolchain/PSL1GHT/ppu/lib/librt.a(umask.o)
 .text          0x000000000002c9a0        0x0 /home/Monty/ps3toolchain/PSL1GHT/ppu/lib/librt.a(lv2errno.o)
 .text.lv2error
                0x000000000002c9a0      0x434 /home/Monty/ps3toolchain/PSL1GHT/ppu/lib/librt.a(lv2errno.o)
 *fill*         0x000000000002cdd4        0x4 60000000
 .text.lv2errno
                0x000000000002cdd8       0x68 /home/Monty/ps3toolchain/PSL1GHT/ppu/lib/librt.a(lv2errno.o)
 .text.lv2errno_r
                0x000000000002ce40       0x58 /home/Monty/ps3toolchain/PSL1GHT/ppu/lib/librt.a(lv2errno.o)
 .text          0x000000000002ce98        0x0 /home/Monty/ps3toolchain/PSL1GHT/ppu/lib/librt.a(heap.o)
 .text.__heap_block_split.isra.2
                0x000000000002ce98      0x104 /home/Monty/ps3toolchain/PSL1GHT/ppu/lib/librt.a(heap.o)
 *fill*         0x000000000002cf9c        0x4 60000000
 .text.heapInit
                0x000000000002cfa0      0x128 /home/Monty/ps3toolchain/PSL1GHT/ppu/lib/librt.a(heap.o)
 .text.heapAllocateAligned
                0x000000000002d0c8      0x230 /home/Monty/ps3toolchain/PSL1GHT/ppu/lib/librt.a(heap.o)
 .text.heapAllocate
                0x000000000002d2f8       0x14 /home/Monty/ps3toolchain/PSL1GHT/ppu/lib/librt.a(heap.o)
 *fill*         0x000000000002d30c        0x4 60000000
 .text.heapFree
                0x000000000002d310      0x1fc /home/Monty/ps3toolchain/PSL1GHT/ppu/lib/librt.a(heap.o)
 .text          0x000000000002d50c        0x0 /home/Monty/ps3toolchain/PSL1GHT/ppu/lib/librt.a(chmod.o)
 *fill*         0x000000000002d50c        0x4 60000000
 .text.__librt_chmod_r
                0x000000000002d510       0x54 /home/Monty/ps3toolchain/PSL1GHT/ppu/lib/librt.a(chmod.o)
 .text          0x000000000002d564        0x0 /home/Monty/ps3toolchain/PSL1GHT/ppu/lib/librt.a(rename.o)
 *fill*         0x000000000002d564        0x4 60000000
 .text.__librt_rename_r
                0x000000000002d568       0x54 /home/Monty/ps3toolchain/PSL1GHT/ppu/lib/librt.a(rename.o)
 .text          0x000000000002d5bc        0x0 /home/Monty/ps3toolchain/PSL1GHT/ppu/lib/librt.a(rmdir.o)
 *fill*         0x000000000002d5bc        0x4 60000000
 .text.__librt_rmdir_r
                0x000000000002d5c0       0x50 /home/Monty/ps3toolchain/PSL1GHT/ppu/lib/librt.a(rmdir.o)
 .text          0x000000000002d610        0x0 /home/Monty/ps3toolchain/PSL1GHT/ppu/lib/librt.a(isatty.o)
 .text.__librt_isatty_r
                0x000000000002d610       0x2c /home/Monty/ps3toolchain/PSL1GHT/ppu/lib/librt.a(isatty.o)
 .text          0x000000000002d63c        0x0 /home/Monty/ps3toolchain/PSL1GHT/ppu/lib/librt.a(gettod.o)
 *fill*         0x000000000002d63c        0x4 60000000
 .text.__librt_gettod_r
                0x000000000002d640       0xb8 /home/Monty/ps3toolchain/PSL1GHT/ppu/lib/librt.a(gettod.o)
 .text          0x000000000002d6f8        0x0 /home/Monty/ps3toolchain/PSL1GHT/ppu/lib/librt.a(settod.o)
 .text.__librt_settod_r
                0x000000000002d6f8       0x58 /home/Monty/ps3toolchain/PSL1GHT/ppu/lib/librt.a(settod.o)
 .text          0x000000000002d750        0x0 /home/Monty/ps3toolchain/PSL1GHT/ppu/lib/librt.a(unlink.o)
 .text.__librt_unlink_r
                0x000000000002d750       0x50 /home/Monty/ps3toolchain/PSL1GHT/ppu/lib/librt.a(unlink.o)
 .text          0x000000000002d7a0        0x0 /home/Monty/ps3toolchain/PSL1GHT/ppu/lib/librt.a(link.o)
 .text.__librt_link_r
                0x000000000002d7a0       0x54 /home/Monty/ps3toolchain/PSL1GHT/ppu/lib/librt.a(link.o)
 .text          0x000000000002d7f4        0x0 /home/Monty/ps3toolchain/PSL1GHT/ppu/lib/librt.a(truncate.o)
 *fill*         0x000000000002d7f4        0x4 60000000
 .text.__librt_truncate_r
                0x000000000002d7f8       0x54 /home/Monty/ps3toolchain/PSL1GHT/ppu/lib/librt.a(truncate.o)
 *fill*         0x000000000002d84c        0x4 60000000
 .text.__librt_ftruncate_r
                0x000000000002d850       0x54 /home/Monty/ps3toolchain/PSL1GHT/ppu/lib/librt.a(truncate.o)
 .text          0x000000000002d8a4        0x0 /home/Monty/ps3toolchain/PSL1GHT/ppu/lib/librt.a(fsync.o)
 *fill*         0x000000000002d8a4        0x4 60000000
 .text.__librt_fsync_r
                0x000000000002d8a8       0x50 /home/Monty/ps3toolchain/PSL1GHT/ppu/lib/librt.a(fsync.o)
 .text          0x000000000002d8f8        0x0 /home/Monty/ps3toolchain/PSL1GHT/ppu/lib/librt.a(utime.o)
 .text.__librt_utime_r
                0x000000000002d8f8       0xbc /home/Monty/ps3toolchain/PSL1GHT/ppu/lib/librt.a(utime.o)
 .text          0x000000000002d9b4        0x0 /home/Monty/ps3toolchain/PSL1GHT/ppu/lib/librt.a(globfile.o)
 *fill*         0x000000000002d9b4        0x4 60000000
 .text.resolve_path
                0x000000000002d9b8      0x188 /home/Monty/ps3toolchain/PSL1GHT/ppu/lib/librt.a(globfile.o)
 .text.flattenDirectory.constprop.0
                0x000000000002db40      0x2d0 /home/Monty/ps3toolchain/PSL1GHT/ppu/lib/librt.a(globfile.o)
 .text.startup.__glob_file_init
                0x000000000002de10       0x3c /home/Monty/ps3toolchain/PSL1GHT/ppu/lib/librt.a(globfile.o)
 *fill*         0x000000000002de4c        0x4 60000000
 .text.__full_path
                0x000000000002de50      0x12c /home/Monty/ps3toolchain/PSL1GHT/ppu/lib/librt.a(globfile.o)
 *fill*         0x000000000002df7c        0x4 60000000
 .text.__librt_chdir_r
                0x000000000002df80       0xbc /home/Monty/ps3toolchain/PSL1GHT/ppu/lib/librt.a(globfile.o)
 *fill*         0x000000000002e03c        0x4 60000000
 .text.__librt_getcwd_r
                0x000000000002e040       0xc0 /home/Monty/ps3toolchain/PSL1GHT/ppu/lib/librt.a(globfile.o)
 .text          0x000000000002e100        0x0 /home/Monty/ps3toolchain/PSL1GHT/ppu/lib/liblv2.a(sprx.o)
 .text          0x000000000002e100        0x0 /home/Monty/ps3toolchain/PSL1GHT/ppu/lib/liblv2.a(thread_wrapper.o)
 .text.sysThreadCreate
                0x000000000002e100       0x58 /home/Monty/ps3toolchain/PSL1GHT/ppu/lib/liblv2.a(thread_wrapper.o)
 .text          0x000000000002e158        0x0 /home/Monty/ps3toolchain/PSL1GHT/ppu/lib/libnet.a(sprx.o)
 .text          0x000000000002e158        0x0 /home/Monty/ps3toolchain/PSL1GHT/ppu/lib/libnet.a(init.o)
 .text.netInitialize
                0x000000000002e158       0xe8 /home/Monty/ps3toolchain/PSL1GHT/ppu/lib/libnet.a(init.o)
 .text.netDeinitialize
                0x000000000002e240       0x68 /home/Monty/ps3toolchain/PSL1GHT/ppu/lib/libnet.a(init.o)
 .text          0x000000000002e2a8        0x0 /home/Monty/ps3toolchain/PSL1GHT/ppu/lib/libnet.a(socket.o)
 .text.copyhost
                0x000000000002e2a8       0xc0 /home/Monty/ps3toolchain/PSL1GHT/ppu/lib/libnet.a(socket.o)
 .text.netErrno
                0x000000000002e368       0xb4 /home/Monty/ps3toolchain/PSL1GHT/ppu/lib/libnet.a(socket.o)
 *fill*         0x000000000002e41c        0x4 60000000
 .text.accept   0x000000000002e420       0xf8 /home/Monty/ps3toolchain/PSL1GHT/ppu/lib/libnet.a(socket.o)
 .text.bind     0x000000000002e518       0x6c /home/Monty/ps3toolchain/PSL1GHT/ppu/lib/libnet.a(socket.o)
 *fill*         0x000000000002e584        0x4 60000000
 .text.connect  0x000000000002e588       0x6c /home/Monty/ps3toolchain/PSL1GHT/ppu/lib/libnet.a(socket.o)
 *fill*         0x000000000002e5f4        0x4 60000000
 .text.listen   0x000000000002e5f8       0x6c /home/Monty/ps3toolchain/PSL1GHT/ppu/lib/libnet.a(socket.o)
 *fill*         0x000000000002e664        0x4 60000000
 .text.socket   0x000000000002e668       0x7c /home/Monty/ps3toolchain/PSL1GHT/ppu/lib/libnet.a(socket.o)
 *fill*         0x000000000002e6e4        0x4 60000000
 .text.send     0x000000000002e6e8       0x6c /home/Monty/ps3toolchain/PSL1GHT/ppu/lib/libnet.a(socket.o)
 *fill*         0x000000000002e754        0x4 60000000
 .text.sendto   0x000000000002e758       0x6c /home/Monty/ps3toolchain/PSL1GHT/ppu/lib/libnet.a(socket.o)
 *fill*         0x000000000002e7c4        0x4 60000000
 .text.recv     0x000000000002e7c8       0x6c /home/Monty/ps3toolchain/PSL1GHT/ppu/lib/libnet.a(socket.o)
 *fill*         0x000000000002e834        0x4 60000000
 .text.recvfrom
                0x000000000002e838       0xe8 /home/Monty/ps3toolchain/PSL1GHT/ppu/lib/libnet.a(socket.o)
 .text.shutdown
                0x000000000002e920       0x6c /home/Monty/ps3toolchain/PSL1GHT/ppu/lib/libnet.a(socket.o)
 *fill*         0x000000000002e98c        0x4 60000000
 .text.closesocket
                0x000000000002e990       0x6c /home/Monty/ps3toolchain/PSL1GHT/ppu/lib/libnet.a(socket.o)
 *fill*         0x000000000002e9fc        0x4 60000000
 .text.poll     0x000000000002ea00       0xf0 /home/Monty/ps3toolchain/PSL1GHT/ppu/lib/libnet.a(socket.o)
 .text.select   0x000000000002eaf0       0x6c /home/Monty/ps3toolchain/PSL1GHT/ppu/lib/libnet.a(socket.o)
 *fill*         0x000000000002eb5c        0x4 60000000
 .text.getsockname
                0x000000000002eb60       0xf0 /home/Monty/ps3toolchain/PSL1GHT/ppu/lib/libnet.a(socket.o)
 .text.getpeername
                0x000000000002ec50       0xf0 /home/Monty/ps3toolchain/PSL1GHT/ppu/lib/libnet.a(socket.o)
 .text.gethostbyaddr
                0x000000000002ed40       0xbc /home/Monty/ps3toolchain/PSL1GHT/ppu/lib/libnet.a(socket.o)
 *fill*         0x000000000002edfc        0x4 60000000
 .text.gethostbyname
                0x000000000002ee00       0xbc /home/Monty/ps3toolchain/PSL1GHT/ppu/lib/libnet.a(socket.o)
 *fill*         0x000000000002eebc        0x4 60000000
 .text.getsockopt
                0x000000000002eec0       0x78 /home/Monty/ps3toolchain/PSL1GHT/ppu/lib/libnet.a(socket.o)
 .text.setsockopt
                0x000000000002ef38       0x78 /home/Monty/ps3toolchain/PSL1GHT/ppu/lib/libnet.a(socket.o)
 .text.getservbyport
                0x000000000002efb0      0x1e4 /home/Monty/ps3toolchain/PSL1GHT/ppu/lib/libnet.a(socket.o)
 .text          0x000000000002f194        0x0 /home/Monty/ps3toolchain/PSL1GHT/ppu/lib/libsysmodule.a(sprx.o)
 .text          0x000000000002f194        0x0 /home/Monty/ps3dev/ppu/bin/../lib/gcc/powerpc64-ps3-elf/7.2.0/../../../../powerpc64-ps3-elf/lib/libsysbase.a(syscalls.o)
 .text          0x000000000002f194        0x0 /home/Monty/ps3dev/ppu/bin/../lib/gcc/powerpc64-ps3-elf/7.2.0/../../../../powerpc64-ps3-elf/lib/libsysbase.a(sleep.o)
 *fill*         0x000000000002f194        0x4 60000000
 .text.usleep   0x000000000002f198       0x80 /home/Monty/ps3dev/ppu/bin/../lib/gcc/powerpc64-ps3-elf/7.2.0/../../../../powerpc64-ps3-elf/lib/libsysbase.a(sleep.o)
 .text.sleep    0x000000000002f218       0x84 /home/Monty/ps3dev/ppu/bin/../lib/gcc/powerpc64-ps3-elf/7.2.0/../../../../powerpc64-ps3-elf/lib/libsysbase.a(sleep.o)
 .text          0x000000000002f29c        0x0 /home/Monty/ps3dev/ppu/bin/../lib/gcc/powerpc64-ps3-elf/7.2.0/../../../../powerpc64-ps3-elf/lib/libc.a(lib_a-assert.o)
 *fill*         0x000000000002f29c        0x4 60000000
 .text.__assert_func
                0x000000000002f2a0       0x80 /home/Monty/ps3dev/ppu/bin/../lib/gcc/powerpc64-ps3-elf/7.2.0/../../../../powerpc64-ps3-elf/lib/libc.a(lib_a-assert.o)
 .text.__assert
                0x000000000002f320       0x24 /home/Monty/ps3dev/ppu/bin/../lib/gcc/powerpc64-ps3-elf/7.2.0/../../../../powerpc64-ps3-elf/lib/libc.a(lib_a-assert.o)
 .text          0x000000000002f344        0x0 /home/Monty/ps3dev/ppu/bin/../lib/gcc/powerpc64-ps3-elf/7.2.0/../../../../powerpc64-ps3-elf/lib/libc.a(lib_a-atexit.o)
 *fill*         0x000000000002f344        0x4 60000000
 .text.atexit   0x000000000002f348       0x40 /home/Monty/ps3dev/ppu/bin/../lib/gcc/powerpc64-ps3-elf/7.2.0/../../../../powerpc64-ps3-elf/lib/libc.a(lib_a-atexit.o)
 .text          0x000000000002f388        0x0 /home/Monty/ps3dev/ppu/bin/../lib/gcc/powerpc64-ps3-elf/7.2.0/../../../../powerpc64-ps3-elf/lib/libc.a(lib_a-atoi.o)
 .text.atoi     0x000000000002f388       0x3c /home/Monty/ps3dev/ppu/bin/../lib/gcc/powerpc64-ps3-elf/7.2.0/../../../../powerpc64-ps3-elf/lib/libc.a(lib_a-atoi.o)
 *fill*         0x000000000002f3c4        0x4 60000000
 .text._atoi_r  0x000000000002f3c8       0x3c /home/Monty/ps3dev/ppu/bin/../lib/gcc/powerpc64-ps3-elf/7.2.0/../../../../powerpc64-ps3-elf/lib/libc.a(lib_a-atoi.o)
 .text          0x000000000002f404        0x0 /home/Monty/ps3dev/ppu/bin/../lib/gcc/powerpc64-ps3-elf/7.2.0/../../../../powerpc64-ps3-elf/lib/libc.a(lib_a-calloc.o)
 *fill*         0x000000000002f404        0x4 60000000
 .text.calloc   0x000000000002f408       0x58 /home/Monty/ps3dev/ppu/bin/../lib/gcc/powerpc64-ps3-elf/7.2.0/../../../../powerpc64-ps3-elf/lib/libc.a(lib_a-calloc.o)
 .text          0x000000000002f460        0x0 /home/Monty/ps3dev/ppu/bin/../lib/gcc/powerpc64-ps3-elf/7.2.0/../../../../powerpc64-ps3-elf/lib/libc.a(lib_a-callocr.o)
 .text._calloc_r
                0x000000000002f460       0xdc /home/Monty/ps3dev/ppu/bin/../lib/gcc/powerpc64-ps3-elf/7.2.0/../../../../powerpc64-ps3-elf/lib/libc.a(lib_a-callocr.o)
 .text          0x000000000002f53c        0x0 /home/Monty/ps3dev/ppu/bin/../lib/gcc/powerpc64-ps3-elf/7.2.0/../../../../powerpc64-ps3-elf/lib/libc.a(lib_a-errno.o)
 *fill*         0x000000000002f53c        0x4 60000000
 .text.__errno  0x000000000002f540       0x30 /home/Monty/ps3dev/ppu/bin/../lib/gcc/powerpc64-ps3-elf/7.2.0/../../../../powerpc64-ps3-elf/lib/libc.a(lib_a-errno.o)
 .text          0x000000000002f570        0x0 /home/Monty/ps3dev/ppu/bin/../lib/gcc/powerpc64-ps3-elf/7.2.0/../../../../powerpc64-ps3-elf/lib/libc.a(lib_a-exit.o)
 .text.exit     0x000000000002f570       0x68 /home/Monty/ps3dev/ppu/bin/../lib/gcc/powerpc64-ps3-elf/7.2.0/../../../../powerpc64-ps3-elf/lib/libc.a(lib_a-exit.o)
 .text          0x000000000002f5d8        0x0 /home/Monty/ps3dev/ppu/bin/../lib/gcc/powerpc64-ps3-elf/7.2.0/../../../../powerpc64-ps3-elf/lib/libc.a(lib_a-fclose.o)
 .text._fclose_r
                0x000000000002f5d8      0x1e8 /home/Monty/ps3dev/ppu/bin/../lib/gcc/powerpc64-ps3-elf/7.2.0/../../../../powerpc64-ps3-elf/lib/libc.a(lib_a-fclose.o)
 .text.fclose   0x000000000002f7c0       0x40 /home/Monty/ps3dev/ppu/bin/../lib/gcc/powerpc64-ps3-elf/7.2.0/../../../../powerpc64-ps3-elf/lib/libc.a(lib_a-fclose.o)
 .text          0x000000000002f800        0x0 /home/Monty/ps3dev/ppu/bin/../lib/gcc/powerpc64-ps3-elf/7.2.0/../../../../powerpc64-ps3-elf/lib/libc.a(lib_a-fflush.o)
 .text.__sflush_r
                0x000000000002f800      0x3d0 /home/Monty/ps3dev/ppu/bin/../lib/gcc/powerpc64-ps3-elf/7.2.0/../../../../powerpc64-ps3-elf/lib/libc.a(lib_a-fflush.o)