Archive member included because of file (symbol)

/usr/local/ps3dev/ppu/lib/libvdec.a(sprx.o)
                              video.o (vdecClose)
/usr/local/ps3dev/ppu/lib/libaudio.a(sprx.o)
                              audio.o (audioCreateNotifyEventQueue)
/usr/local/ps3dev/ppu/lib/librsx.a(init.o)
                              rsxutil.o (rsxInit)
/usr/local/ps3dev/ppu/lib/librsx.a(buffer.o)
                              rsxutil.o (rsxFlushBuffer)
/usr/local/ps3dev/ppu/lib/librsx.a(commands.o)
                              /usr/local/ps3dev/ppu/lib/librsx.a(buffer.o) (rsxSetJumpCommandUnsafe)
/usr/local/ps3dev/ppu/lib/librsx.a(mm.o)
                              /usr/local/ps3dev/ppu/lib/librsx.a(init.o) (rsxHeapInit)
/usr/local/ps3dev/ppu/lib/librsx.a(vertex_program.o)
                              /usr/local/ps3dev/ppu/lib/librsx.a(commands.o) (rsxVertexProgramGetConsts)
/usr/local/ps3dev/ppu/lib/librsx.a(fragment_program.o)
                              /usr/local/ps3dev/ppu/lib/librsx.a(commands.o) (rsxFragmentProgramGetConstOffsetTable)
/usr/local/ps3dev/ppu/lib/librsx.a(rsx_internal.o)
                              /usr/local/ps3dev/ppu/lib/librsx.a(vertex_program.o) (__rsxGetAttrs)
/usr/local/ps3dev/ppu/lib/libgcm_sys.a(sprx.o)
                              rsxutil.o (gcmSetFlip)
/usr/local/ps3dev/ppu/lib/libio.a(sprx.o)
                              main.o (ioPadInit)
/usr/local/ps3dev/ppu/lib/libsysutil.a(sprx.o)
                              rsxutil.o (videoConfigure)
/usr/local/ps3dev/ppu/lib/libsysutil.a(sysutil_wrapper.o)
                              main.o (sysUtilRegisterCallback)
/usr/local/ps3dev/ppu/lib/librt.a(sbrk.o)
                              /usr/local/ps3dev/ppu/lib/gcc/powerpc64-ps3-elf/7.2.0/../../../../powerpc64-ps3-elf/lib/lv2-crt0.o (__librt_sbrk_r)
/usr/local/ps3dev/ppu/lib/librt.a(exit.o)
                              /usr/local/ps3dev/ppu/lib/gcc/powerpc64-ps3-elf/7.2.0/../../../../powerpc64-ps3-elf/lib/lv2-crt0.o (__librt_exit)
/usr/local/ps3dev/ppu/lib/librt.a(close.o)
                              /usr/local/ps3dev/ppu/lib/gcc/powerpc64-ps3-elf/7.2.0/../../../../powerpc64-ps3-elf/lib/lv2-crt0.o (__librt_close_r)
/usr/local/ps3dev/ppu/lib/librt.a(lseek.o)
                              /usr/local/ps3dev/ppu/lib/gcc/powerpc64-ps3-elf/7.2.0/../../../../powerpc64-ps3-elf/lib/lv2-crt0.o (__librt_lseek_r)
/usr/local/ps3dev/ppu/lib/librt.a(read.o)
                              /usr/local/ps3dev/ppu/lib/gcc/powerpc64-ps3-elf/7.2.0/../../../../powerpc64-ps3-elf/lib/lv2-crt0.o (__librt_read_r)
/usr/local/ps3dev/ppu/lib/librt.a(open.o)
                              /usr/local/ps3dev/ppu/lib/gcc/powerpc64-ps3-elf/7.2.0/../../../../powerpc64-ps3-elf/lib/lv2-crt0.o (__librt_open_r)
/usr/local/ps3dev/ppu/lib/librt.a(sleep.o)
                              /usr/local/ps3dev/ppu/lib/gcc/powerpc64-ps3-elf/7.2.0/../../../../powerpc64-ps3-elf/lib/lv2-crt0.o (__librt_usleep_r)
/usr/local/ps3dev/ppu/lib/librt.a(write.o)
                              /usr/local/ps3dev/ppu/lib/gcc/powerpc64-ps3-elf/7.2.0/../../../../powerpc64-ps3-elf/lib/lv2-crt0.o (__librt_write_r)
/usr/local/ps3dev/ppu/lib/librt.a(fstat.o)
                              /usr/local/ps3dev/ppu/lib/gcc/powerpc64-ps3-elf/7.2.0/../../../../powerpc64-ps3-elf/lib/lv2-crt0.o (__librt_fstat_r)
/usr/local/ps3dev/ppu/lib/librt.a(socket.o)
                              /usr/local/ps3dev/ppu/lib/librt.a(write.o) (send)
/usr/local/ps3dev/ppu/lib/librt.a(lock.o)
                              /usr/local/ps3dev/ppu/lib/gcc/powerpc64-ps3-elf/7.2.0/../../../../powerpc64-ps3-elf/lib/lv2-crt0.o (__librt_sys_lwmutex_create_r)
/usr/local/ps3dev/ppu/lib/librt.a(dirent.o)
                              /usr/local/ps3dev/ppu/lib/gcc/powerpc64-ps3-elf/7.2.0/../../../../powerpc64-ps3-elf/lib/lv2-crt0.o (__librt_opendir_r)
/usr/local/ps3dev/ppu/lib/librt.a(mkdir.o)
                              /usr/local/ps3dev/ppu/lib/gcc/powerpc64-ps3-elf/7.2.0/../../../../powerpc64-ps3-elf/lib/lv2-crt0.o (__librt_mkdir_r)
/usr/local/ps3dev/ppu/lib/librt.a(times.o)
                              /usr/local/ps3dev/ppu/lib/gcc/powerpc64-ps3-elf/7.2.0/../../../../powerpc64-ps3-elf/lib/lv2-crt0.o (__librt_times_r)
/usr/local/ps3dev/ppu/lib/librt.a(umask.o)
                              /usr/local/ps3dev/ppu/lib/gcc/powerpc64-ps3-elf/7.2.0/../../../../powerpc64-ps3-elf/lib/lv2-crt0.o (__librt_umask_r)
/usr/local/ps3dev/ppu/lib/librt.a(lv2errno.o)
                              /usr/local/ps3dev/ppu/lib/librt.a(socket.o) (lv2errno)
/usr/local/ps3dev/ppu/lib/librt.a(heap.o)
                              /usr/local/ps3dev/ppu/lib/librsx.a(mm.o) (heapInit)
/usr/local/ps3dev/ppu/lib/librt.a(chmod.o)
                              /usr/local/ps3dev/ppu/lib/gcc/powerpc64-ps3-elf/7.2.0/../../../../powerpc64-ps3-elf/lib/lv2-crt0.o (__librt_chmod_r)
/usr/local/ps3dev/ppu/lib/librt.a(rename.o)
[...]
Memory Configuration

Name             Origin             Length             Attributes
*default*        0x0000000000000000 0xffffffffffffffff

Linker script and memory map

                0x0000000000010000                PROVIDE (__executable_start, 0x10000)
                0x0000000000010200                . = (0x10000 + SIZEOF_HEADERS)

.interp
 *(.interp)

.hash
 *(.hash)

.dynsym
 *(.dynsym)

.dynstr
 *(.dynstr)

.gnu.version
 *(.gnu.version)

.gnu.version_d
 *(.gnu.version_d)

.gnu.version_r
 *(.gnu.version_r)

.rel.dyn
 *(.rel.init)
 *(.rel.text .rel.text.* .rel.gnu.linkonce.t.*)
 *(.rel.fini)
 *(.rel.rodata .rel.rodata.* .rel.gnu.linkonce.r.*)
 *(.rel.data.rel.ro*)
 *(.rel.data .rel.data.* .rel.gnu.linkonce.d.*)
 *(.rel.tdata .rel.tdata.* .rel.gnu.linkonce.td.*)
 *(.rel.tbss .rel.tbss.* .rel.gnu.linkonce.tb.*)
 *(.rel.ctors)
 *(.rel.dtors)
 *(.rel.got)
 *(.rel.sdata .rel.sdata.* .rel.gnu.linkonce.s.*)
 *(.rel.sbss .rel.sbss.* .rel.gnu.linkonce.sb.*)
 *(.rel.sdata2 .rel.sdata2.* .rel.gnu.linkonce.s2.*)
 *(.rel.sbss2 .rel.sbss2.* .rel.gnu.linkonce.sb2.*)
 *(.rel.bss .rel.bss.* .rel.gnu.linkonce.b.*)

.rela.dyn       0x0000000000010200        0x0
 *(.rela.init)
 *(.rela.text .rela.text.* .rela.gnu.linkonce.t.*)
 *(.rela.fini)
 *(.rela.rodata .rela.rodata.* .rela.gnu.linkonce.r.*)
 *(.rela.data .rela.data.* .rela.gnu.linkonce.d.*)
 *(.rela.tdata .rela.tdata.* .rela.gnu.linkonce.td.*)
 *(.rela.tbss .rela.tbss.* .rela.gnu.linkonce.tb.*)
 *(.rela.ctors)
 *(.rela.dtors)
 *(.rela.got)
 *(.rela.toc)
 .rela.toc      0x0000000000000000        0x0 linker stubs
 *(.rela.sdata .rela.sdata.* .rela.gnu.linkonce.s.*)
 *(.rela.sbss .rela.sbss.* .rela.gnu.linkonce.sb.*)
 *(.rela.sdata2 .rela.sdata2.* .rela.gnu.linkonce.s2.*)
 *(.rela.sbss2 .rela.sbss2.* .rela.gnu.linkonce.sb2.*)
 *(.rela.bss .rela.bss.* .rela.gnu.linkonce.b.*)
 .rela.iplt     0x0000000000000000        0x0 linker stubs
 .rela.sys_proc_prx_param
                0x0000000000000000        0x0 linker stubs

.rel.plt
 *(.rel.plt)

.rela.plt
 *(.rela.plt)

.rela.tocbss
 *(.rela.tocbss)

.init           0x0000000000010200       0x2c
 *(.init)
 .init          0x0000000000010200        0xc /usr/local/ps3dev/ppu/lib/gcc/powerpc64-ps3-elf/7.2.0/../../../../powerpc64-ps3-elf/lib/lv2-crti.o
                0x0000000000010200                ._init
 .init          0x000000000001020c        0x8 /usr/local/ps3dev/ppu/lib/gcc/powerpc64-ps3-elf/7.2.0/crtbegin.o
 .init          0x0000000000010214        0x8 /usr/local/ps3dev/ppu/lib/gcc/powerpc64-ps3-elf/7.2.0/crtend.o
 .init          0x000000000001021c       0x10 /usr/local/ps3dev/ppu/lib/gcc/powerpc64-ps3-elf/7.2.0/../../../../powerpc64-ps3-elf/lib/lv2-crtn.o

.text           0x0000000000010230    0x3513c
 *(.text .stub .text.* .gnu.linkonce.t.*)
 .text          0x0000000000010230        0x0 /usr/local/ps3dev/ppu/lib/gcc/powerpc64-ps3-elf/7.2.0/../../../../powerpc64-ps3-elf/lib/lv2-crti.o
 .text          0x0000000000010230        0x0 /usr/local/ps3dev/ppu/lib/gcc/powerpc64-ps3-elf/7.2.0/crtbegin.o
 .text.deregister_tm_clones
                0x0000000000010230       0x54 /usr/local/ps3dev/ppu/lib/gcc/powerpc64-ps3-elf/7.2.0/crtbegin.o
 *fill*         0x0000000000010284        0x4 60000000
 .text.register_tm_clones
                0x0000000000010288       0x60 /usr/local/ps3dev/ppu/lib/gcc/powerpc64-ps3-elf/7.2.0/crtbegin.o
 .text.__do_global_dtors_aux
                0x00000000000102e8       0xd4 /usr/local/ps3dev/ppu/lib/gcc/powerpc64-ps3-elf/7.2.0/crtbegin.o
 *fill*         0x00000000000103bc        0x4 60000000
 .text.frame_dummy
                0x00000000000103c0       0x38 /usr/local/ps3dev/ppu/lib/gcc/powerpc64-ps3-elf/7.2.0/crtbegin.o
 .text          0x00000000000103f8       0x58 /usr/local/ps3dev/ppu/lib/gcc/powerpc64-ps3-elf/7.2.0/../../../../powerpc64-ps3-elf/lib/lv2-crt0.o
                0x00000000000103f8                ._start
 .text.startup.__syscalls_init
                0x0000000000010450      0x180 /usr/local/ps3dev/ppu/lib/gcc/powerpc64-ps3-elf/7.2.0/../../../../powerpc64-ps3-elf/lib/lv2-crt0.o
 .text._initialize
                0x00000000000105d0       0x40 /usr/local/ps3dev/ppu/lib/gcc/powerpc64-ps3-elf/7.2.0/../../../../powerpc64-ps3-elf/lib/lv2-crt0.o
 .text          0x0000000000010610        0x0 /usr/local/ps3dev/ppu/lib/gcc/powerpc64-ps3-elf/7.2.0/../../../../powerpc64-ps3-elf/lib/lv2-sprx.o
 .text          0x0000000000010610        0x0 audio.o
 .text._Z17audio_block_countv
                0x0000000000010610       0x18 audio.o
 .text._Z10audio_openv
                0x0000000000010628      0x1f8 audio.o
 .text._Z13audio_silencev
                0x0000000000010820      0x164 audio.o
 *fill*         0x0000000000010984        0x4 60000000
 .text._Z11audio_closev
                0x0000000000010988       0xb4 audio.o
 .text          0x0000000000010a3c        0x0 bitmap.o
 *fill*         0x0000000000010a3c        0x4 60000000
 .text._Z10bitmapInitP6Bitmapjj
                0x0000000000010a40       0x9c bitmap.o
 *fill*         0x0000000000010adc        0x4 60000000
 .text._Z13bitmapDestroyP6Bitmap
                0x0000000000010ae0       0x48 bitmap.o
 .text._Z12bitmapSetXpmP6BitmapPPKc
                0x0000000000010b28      0x210 bitmap.o
 .text          0x0000000000010d38        0x0 http.o
 .text._Z9http_initv
                0x0000000000010d38       0x88 http.o
 .text._Z8http_endv
                0x0000000000010dc0       0x3c http.o
 *fill*         0x0000000000010dfc        0x4 60000000
 .text._Z12http_requestiPKcS0_S0_Pci
                0x0000000000010e00      0x5d0 http.o
 .text          0x00000000000113d0        0x0 jellyfin_api.o
 .text._ZL17json_get_in_rangePKciS0_Pci
                0x00000000000113d0      0x178 jellyfin_api.o
 .text._ZL4trimPc
                0x0000000000011548      0x10c jellyfin_api.o
 *fill*         0x0000000000011654        0x4 60000000
 .text._Z20show_library_browserv.part.1
                0x0000000000011658      0x108 jellyfin_api.o
 .text._Z15json_get_stringPKcS0_Pci
                0x0000000000011760      0x11c jellyfin_api.o
 *fill*         0x000000000001187c        0x4 60000000
 .text._Z16url_encode_queryPKcPci
                0x0000000000011880      0x188 jellyfin_api.o
 .text._Z12is_containerPKc
                0x0000000000011a08      0x104 jellyfin_api.o
 *fill*         0x0000000000011b0c        0x4 60000000
 .text._ZL9show_listP6JFItemiPKcbb
                0x0000000000011b10      0x47c jellyfin_api.o
 *fill*         0x0000000000011f8c        0x4 60000000
 .text._Z14parse_jf_itemsPKcP6JFItemi
                0x0000000000011f90      0x250 jellyfin_api.o
 .text._ZL12browse_levelPKcS0_i
                0x00000000000121e0      0x478 jellyfin_api.o
 .text._Z11save_configv
                0x0000000000012658       0x74 jellyfin_api.o
 *fill*         0x00000000000126cc        0x4 60000000
 .text._Z11load_configv
                0x00000000000126d0      0x12c jellyfin_api.o
 *fill*         0x00000000000127fc        0x4 60000000
 .text._Z8do_loginv
                0x0000000000012800      0x484 jellyfin_api.o
 *fill*         0x0000000000012c84        0x4 60000000
 .text._Z20show_library_browserv
                0x0000000000012c88       0x34 jellyfin_api.o
 *fill*         0x0000000000012cbc        0x4 60000000
 .text._Z11show_searchv
                0x0000000000012cc0      0x28c jellyfin_api.o
 *fill*         0x0000000000012f4c        0x4 60000000
 .text._Z14show_main_menuv
                0x0000000000012f50      0x318 jellyfin_api.o
 .text          0x0000000000013268        0x0 main.o
 .text.sysutil_exit_callback
                0x0000000000013268       0x24 main.o
 *fill*         0x000000000001328c        0x4 60000000
 .text.program_exit_callback
                0x0000000000013290       0x5c main.o
 *fill*         0x00000000000132ec        0x4 60000000
 .text._ZL9crash_logPKc
                0x00000000000132f0       0x94 main.o
 *fill*         0x0000000000013384        0x4 60000000
 .text.startup.main
                0x0000000000013388      0x310 main.o
 .text          0x0000000000013698        0x0 player.o
 .text._ZL10show_errorPKcS0_
                0x0000000000013698      0x138 player.o
 .text._Z4plogPKc
                0x00000000000137d0      0x100 player.o
 .text._Z11show_playerPK6JFItem
                0x00000000000138d0      0xbe4 player.o
 .text          0x00000000000144b4        0x0 rsxutil.o
 *fill*         0x00000000000144b4        0x4 60000000
 .text._Z15setRenderTargetj
                0x00000000000144b8       0xd8 rsxutil.o
 .text._Z11init_screenPvj
                0x0000000000014590      0x274 rsxutil.o
 *fill*         0x0000000000014804        0x4 60000000
 .text._Z8waitflipv
                0x0000000000014808       0x50 rsxutil.o
 .text._Z4flipv
                0x0000000000014858       0xac rsxutil.o
 .text          0x0000000000014904        0x0 stream.o
 *fill*         0x0000000000014904        0x4 60000000
 .text._Z11stream_openPKc
                0x0000000000014908      0x550 stream.o
 .text._Z11stream_readiPhi
                0x0000000000014e58      0x2e0 stream.o
 .text          0x0000000000015138        0x0 timing.o
 .text._Z13timing_get_usv
                0x0000000000015138       0x44 timing.o
 *fill*         0x000000000001517c        0x4 60000000
 .text._Z11timing_initjj
                0x0000000000015180       0xcc timing.o
 *fill*         0x000000000001524c        0x4 60000000
 .text._Z16timing_frame_duev
                0x0000000000015250       0x5c timing.o
 *fill*         0x00000000000152ac        0x4 60000000
 .text._Z18timing_frame_shownv
                0x00000000000152b0       0x6c timing.o
 .text          0x000000000001531c        0x0 ui.o
 *fill*         0x000000000001531c        0x4 60000000
 .text._Z14update_buttonsP9_pad_data
                0x0000000000015320       0x98 ui.o
 .text._Z9init_btnsv
                0x00000000000153b8       0x98 ui.o
 .text._Z11clearScreenj
                0x0000000000015450       0x68 ui.o
 .text._Z8drawCharjjc
                0x00000000000154b8      0x1d0 ui.o
 .text._Z8drawTextjjPKc
                0x0000000000015688       0xb0 ui.o
 .text._Z9drawTextfjjPKcz
                0x0000000000015738       0x78 ui.o
 .text._Z10drawHeaderv
                0x00000000000157b0       0x50 ui.o
 .text._Z22decode_unicode_escapesPc
                0x0000000000015800      0x17c ui.o
 *fill*         0x000000000001597c        0x4 60000000
 .text._Z9get_inputPciPKcb
                0x0000000000015980      0x73c ui.o
 *fill*         0x00000000000160bc        0x4 60000000
 .text._Z7ui_initv
                0x00000000000160c0       0x98 ui.o
 .text._Z10ui_cleanupv
                0x0000000000016158       0x34 ui.o
 .text          0x000000000001618c        0x0 video.o
 *fill*         0x000000000001618c        0x4 60000000
 .text._ZL11vdec_submitPKhim
                0x0000000000016190      0x3b0 video.o
 .text._ZL7vdec_cbjjjj
                0x0000000000016540       0x64 video.o
 *fill*         0x00000000000165a4        0x4 60000000
 .text._Z9vdec_openv
                0x00000000000165a8      0x38c video.o
 *fill*         0x0000000000016934        0x4 60000000
 .text._Z10vdec_closev
                0x0000000000016938       0xdc video.o
 *fill*         0x0000000000016a14        0x4 60000000
 .text._Z10jbuf_allocjj
                0x0000000000016a18       0xcc video.o
 *fill*         0x0000000000016ae4        0x4 60000000
 .text._Z9jbuf_freev
                0x0000000000016ae8       0x8c video.o
 *fill*         0x0000000000016b74        0x4 60000000
 .text._Z9jbuf_peekv
                0x0000000000016b78       0x44 video.o
 *fill*         0x0000000000016bbc        0x4 60000000
 .text._Z8jbuf_popv
                0x0000000000016bc0       0x40 video.o
 .text._Z7jbuf_fwv
                0x0000000000016c00       0x18 video.o
 .text._Z7jbuf_fhv
                0x0000000000016c18       0x18 video.o
 .text._Z10jbuf_countv
                0x0000000000016c30       0x1c video.o
 *fill*         0x0000000000016c4c        0x4 60000000
 .text._Z11video_resetv
                0x0000000000016c50       0x74 video.o
 *fill*         0x0000000000016cc4        0x4 60000000
 .text._Z13video_feed_tsPKh
                0x0000000000016cc8      0x688 video.o
 .text          0x0000000000017350        0x0 /usr/local/ps3dev/ppu/lib/libvdec.a(sprx.o)
 .text          0x0000000000017350        0x0 /usr/local/ps3dev/ppu/lib/libaudio.a(sprx.o)
 .text          0x0000000000017350        0x0 /usr/local/ps3dev/ppu/lib/librsx.a(init.o)
 .text.rsxInit  0x0000000000017350       0x9c /usr/local/ps3dev/ppu/lib/librsx.a(init.o)
 *fill*         0x00000000000173ec        0x4 60000000
 .text.rsxSetupContextData
                0x00000000000173f0       0x48 /usr/local/ps3dev/ppu/lib/librsx.a(init.o)
 .text.rsxSetCurrentBuffer
                0x0000000000017438       0x48 /usr/local/ps3dev/ppu/lib/librsx.a(init.o)
 .text.rsxSetDefaultCommandBuffer
                0x0000000000017480       0x50 /usr/local/ps3dev/ppu/lib/librsx.a(init.o)
 .text.rsxSetUserCallback
                0x00000000000174d0       0x18 /usr/local/ps3dev/ppu/lib/librsx.a(init.o)
 .text.rsxGetCurrentBuffer
                0x00000000000174e8       0x1c /usr/local/ps3dev/ppu/lib/librsx.a(init.o)
 .text          0x0000000000017504        0x0 /usr/local/ps3dev/ppu/lib/librsx.a(buffer.o)
 *fill*         0x0000000000017504        0x4 60000000
 .text.rsxResetCommandBufferUnsafe
                0x0000000000017508       0x80 /usr/local/ps3dev/ppu/lib/librsx.a(buffer.o)
 .text.rsxFlushBufferUnsafe
                0x0000000000017588       0x78 /usr/local/ps3dev/ppu/lib/librsx.a(buffer.o)
 .text.rsxFinishUnsafe
                0x0000000000017600       0x84 /usr/local/ps3dev/ppu/lib/librsx.a(buffer.o)
 *fill*         0x0000000000017684        0x4 60000000
 .text.rsxResetCommandBuffer
                0x0000000000017688       0x80 /usr/local/ps3dev/ppu/lib/librsx.a(buffer.o)
 .text.rsxFlushBuffer
                0x0000000000017708       0x10 /usr/local/ps3dev/ppu/lib/librsx.a(buffer.o)
 .text.rsxFinish
                0x0000000000017718       0x84 /usr/local/ps3dev/ppu/lib/librsx.a(buffer.o)
 .text          0x000000000001779c        0x0 /usr/local/ps3dev/ppu/lib/librsx.a(commands.o)
 *fill*         0x000000000001779c        0x4 60000000
 .text.rsxSetReturnCommandUnsafe
                0x00000000000177a0       0x24 /usr/local/ps3dev/ppu/lib/librsx.a(commands.o)
 *fill*         0x00000000000177c4        0x4 60000000
 .text.rsxSetCallCommandUnsafe
                0x00000000000177c8       0x24 /usr/local/ps3dev/ppu/lib/librsx.a(commands.o)
 *fill*         0x00000000000177ec        0x4 60000000
 .text.rsxSetJumpCommandUnsafe
                0x00000000000177f0       0x24 /usr/local/ps3dev/ppu/lib/librsx.a(commands.o)
 *fill*         0x0000000000017814        0x4 60000000
 .text.rsxSetNopCommandUnsafe
                0x0000000000017818       0x98 /usr/local/ps3dev/ppu/lib/librsx.a(commands.o)
 .text.rsxSetSkipNopUnsafe
                0x00000000000178b0       0x34 /usr/local/ps3dev/ppu/lib/librsx.a(commands.o)
 *fill*         0x00000000000178e4        0x4 60000000
 .text.rsxSetClearColorUnsafe
                0x00000000000178e8       0x2c /usr/local/ps3dev/ppu/lib/librsx.a(commands.o)
 *fill*         0x0000000000017914        0x4 60000000
 .text.rsxSetClearDepthStencilUnsafe
                0x0000000000017918       0x2c /usr/local/ps3dev/ppu/lib/librsx.a(commands.o)
 *fill*         0x0000000000017944        0x4 60000000
 .text.rsxSetReferenceCommandUnsafe
                0x0000000000017948       0x2c /usr/local/ps3dev/ppu/lib/librsx.a(commands.o)
 *fill*         0x0000000000017974        0x4 60000000
 .text.rsxSetWriteBackendLabelUnsafe
                0x0000000000017978       0x58 /usr/local/ps3dev/ppu/lib/librsx.a(commands.o)
 .text.rsxSetWriteTextureLabelUnsafe
                0x00000000000179d0       0x40 /usr/local/ps3dev/ppu/lib/librsx.a(commands.o)
 .text.rsxSetWaitLabelUnsafe
                0x0000000000017a10       0x40 /usr/local/ps3dev/ppu/lib/librsx.a(commands.o)
 .text.rsxSetWriteCommandLabelUnsafe
                0x0000000000017a50       0x40 /usr/local/ps3dev/ppu/lib/librsx.a(commands.o)
 .text.rsxSetSurfaceUnsafe
                0x0000000000017a90      0x1cc /usr/local/ps3dev/ppu/lib/librsx.a(commands.o)
 *fill*         0x0000000000017c5c        0x4 60000000
 .text.rsxSetColorMaskUnsafe
                0x0000000000017c60       0x2c /usr/local/ps3dev/ppu/lib/librsx.a(commands.o)
 *fill*         0x0000000000017c8c        0x4 60000000
 .text.rsxSetColorMaskMrtUnsafe
                0x0000000000017c90       0x2c /usr/local/ps3dev/ppu/lib/librsx.a(commands.o)
 *fill*         0x0000000000017cbc        0x4 60000000
 .text.rsxSetShadeModelUnsafe
                0x0000000000017cc0       0x2c /usr/local/ps3dev/ppu/lib/librsx.a(commands.o)
 *fill*         0x0000000000017cec        0x4 60000000
 .text.rsxSetViewportUnsafe
                0x0000000000017cf0      0x108 /usr/local/ps3dev/ppu/lib/librsx.a(commands.o)
 .text.rsxSetViewportClipUnsafe
                0x0000000000017df8       0x44 /usr/local/ps3dev/ppu/lib/librsx.a(commands.o)
 *fill*         0x0000000000017e3c        0x4 60000000
 .text.rsxSetUserClipPlaneControlUnsafe
                0x0000000000017e40       0x54 /usr/local/ps3dev/ppu/lib/librsx.a(commands.o)
 *fill*         0x0000000000017e94        0x4 60000000
 .text.rsxSetDepthTestEnableUnsafe
                0x0000000000017e98       0x2c /usr/local/ps3dev/ppu/lib/librsx.a(commands.o)
 *fill*         0x0000000000017ec4        0x4 60000000
 .text.rsxSetDepthFuncUnsafe
                0x0000000000017ec8       0x2c /usr/local/ps3dev/ppu/lib/librsx.a(commands.o)
 *fill*         0x0000000000017ef4        0x4 60000000
 .text.rsxSetDepthWriteEnableUnsafe
                0x0000000000017ef8       0x2c /usr/local/ps3dev/ppu/lib/librsx.a(commands.o)
 *fill*         0x0000000000017f24        0x4 60000000
 .text.rsxSetDepthFormatUnsafe
                0x0000000000017f28       0x34 /usr/local/ps3dev/ppu/lib/librsx.a(commands.o)
 *fill*         0x0000000000017f5c        0x4 60000000
 .text.rsxSetCullFaceEnableUnsafe
                0x0000000000017f60       0x2c /usr/local/ps3dev/ppu/lib/librsx.a(commands.o)
 *fill*         0x0000000000017f8c        0x4 60000000
 .text.rsxSetCullFaceUnsafe
                0x0000000000017f90       0x2c /usr/local/ps3dev/ppu/lib/librsx.a(commands.o)
 *fill*         0x0000000000017fbc        0x4 60000000
 .text.rsxSetFrontFaceUnsafe
                0x0000000000017fc0       0x2c /usr/local/ps3dev/ppu/lib/librsx.a(commands.o)
 *fill*         0x0000000000017fec        0x4 60000000
 .text.rsxSetFrontPolygonModeUnsafe
                0x0000000000017ff0       0x2c /usr/local/ps3dev/ppu/lib/librsx.a(commands.o)
 *fill*         0x000000000001801c        0x4 60000000
 .text.rsxSetBackPolygonModeUnsafe
                0x0000000000018020       0x2c /usr/local/ps3dev/ppu/lib/librsx.a(commands.o)
 *fill*         0x000000000001804c        0x4 60000000
 .text.rsxSetPolygonOffsetFillEnableUnsafe
                0x0000000000018050       0x2c /usr/local/ps3dev/ppu/lib/librsx.a(commands.o)
 *fill*         0x000000000001807c        0x4 60000000
 .text.rsxSetPolygonOffsetUnsafe
                0x0000000000018080       0x40 /usr/local/ps3dev/ppu/lib/librsx.a(commands.o)
 .text.rsxSetPolygonOffsetLineEnableUnsafe
                0x00000000000180c0       0x2c /usr/local/ps3dev/ppu/lib/librsx.a(commands.o)
 *fill*         0x00000000000180ec        0x4 60000000
 .text.rsxClearSurfaceUnsafe
                0x00000000000180f0       0x3c /usr/local/ps3dev/ppu/lib/librsx.a(commands.o)
 *fill*         0x000000000001812c        0x4 60000000
 .text.rsxSetCylindricalWrapUnsafe
                0x0000000000018130       0x2c /usr/local/ps3dev/ppu/lib/librsx.a(commands.o)
 *fill*         0x000000000001815c        0x4 60000000
 .text.rsxSetTwoSideLightEnableUnsafe
                0x0000000000018160       0x2c /usr/local/ps3dev/ppu/lib/librsx.a(commands.o)
 *fill*         0x000000000001818c        0x4 60000000
 .text.rsxSetStencilFuncUnsafe
                0x0000000000018190       0x34 /usr/local/ps3dev/ppu/lib/librsx.a(commands.o)
 *fill*         0x00000000000181c4        0x4 60000000
 .text.rsxSetStencilMaskUnsafe
                0x00000000000181c8       0x2c /usr/local/ps3dev/ppu/lib/librsx.a(commands.o)
 *fill*         0x00000000000181f4        0x4 60000000
 .text.rsxSetStencilOpUnsafe
                0x00000000000181f8       0x34 /usr/local/ps3dev/ppu/lib/librsx.a(commands.o)
 *fill*         0x000000000001822c        0x4 60000000
 .text.rsxSetStencilTestEnableUnsafe
                0x0000000000018230       0x2c /usr/local/ps3dev/ppu/lib/librsx.a(commands.o)
 *fill*         0x000000000001825c        0x4 60000000
 .text.rsxSetBackStencilFuncUnsafe
                0x0000000000018260       0x34 /usr/local/ps3dev/ppu/lib/librsx.a(commands.o)
 *fill*         0x0000000000018294        0x4 60000000
 .text.rsxSetBackStencilMaskUnsafe
                0x0000000000018298       0x2c /usr/local/ps3dev/ppu/lib/librsx.a(commands.o)
 *fill*         0x00000000000182c4        0x4 60000000
 .text.rsxSetBackStencilOpUnsafe
                0x00000000000182c8       0x34 /usr/local/ps3dev/ppu/lib/librsx.a(commands.o)
 *fill*         0x00000000000182fc        0x4 60000000
 .text.rsxSetTwoSidedStencilTestEnableUnsafe
                0x0000000000018300       0x2c /usr/local/ps3dev/ppu/lib/librsx.a(commands.o)
 *fill*         0x000000000001832c        0x4 60000000
 .text.rsxSetRenderEnableUnsafe
                0x0000000000018330       0x70 /usr/local/ps3dev/ppu/lib/librsx.a(commands.o)
 .text.rsxSetReportUnsafe
                0x00000000000183a0       0x38 /usr/local/ps3dev/ppu/lib/librsx.a(commands.o)
 .text.rsxSetClearReportUnsafe
                0x00000000000183d8       0x2c /usr/local/ps3dev/ppu/lib/librsx.a(commands.o)
 *fill*         0x0000000000018404        0x4 60000000
 .text.rsxSetZPixelCountEnableUnsafe
                0x0000000000018408       0x2c /usr/local/ps3dev/ppu/lib/librsx.a(commands.o)
 *fill*         0x0000000000018434        0x4 60000000
 .text.rsxSetSCullControlUnsafe
                0x0000000000018438       0x3c /usr/local/ps3dev/ppu/lib/librsx.a(commands.o)
 *fill*         0x0000000000018474        0x4 60000000
 .text.rsxSetZCullLimitUnsafe
                0x0000000000018478       0x34 /usr/local/ps3dev/ppu/lib/librsx.a(commands.o)
 *fill*         0x00000000000184ac        0x4 60000000
 .text.rsxSetZCullStatsEnableUnsafe
                0x00000000000184b0       0x2c /usr/local/ps3dev/ppu/lib/librsx.a(commands.o)
 *fill*         0x00000000000184dc        0x4 60000000
 .text.rsxSetZCullControlUnsafe
                0x00000000000184e0       0x34 /usr/local/ps3dev/ppu/lib/librsx.a(commands.o)
 *fill*         0x0000000000018514        0x4 60000000
 .text.rsxSetClearZCullSurfaceUnsafe
                0x0000000000018518       0x34 /usr/local/ps3dev/ppu/lib/librsx.a(commands.o)
 *fill*         0x000000000001854c        0x4 60000000
 .text.rsxSetZCullEnableUnsafe
                0x0000000000018550       0x34 /usr/local/ps3dev/ppu/lib/librsx.a(commands.o)
 *fill*         0x0000000000018584        0x4 60000000
 .text.rsxSetZCullInvalidateUnsafe
                0x0000000000018588       0x2c /usr/local/ps3dev/ppu/lib/librsx.a(commands.o)
 *fill*         0x00000000000185b4        0x4 60000000
 .text.rsxSetPolygonSmoothEnableUnsafe
                0x00000000000185b8       0x2c /usr/local/ps3dev/ppu/lib/librsx.a(commands.o)
 *fill*         0x00000000000185e4        0x4 60000000
 .text.rsxSetDitherEnableUnsafe
                0x00000000000185e8       0x2c /usr/local/ps3dev/ppu/lib/librsx.a(commands.o)
 *fill*         0x0000000000018614        0x4 60000000
 .text.rsxLoadVertexProgramBlockUnsafe
                0x0000000000018618      0x2ac /usr/local/ps3dev/ppu/lib/librsx.a(commands.o)
 *fill*         0x00000000000188c4        0x4 60000000
 .text.rsxLoadFragmentProgramLocationUnsafe
                0x00000000000188c8      0x16c /usr/local/ps3dev/ppu/lib/librsx.a(commands.o)
 *fill*         0x0000000000018a34        0x4 60000000
 .text.rsxUpdateFragmentProgramLocationUnsafe
                0x0000000000018a38       0x38 /usr/local/ps3dev/ppu/lib/librsx.a(commands.o)
 .text.rsxSetFragmentProgramControlUnsafe
                0x0000000000018a70       0x54 /usr/local/ps3dev/ppu/lib/librsx.a(commands.o)
 *fill*         0x0000000000018ac4        0x4 60000000
 .text.rsxLoadVertexProgramParameterBlockUnsafe
                0x0000000000018ac8      0x290 /usr/local/ps3dev/ppu/lib/librsx.a(commands.o)
 .text.rsxLoadVertexProgramUnsafe
                0x0000000000018d58       0xec /usr/local/ps3dev/ppu/lib/librsx.a(commands.o)
 *fill*         0x0000000000018e44        0x4 60000000
 .text.rsxSetVertexProgramParameterUnsafe
                0x0000000000018e48      0x218 /usr/local/ps3dev/ppu/lib/librsx.a(commands.o)
 .text.rsxSetVertexProgramConstantsUnsafe
                0x0000000000019060      0x210 /usr/local/ps3dev/ppu/lib/librsx.a(commands.o)
 .text.rsxSetVertexAttribOutputMaskUnsafe
                0x0000000000019270       0x2c /usr/local/ps3dev/ppu/lib/librsx.a(commands.o)
 *fill*         0x000000000001929c        0x4 60000000
 .text.rsxSetFragmentProgramGammaEnableUnsafe
                0x00000000000192a0       0x2c /usr/local/ps3dev/ppu/lib/librsx.a(commands.o)
 *fill*         0x00000000000192cc        0x4 60000000
 .text.rsxDrawVertexBeginUnsafe
                0x00000000000192d0       0x2c /usr/local/ps3dev/ppu/lib/librsx.a(commands.o)
 *fill*         0x00000000000192fc        0x4 60000000
 .text.rsxDrawVertexEndUnsafe
                0x0000000000019300       0x2c /usr/local/ps3dev/ppu/lib/librsx.a(commands.o)
 *fill*         0x000000000001932c        0x4 60000000
 .text.rsxDrawVertex1fUnsafe
                0x0000000000019330       0x38 /usr/local/ps3dev/ppu/lib/librsx.a(commands.o)
 .text.rsxDrawVertex2fUnsafe
                0x0000000000019368       0x40 /usr/local/ps3dev/ppu/lib/librsx.a(commands.o)
 .text.rsxDrawVertex3fUnsafe
                0x00000000000193a8       0x48 /usr/local/ps3dev/ppu/lib/librsx.a(commands.o)
 .text.rsxDrawVertex4fUnsafe
                0x00000000000193f0       0x48 /usr/local/ps3dev/ppu/lib/librsx.a(commands.o)
 .text.rsxDrawVertex4sUnsafe
                0x0000000000019438       0x5c /usr/local/ps3dev/ppu/lib/librsx.a(commands.o)
 *fill*         0x0000000000019494        0x4 60000000
 .text.rsxDrawVertexScaled4sUnsafe
                0x0000000000019498       0x5c /usr/local/ps3dev/ppu/lib/librsx.a(commands.o)
 *fill*         0x00000000000194f4        0x4 60000000
 .text.rsxDrawVertex2sUnsafe
                0x00000000000194f8       0x44 /usr/local/ps3dev/ppu/lib/librsx.a(commands.o)
 *fill*         0x000000000001953c        0x4 60000000
 .text.rsxDrawVertex4ubUnsafe
                0x0000000000019540       0x34 /usr/local/ps3dev/ppu/lib/librsx.a(commands.o)
 *fill*         0x0000000000019574        0x4 60000000
 .text.rsxSetFrequencyDividerOperationUnsafe
                0x0000000000019578       0x2c /usr/local/ps3dev/ppu/lib/librsx.a(commands.o)
 *fill*         0x00000000000195a4        0x4 60000000
 .text.rsxInvalidateVertexCacheUnsafe
                0x00000000000195a8       0x44 /usr/local/ps3dev/ppu/lib/librsx.a(commands.o)
 *fill*         0x00000000000195ec        0x4 60000000
 .text.rsxInvalidateTextureCacheUnsafe
                0x00000000000195f0       0x2c /usr/local/ps3dev/ppu/lib/librsx.a(commands.o)
 *fill*         0x000000000001961c        0x4 60000000
 .text.rsxLoadTextureUnsafe
                0x0000000000019620       0xc0 /usr/local/ps3dev/ppu/lib/librsx.a(commands.o)
 .text.rsxLoadVertexTextureUnsafe
                0x00000000000196e0       0x8c /usr/local/ps3dev/ppu/lib/librsx.a(commands.o)
 *fill*         0x000000000001976c        0x4 60000000
 .text.rsxTextureControlUnsafe
                0x0000000000019770       0x4c /usr/local/ps3dev/ppu/lib/librsx.a(commands.o)
 *fill*         0x00000000000197bc        0x4 60000000
 .text.rsxVertexTextureControlUnsafe
                0x00000000000197c0       0x44 /usr/local/ps3dev/ppu/lib/librsx.a(commands.o)
 *fill*         0x0000000000019804        0x4 60000000
 .text.rsxTextureFilterUnsafe
                0x0000000000019808       0x44 /usr/local/ps3dev/ppu/lib/librsx.a(commands.o)
 *fill*         0x000000000001984c        0x4 60000000
 .text.rsxVertexTextureFilterUnsafe
                0x0000000000019850       0x30 /usr/local/ps3dev/ppu/lib/librsx.a(commands.o)
 .text.rsxTextureWrapModeUnsafe
                0x0000000000019880       0x58 /usr/local/ps3dev/ppu/lib/librsx.a(commands.o)
 .text.rsxVertexTextureWrapModeUnsafe
                0x00000000000198d8       0x38 /usr/local/ps3dev/ppu/lib/librsx.a(commands.o)
 .text.rsxTextureBorderColorUnsafe
                0x0000000000019910       0x30 /usr/local/ps3dev/ppu/lib/librsx.a(commands.o)
 .text.rsxVertexTextureBorderColorUnsafe
                0x0000000000019940       0x30 /usr/local/ps3dev/ppu/lib/librsx.a(commands.o)
 .text.rsxTextureOptimizationUnsafe
                0x0000000000019970       0x44 /usr/local/ps3dev/ppu/lib/librsx.a(commands.o)
 *fill*         0x00000000000199b4        0x4 60000000
 .text.rsxTextureAnisoSpreadUnsafe
                0x00000000000199b8       0x5c /usr/local/ps3dev/ppu/lib/librsx.a(commands.o)
 *fill*         0x0000000000019a14        0x4 60000000
 .text.rsxSetZMinMaxControlUnsafe
                0x0000000000019a18       0x3c /usr/local/ps3dev/ppu/lib/librsx.a(commands.o)
 *fill*         0x0000000000019a54        0x4 60000000
 .text.rsxSetDepthBoundsTestEnableUnsafe
                0x0000000000019a58       0x2c /usr/local/ps3dev/ppu/lib/librsx.a(commands.o)
 *fill*         0x0000000000019a84        0x4 60000000
 .text.rsxSetDepthBoundsUnsafe
                0x0000000000019a88       0x40 /usr/local/ps3dev/ppu/lib/librsx.a(commands.o)
 .text.rsxBindVertexArrayAttribUnsafe
                0x0000000000019ac8       0x60 /usr/local/ps3dev/ppu/lib/librsx.a(commands.o)
 .text.rsxDrawVertexArrayUnsafe
                0x0000000000019b28      0x1e4 /usr/local/ps3dev/ppu/lib/librsx.a(commands.o)
 *fill*         0x0000000000019d0c        0x4 60000000
 .text.rsxDrawInlineVertexArrayUnsafe
                0x0000000000019d10      0x1a0 /usr/local/ps3dev/ppu/lib/librsx.a(commands.o)
 .text.rsxDrawIndexArrayUnsafe
                0x0000000000019eb0      0x23c /usr/local/ps3dev/ppu/lib/librsx.a(commands.o)
 *fill*         0x000000000001a0ec        0x4 60000000
 .text.rsxDrawInlineIndexArray16Unsafe
                0x000000000001a0f0      0x208 /usr/local/ps3dev/ppu/lib/librsx.a(commands.o)
 .text.rsxDrawInlineIndexArray32Unsafe
                0x000000000001a2f8      0x1a8 /usr/local/ps3dev/ppu/lib/librsx.a(commands.o)
 .text.rsxSetRestartIndexEnableUnsafe
                0x000000000001a4a0       0x2c /usr/local/ps3dev/ppu/lib/librsx.a(commands.o)
 *fill*         0x000000000001a4cc        0x4 60000000
 .text.rsxSetRestartIndexUnsafe
                0x000000000001a4d0       0x2c /usr/local/ps3dev/ppu/lib/librsx.a(commands.o)
 *fill*         0x000000000001a4fc        0x4 60000000
 .text.rsxSetScissorUnsafe
                0x000000000001a500       0x40 /usr/local/ps3dev/ppu/lib/librsx.a(commands.o)
 .text.rsxSetAntialiasingControlUnsafe
                0x000000000001a540       0x44 /usr/local/ps3dev/ppu/lib/librsx.a(commands.o)
 *fill*         0x000000000001a584        0x4 60000000
 .text.rsxInlineTransferUnsafe
                0x000000000001a588      0x18c /usr/local/ps3dev/ppu/lib/librsx.a(commands.o)
 *fill*         0x000000000001a714        0x4 60000000
 .text.rsxSetFragmentProgramParameterUnsafe
                0x000000000001a718      0x5d8 /usr/local/ps3dev/ppu/lib/librsx.a(commands.o)
 .text.rsxSetAlphaFuncUnsafe
                0x000000000001acf0       0x30 /usr/local/ps3dev/ppu/lib/librsx.a(commands.o)
 .text.rsxSetAlphaTestEnableUnsafe
                0x000000000001ad20       0x2c /usr/local/ps3dev/ppu/lib/librsx.a(commands.o)
 *fill*         0x000000000001ad4c        0x4 60000000
 .text.rsxSetBlendFuncUnsafe
                0x000000000001ad50       0x40 /usr/local/ps3dev/ppu/lib/librsx.a(commands.o)
 .text.rsxSetBlendEquationUnsafe
                0x000000000001ad90       0x34 /usr/local/ps3dev/ppu/lib/librsx.a(commands.o)
 *fill*         0x000000000001adc4        0x4 60000000
 .text.rsxSetBlendColorUnsafe
                0x000000000001adc8       0x3c /usr/local/ps3dev/ppu/lib/librsx.a(commands.o)
 *fill*         0x000000000001ae04        0x4 60000000
 .text.rsxSetBlendEnableUnsafe
                0x000000000001ae08       0x2c /usr/local/ps3dev/ppu/lib/librsx.a(commands.o)
 *fill*         0x000000000001ae34        0x4 60000000
 .text.rsxSetBlendOptimizationUnsafe
                0x000000000001ae38       0x2c /usr/local/ps3dev/ppu/lib/librsx.a(commands.o)
 *fill*         0x000000000001ae64        0x4 60000000
 .text.rsxSetBlendEnableMrtUnsafe
                0x000000000001ae68       0x40 /usr/local/ps3dev/ppu/lib/librsx.a(commands.o)
 .text.rsxSetLogicOpUnsafe
                0x000000000001aea8       0x2c /usr/local/ps3dev/ppu/lib/librsx.a(commands.o)
 *fill*         0x000000000001aed4        0x4 60000000
 .text.rsxSetLogicOpEnableUnsafe
                0x000000000001aed8       0x2c /usr/local/ps3dev/ppu/lib/librsx.a(commands.o)
 *fill*         0x000000000001af04        0x4 60000000
 .text.rsxSetFogModeUnsafe
                0x000000000001af08       0x2c /usr/local/ps3dev/ppu/lib/librsx.a(commands.o)
 *fill*         0x000000000001af34        0x4 60000000
 .text.rsxSetFogParamsUnsafe
                0x000000000001af38       0x40 /usr/local/ps3dev/ppu/lib/librsx.a(commands.o)
 .text.rsxSetTransformBranchBitsUnsafe
                0x000000000001af78       0x2c /usr/local/ps3dev/ppu/lib/librsx.a(commands.o)
 *fill*         0x000000000001afa4        0x4 60000000
 .text.rsxSetPointSpriteControlUnsafe
                0x000000000001afa8       0x48 /usr/local/ps3dev/ppu/lib/librsx.a(commands.o)
 .text.rsxSetPointSizeUnsafe
                0x000000000001aff0       0x34 /usr/local/ps3dev/ppu/lib/librsx.a(commands.o)
 *fill*         0x000000000001b024        0x4 60000000
 .text.rsxSetTransferDataUnsafe
                0x000000000001b028      0x1a4 /usr/local/ps3dev/ppu/lib/librsx.a(commands.o)
 *fill*         0x000000000001b1cc        0x4 60000000
 .text.rsxSetTransferDataModeUnsafe
                0x000000000001b1d0       0x70 /usr/local/ps3dev/ppu/lib/librsx.a(commands.o)
 .text.rsxSetTransferDataOffsetUnsafe
                0x000000000001b240       0x5c /usr/local/ps3dev/ppu/lib/librsx.a(commands.o)
 *fill*         0x000000000001b29c        0x4 60000000
 .text.rsxSetTransferDataFormatUnsafe
                0x000000000001b2a0       0x44 /usr/local/ps3dev/ppu/lib/librsx.a(commands.o)
 *fill*         0x000000000001b2e4        0x4 60000000
 .text.rsxSetTransferImageUnsafe
                0x000000000001b2e8      0x4ac /usr/local/ps3dev/ppu/lib/librsx.a(commands.o)
 *fill*         0x000000000001b794        0x4 60000000
 .text.rsxSetTransferScaleModeUnsafe
                0x000000000001b798       0xe8 /usr/local/ps3dev/ppu/lib/librsx.a(commands.o)
 .text.rsxSetTransferScaleSurfaceUnsafe
                0x000000000001b880      0x140 /usr/local/ps3dev/ppu/lib/librsx.a(commands.o)
 .text.rsxSetTransferScaleSwizzleUnsafe
                0x000000000001b9c0      0x140 /usr/local/ps3dev/ppu/lib/librsx.a(commands.o)
 .text.rsxSetTimeStampUnsafe
                0x000000000001bb00       0x34 /usr/local/ps3dev/ppu/lib/librsx.a(commands.o)
 *fill*         0x000000000001bb34        0x4 60000000
 .text.rsxSetWaitForIdleUnsafe
                0x000000000001bb38       0x2c /usr/local/ps3dev/ppu/lib/librsx.a(commands.o)
 *fill*         0x000000000001bb64        0x4 60000000
 .text.rsxContextCallback
                0x000000000001bb68       0x50 /usr/local/ps3dev/ppu/lib/librsx.a(commands.o)
 .text.rsxSetReturnCommand
                0x000000000001bbb8       0x90 /usr/local/ps3dev/ppu/lib/librsx.a(commands.o)
 .text.rsxSetCallCommand
                0x000000000001bc48       0x9c /usr/local/ps3dev/ppu/lib/librsx.a(commands.o)
 *fill*         0x000000000001bce4        0x4 60000000
 .text.rsxSetJumpCommand
                0x000000000001bce8       0x9c /usr/local/ps3dev/ppu/lib/librsx.a(commands.o)
 *fill*         0x000000000001bd84        0x4 60000000
 .text.rsxSetNopCommand
                0x000000000001bd88      0x118 /usr/local/ps3dev/ppu/lib/librsx.a(commands.o)
 .text.rsxSetSkipNop
                0x000000000001bea0       0xc0 /usr/local/ps3dev/ppu/lib/librsx.a(commands.o)
 .text.rsxSetClearColor
                0x000000000001bf60       0xa4 /usr/local/ps3dev/ppu/lib/librsx.a(commands.o)
 *fill*         0x000000000001c004        0x4 60000000
 .text.rsxSetClearDepthStencil
                0x000000000001c008       0xa4 /usr/local/ps3dev/ppu/lib/librsx.a(commands.o)
 *fill*         0x000000000001c0ac        0x4 60000000
 .text.rsxSetReferenceCommand
                0x000000000001c0b0       0xa4 /usr/local/ps3dev/ppu/lib/librsx.a(commands.o)
 *fill*         0x000000000001c154        0x4 60000000
 .text.rsxSetWriteBackendLabel
                0x000000000001c158       0xd8 /usr/local/ps3dev/ppu/lib/librsx.a(commands.o)
 .text.rsxSetWriteTextureLabel
                0x000000000001c230       0xbc /usr/local/ps3dev/ppu/lib/librsx.a(commands.o)
 *fill*         0x000000000001c2ec        0x4 60000000
 .text.rsxSetWaitLabel
                0x000000000001c2f0       0xbc /usr/local/ps3dev/ppu/lib/librsx.a(commands.o)
 *fill*         0x000000000001c3ac        0x4 60000000
 .text.rsxSetWriteCommandLabel
                0x000000000001c3b0       0xbc /usr/local/ps3dev/ppu/lib/librsx.a(commands.o)
 *fill*         0x000000000001c46c        0x4 60000000
 .text.rsxSetSurface
                0x000000000001c470      0x254 /usr/local/ps3dev/ppu/lib/librsx.a(commands.o)
 *fill*         0x000000000001c6c4        0x4 60000000
 .text.rsxSetColorMask
                0x000000000001c6c8       0xa4 /usr/local/ps3dev/ppu/lib/librsx.a(commands.o)
 *fill*         0x000000000001c76c        0x4 60000000
 .text.rsxSetColorMaskMrt
                0x000000000001c770       0xa4 /usr/local/ps3dev/ppu/lib/librsx.a(commands.o)
 *fill*         0x000000000001c814        0x4 60000000
 .text.rsxSetShadeModel
                0x000000000001c818       0xa4 /usr/local/ps3dev/ppu/lib/librsx.a(commands.o)
 *fill*         0x000000000001c8bc        0x4 60000000
 .text.rsxSetViewport
                0x000000000001c8c0      0x1e8 /usr/local/ps3dev/ppu/lib/librsx.a(commands.o)
 .text.rsxSetViewportClip
                0x000000000001caa8       0xcc /usr/local/ps3dev/ppu/lib/librsx.a(commands.o)
 *fill*         0x000000000001cb74        0x4 60000000
 .text.rsxSetUserClipPlaneControl
                0x000000000001cb78       0xf4 /usr/local/ps3dev/ppu/lib/librsx.a(commands.o)
 *fill*         0x000000000001cc6c        0x4 60000000
 .text.rsxSetDepthTestEnable
                0x000000000001cc70       0xa4 /usr/local/ps3dev/ppu/lib/librsx.a(commands.o)
 *fill*         0x000000000001cd14        0x4 60000000
 .text.rsxSetDepthFunc
                0x000000000001cd18       0xa4 /usr/local/ps3dev/ppu/lib/librsx.a(commands.o)
 *fill*         0x000000000001cdbc        0x4 60000000
 .text.rsxSetDepthWriteEnable
                0x000000000001cdc0       0xa4 /usr/local/ps3dev/ppu/lib/librsx.a(commands.o)
 *fill*         0x000000000001ce64        0x4 60000000
 .text.rsxSetDepthFormat
                0x000000000001ce68       0xac /usr/local/ps3dev/ppu/lib/librsx.a(commands.o)
 *fill*         0x000000000001cf14        0x4 60000000
 .text.rsxSetCullFaceEnable
                0x000000000001cf18       0xa4 /usr/local/ps3dev/ppu/lib/librsx.a(commands.o)
 *fill*         0x000000000001cfbc        0x4 60000000
 .text.rsxSetCullFace
                0x000000000001cfc0       0xa4 /usr/local/ps3dev/ppu/lib/librsx.a(commands.o)
 *fill*         0x000000000001d064        0x4 60000000
 .text.rsxSetFrontFace
                0x000000000001d068       0xa4 /usr/local/ps3dev/ppu/lib/librsx.a(commands.o)
 *fill*         0x000000000001d10c        0x4 60000000
 .text.rsxSetFrontPolygonMode
                0x000000000001d110       0xa4 /usr/local/ps3dev/ppu/lib/librsx.a(commands.o)
 *fill*         0x000000000001d1b4        0x4 60000000
 .text.rsxSetBackPolygonMode
                0x000000000001d1b8       0xa4 /usr/local/ps3dev/ppu/lib/librsx.a(commands.o)
 *fill*         0x000000000001d25c        0x4 60000000
 .text.rsxSetPolygonOffsetFillEnable
                0x000000000001d260       0xa4 /usr/local/ps3dev/ppu/lib/librsx.a(commands.o)
 *fill*         0x000000000001d304        0x4 60000000
 .text.rsxSetPolygonOffset
                0x000000000001d308       0xc0 /usr/local/ps3dev/ppu/lib/librsx.a(commands.o)
 .text.rsxSetPolygonOffsetLineEnable
                0x000000000001d3c8       0xa4 /usr/local/ps3dev/ppu/lib/librsx.a(commands.o)
 *fill*         0x000000000001d46c        0x4 60000000
 .text.rsxClearSurface
                0x000000000001d470       0xb4 /usr/local/ps3dev/ppu/lib/librsx.a(commands.o)
 *fill*         0x000000000001d524        0x4 60000000
 .text.rsxSetCylindricalWrap
                0x000000000001d528       0xa4 /usr/local/ps3dev/ppu/lib/librsx.a(commands.o)
 *fill*         0x000000000001d5cc        0x4 60000000
 .text.rsxSetTwoSideLightEnable
                0x000000000001d5d0       0xa4 /usr/local/ps3dev/ppu/lib/librsx.a(commands.o)
 *fill*         0x000000000001d674        0x4 60000000
 .text.rsxSetStencilFunc
                0x000000000001d678       0xbc /usr/local/ps3dev/ppu/lib/librsx.a(commands.o)
 *fill*         0x000000000001d734        0x4 60000000
 .text.rsxSetStencilMask
                0x000000000001d738       0xa4 /usr/local/ps3dev/ppu/lib/librsx.a(commands.o)
 *fill*         0x000000000001d7dc        0x4 60000000
 .text.rsxSetStencilOp
                0x000000000001d7e0       0xbc /usr/local/ps3dev/ppu/lib/librsx.a(commands.o)
 *fill*         0x000000000001d89c        0x4 60000000
 .text.rsxSetStencilTestEnable
                0x000000000001d8a0       0xa4 /usr/local/ps3dev/ppu/lib/librsx.a(commands.o)
 *fill*         0x000000000001d944        0x4 60000000
 .text.rsxSetBackStencilFunc
                0x000000000001d948       0xbc /usr/local/ps3dev/ppu/lib/librsx.a(commands.o)
 *fill*         0x000000000001da04        0x4 60000000
 .text.rsxSetBackStencilMask
                0x000000000001da08       0xa4 /usr/local/ps3dev/ppu/lib/librsx.a(commands.o)
 *fill*         0x000000000001daac        0x4 60000000
 .text.rsxSetBackStencilOp
                0x000000000001dab0       0xbc /usr/local/ps3dev/ppu/lib/librsx.a(commands.o)
 *fill*         0x000000000001db6c        0x4 60000000
 .text.rsxSetTwoSidedStencilTestEnable
                0x000000000001db70       0xa4 /usr/local/ps3dev/ppu/lib/librsx.a(commands.o)
 *fill*         0x000000000001dc14        0x4 60000000
 .text.rsxSetRenderEnable
                0x000000000001dc18      0x124 /usr/local/ps3dev/ppu/lib/librsx.a(commands.o)
 *fill*         0x000000000001dd3c        0x4 60000000
 .text.rsxSetReport
                0x000000000001dd40       0xc0 /usr/local/ps3dev/ppu/lib/librsx.a(commands.o)
 .text.rsxSetClearReport
                0x000000000001de00       0xa4 /usr/local/ps3dev/ppu/lib/librsx.a(commands.o)
 *fill*         0x000000000001dea4        0x4 60000000
 .text.rsxSetZPixelCountEnable
                0x000000000001dea8       0xa4 /usr/local/ps3dev/ppu/lib/librsx.a(commands.o)
 *fill*         0x000000000001df4c        0x4 60000000
 .text.rsxSetSCullControl
                0x000000000001df50       0xc4 /usr/local/ps3dev/ppu/lib/librsx.a(commands.o)
 *fill*         0x000000000001e014        0x4 60000000
 .text.rsxSetZCullLimit
                0x000000000001e018       0xb4 /usr/local/ps3dev/ppu/lib/librsx.a(commands.o)
 *fill*         0x000000000001e0cc        0x4 60000000
 .text.rsxSetZCullStatsEnable
                0x000000000001e0d0       0xa4 /usr/local/ps3dev/ppu/lib/librsx.a(commands.o)
 *fill*         0x000000000001e174        0x4 60000000
 .text.rsxSetZCullControl
                0x000000000001e178       0xb4 /usr/local/ps3dev/ppu/lib/librsx.a(commands.o)
 *fill*         0x000000000001e22c        0x4 60000000
 .text.rsxSetClearZCullSurface
                0x000000000001e230       0xb4 /usr/local/ps3dev/ppu/lib/librsx.a(commands.o)
 *fill*         0x000000000001e2e4        0x4 60000000
 .text.rsxSetZCullEnable
                0x000000000001e2e8       0xb4 /usr/local/ps3dev/ppu/lib/librsx.a(commands.o)
 *fill*         0x000000000001e39c        0x4 60000000
 .text.rsxSetZCullInvalidate
                0x000000000001e3a0       0x98 /usr/local/ps3dev/ppu/lib/librsx.a(commands.o)
 .text.rsxSetPolygonSmoothEnable
                0x000000000001e438       0xa4 /usr/local/ps3dev/ppu/lib/librsx.a(commands.o)
 *fill*         0x000000000001e4dc        0x4 60000000
 .text.rsxSetDitherEnable
                0x000000000001e4e0       0xa4 /usr/local/ps3dev/ppu/lib/librsx.a(commands.o)
 *fill*         0x000000000001e584        0x4 60000000
 .text.rsxLoadVertexProgramBlock
                0x000000000001e588      0x384 /usr/local/ps3dev/ppu/lib/librsx.a(commands.o)
 *fill*         0x000000000001e90c        0x4 60000000
 .text.rsxLoadFragmentProgramLocation
                0x000000000001e910      0x228 /usr/local/ps3dev/ppu/lib/librsx.a(commands.o)
 .text.rsxUpdateFragmentProgramLocation
                0x000000000001eb38       0xbc /usr/local/ps3dev/ppu/lib/librsx.a(commands.o)
 *fill*         0x000000000001ebf4        0x4 60000000
 .text.rsxSetFragmentProgramControl
                0x000000000001ebf8       0xd4 /usr/local/ps3dev/ppu/lib/librsx.a(commands.o)
 *fill*         0x000000000001eccc        0x4 60000000
 .text.rsxLoadVertexProgramParameterBlock
                0x000000000001ecd0      0x320 /usr/local/ps3dev/ppu/lib/librsx.a(commands.o)
 .text.rsxLoadVertexProgram
                0x000000000001eff0       0xec /usr/local/ps3dev/ppu/lib/librsx.a(commands.o)
 *fill*         0x000000000001f0dc        0x4 60000000
 .text.rsxSetVertexProgramParameter
                0x000000000001f0e0      0x218 /usr/local/ps3dev/ppu/lib/librsx.a(commands.o)
 .text.rsxSetVertexProgramConstants
                0x000000000001f2f8      0x29c /usr/local/ps3dev/ppu/lib/librsx.a(commands.o)
 *fill*         0x000000000001f594        0x4 60000000
 .text.rsxSetVertexAttribOutputMask
                0x000000000001f598       0xa4 /usr/local/ps3dev/ppu/lib/librsx.a(commands.o)
 *fill*         0x000000000001f63c        0x4 60000000
 .text.rsxSetFragmentProgramGammaEnable
                0x000000000001f640       0xa4 /usr/local/ps3dev/ppu/lib/librsx.a(commands.o)
 *fill*         0x000000000001f6e4        0x4 60000000
 .text.rsxDrawVertexBegin
                0x000000000001f6e8       0xa4 /usr/local/ps3dev/ppu/lib/librsx.a(commands.o)
 *fill*         0x000000000001f78c        0x4 60000000
 .text.rsxDrawVertexEnd
                0x000000000001f790       0x98 /usr/local/ps3dev/ppu/lib/librsx.a(commands.o)
 .text.rsxDrawVertex1f
                0x000000000001f828       0xc0 /usr/local/ps3dev/ppu/lib/librsx.a(commands.o)
 .text.rsxDrawVertex2f
                0x000000000001f8e8       0xbc /usr/local/ps3dev/ppu/lib/librsx.a(commands.o)
 *fill*         0x000000000001f9a4        0x4 60000000
 .text.rsxDrawVertex3f
                0x000000000001f9a8       0xbc /usr/local/ps3dev/ppu/lib/librsx.a(commands.o)
 *fill*         0x000000000001fa64        0x4 60000000
 .text.rsxDrawVertex4f
                0x000000000001fa68       0xbc /usr/local/ps3dev/ppu/lib/librsx.a(commands.o)
 *fill*         0x000000000001fb24        0x4 60000000
 .text.rsxDrawVertex4s
                0x000000000001fb28       0xdc /usr/local/ps3dev/ppu/lib/librsx.a(commands.o)
 *fill*         0x000000000001fc04        0x4 60000000
 .text.rsxDrawVertexScaled4s
                0x000000000001fc08       0xdc /usr/local/ps3dev/ppu/lib/librsx.a(commands.o)
 *fill*         0x000000000001fce4        0x4 60000000
 .text.rsxDrawVertex2s
                0x000000000001fce8       0xc4 /usr/local/ps3dev/ppu/lib/librsx.a(commands.o)
 *fill*         0x000000000001fdac        0x4 60000000
 .text.rsxDrawVertex4ub
                0x000000000001fdb0       0xb4 /usr/local/ps3dev/ppu/lib/librsx.a(commands.o)
 *fill*         0x000000000001fe64        0x4 60000000
 .text.rsxSetFrequencyDividerOperation
                0x000000000001fe68       0xa4 /usr/local/ps3dev/ppu/lib/librsx.a(commands.o)
 *fill*         0x000000000001ff0c        0x4 60000000
 .text.rsxInvalidateVertexCache
                0x000000000001ff10       0xb0 /usr/local/ps3dev/ppu/lib/librsx.a(commands.o)
 .text.rsxInvalidateTextureCache
                0x000000000001ffc0       0xa4 /usr/local/ps3dev/ppu/lib/librsx.a(commands.o)
 *fill*         0x0000000000020064        0x4 60000000
 .text.rsxLoadTexture
                0x0000000000020068      0x144 /usr/local/ps3dev/ppu/lib/librsx.a(commands.o)
 *fill*         0x00000000000201ac        0x4 60000000
 .text.rsxLoadVertexTexture
                0x00000000000201b0      0x134 /usr/local/ps3dev/ppu/lib/librsx.a(commands.o)
 *fill*         0x00000000000202e4        0x4 60000000
 .text.rsxTextureControl
                0x00000000000202e8       0xe4 /usr/local/ps3dev/ppu/lib/librsx.a(commands.o)
 *fill*         0x00000000000203cc        0x4 60000000
 .text.rsxVertexTextureControl
                0x00000000000203d0       0xd4 /usr/local/ps3dev/ppu/lib/librsx.a(commands.o)
 *fill*         0x00000000000204a4        0x4 60000000
 .text.rsxTextureFilter
                0x00000000000204a8       0xdc /usr/local/ps3dev/ppu/lib/librsx.a(commands.o)
 *fill*         0x0000000000020584        0x4 60000000
 .text.rsxVertexTextureFilter
                0x0000000000020588       0xb4 /usr/local/ps3dev/ppu/lib/librsx.a(commands.o)
 *fill*         0x000000000002063c        0x4 60000000
 .text.rsxTextureWrapMode
                0x0000000000020640      0x104 /usr/local/ps3dev/ppu/lib/librsx.a(commands.o)
 *fill*         0x0000000000020744        0x4 60000000
 .text.rsxVertexTextureWrapMode
                0x0000000000020748       0xc4 /usr/local/ps3dev/ppu/lib/librsx.a(commands.o)
 *fill*         0x000000000002080c        0x4 60000000
 .text.rsxTextureBorderColor
                0x0000000000020810       0xb4 /usr/local/ps3dev/ppu/lib/librsx.a(commands.o)
 *fill*         0x00000000000208c4        0x4 60000000
 .text.rsxVertexTextureBorderColor
                0x00000000000208c8       0xb4 /usr/local/ps3dev/ppu/lib/librsx.a(commands.o)
 *fill*         0x000000000002097c        0x4 60000000
 .text.rsxTextureOptimization
                0x0000000000020980       0xd4 /usr/local/ps3dev/ppu/lib/librsx.a(commands.o)
 *fill*         0x0000000000020a54        0x4 60000000
 .text.rsxTextureAnisoSpread
                0x0000000000020a58       0xe0 /usr/local/ps3dev/ppu/lib/librsx.a(commands.o)
 .text.rsxSetZMinMaxControl
                0x0000000000020b38       0xc4 /usr/local/ps3dev/ppu/lib/librsx.a(commands.o)
 *fill*         0x0000000000020bfc        0x4 60000000
 .text.rsxSetDepthBoundsTestEnable
                0x0000000000020c00       0xa4 /usr/local/ps3dev/ppu/lib/librsx.a(commands.o)
 *fill*         0x0000000000020ca4        0x4 60000000
 .text.rsxSetDepthBounds
                0x0000000000020ca8       0xc0 /usr/local/ps3dev/ppu/lib/librsx.a(commands.o)
 .text.rsxBindVertexArrayAttrib
                0x0000000000020d68      0x10c /usr/local/ps3dev/ppu/lib/librsx.a(commands.o)
 *fill*         0x0000000000020e74        0x4 60000000
 .text.rsxDrawVertexArray
                0x0000000000020e78      0x2ec /usr/local/ps3dev/ppu/lib/librsx.a(commands.o)
 *fill*         0x0000000000021164        0x4 60000000
 .text.rsxDrawInlineVertexArray
                0x0000000000021168      0x294 /usr/local/ps3dev/ppu/lib/librsx.a(commands.o)
 *fill*         0x00000000000213fc        0x4 60000000
 .text.rsxDrawIndexArray
                0x0000000000021400      0x398 /usr/local/ps3dev/ppu/lib/librsx.a(commands.o)
 .text.rsxDrawInlineIndexArray16
                0x0000000000021798      0x334 /usr/local/ps3dev/ppu/lib/librsx.a(commands.o)
 *fill*         0x0000000000021acc        0x4 60000000
 .text.rsxDrawInlineIndexArray32
                0x0000000000021ad0      0x29c /usr/local/ps3dev/ppu/lib/librsx.a(commands.o)
 *fill*         0x0000000000021d6c        0x4 60000000
 .text.rsxSetRestartIndexEnable
                0x0000000000021d70       0xa4 /usr/local/ps3dev/ppu/lib/librsx.a(commands.o)
 *fill*         0x0000000000021e14        0x4 60000000
 .text.rsxSetRestartIndex
                0x0000000000021e18       0xa4 /usr/local/ps3dev/ppu/lib/librsx.a(commands.o)
 *fill*         0x0000000000021ebc        0x4 60000000
 .text.rsxSetScissor
                0x0000000000021ec0       0xd4 /usr/local/ps3dev/ppu/lib/librsx.a(commands.o)
 *fill*         0x0000000000021f94        0x4 60000000
 .text.rsxSetAntialiasingControl
                0x0000000000021f98       0xd4 /usr/local/ps3dev/ppu/lib/librsx.a(commands.o)
 *fill*         0x000000000002206c        0x4 60000000
 .text.rsxInlineTransfer
                0x0000000000022070      0x23c /usr/local/ps3dev/ppu/lib/librsx.a(commands.o)
 *fill*         0x00000000000222ac        0x4 60000000
 .text.rsxSetFragmentProgramParameter
                0x00000000000222b0      0x5d8 /usr/local/ps3dev/ppu/lib/librsx.a(commands.o)
 .text.rsxSetAlphaFunc
                0x0000000000022888       0xb4 /usr/local/ps3dev/ppu/lib/librsx.a(commands.o)
 *fill*         0x000000000002293c        0x4 60000000
 .text.rsxSetAlphaTestEnable
                0x0000000000022940       0xa4 /usr/local/ps3dev/ppu/lib/librsx.a(commands.o)
 *fill*         0x00000000000229e4        0x4 60000000
 .text.rsxSetBlendFunc
                0x00000000000229e8       0xd4 /usr/local/ps3dev/ppu/lib/librsx.a(commands.o)
 *fill*         0x0000000000022abc        0x4 60000000
 .text.rsxSetBlendEquation
                0x0000000000022ac0       0xb4 /usr/local/ps3dev/ppu/lib/librsx.a(commands.o)
 *fill*         0x0000000000022b74        0x4 60000000
 .text.rsxSetBlendColor
                0x0000000000022b78       0xbc /usr/local/ps3dev/ppu/lib/librsx.a(commands.o)
 *fill*         0x0000000000022c34        0x4 60000000
 .text.rsxSetBlendEnable
                0x0000000000022c38       0xa4 /usr/local/ps3dev/ppu/lib/librsx.a(commands.o)
 *fill*         0x0000000000022cdc        0x4 60000000
 .text.rsxSetBlendOptimization
                0x0000000000022ce0       0xa4 /usr/local/ps3dev/ppu/lib/librsx.a(commands.o)
 *fill*         0x0000000000022d84        0x4 60000000
 .text.rsxSetBlendEnableMrt
                0x0000000000022d88       0xcc /usr/local/ps3dev/ppu/lib/librsx.a(commands.o)
 *fill*         0x0000000000022e54        0x4 60000000
 .text.rsxSetLogicOp
                0x0000000000022e58       0xa4 /usr/local/ps3dev/ppu/lib/librsx.a(commands.o)
 *fill*         0x0000000000022efc        0x4 60000000
 .text.rsxSetLogicOpEnable
                0x0000000000022f00       0xa4 /usr/local/ps3dev/ppu/lib/librsx.a(commands.o)
 *fill*         0x0000000000022fa4        0x4 60000000
 .text.rsxSetFogMode
                0x0000000000022fa8       0xa4 /usr/local/ps3dev/ppu/lib/librsx.a(commands.o)
 *fill*         0x000000000002304c        0x4 60000000
 .text.rsxSetFogParams
                0x0000000000023050       0xc0 /usr/local/ps3dev/ppu/lib/librsx.a(commands.o)
 .text.rsxSetTransformBranchBits
                0x0000000000023110       0xa4 /usr/local/ps3dev/ppu/lib/librsx.a(commands.o)
 *fill*         0x00000000000231b4        0x4 60000000
 .text.rsxSetPointSpriteControl
                0x00000000000231b8       0xd4 /usr/local/ps3dev/ppu/lib/librsx.a(commands.o)
 *fill*         0x000000000002328c        0x4 60000000
 .text.rsxSetPointSize
                0x0000000000023290       0xac /usr/local/ps3dev/ppu/lib/librsx.a(commands.o)
 *fill*         0x000000000002333c        0x4 60000000
 .text.rsxSetTransferData
                0x0000000000023340      0x244 /usr/local/ps3dev/ppu/lib/librsx.a(commands.o)
 *fill*         0x0000000000023584        0x4 60000000
 .text.rsxSetConvertSwizzleFormatUnsafe
                0x0000000000023588      0x7a8 /usr/local/ps3dev/ppu/lib/librsx.a(commands.o)
 .text.rsxSetTransferDataMode
                0x0000000000023d30       0xec /usr/local/ps3dev/ppu/lib/librsx.a(commands.o)
 *fill*         0x0000000000023e1c        0x4 60000000
 .text.rsxSetTransferDataOffset
                0x0000000000023e20      0x12c /usr/local/ps3dev/ppu/lib/librsx.a(commands.o)
 *fill*         0x0000000000023f4c        0x4 60000000
 .text.rsxSetTransferDataFormat
                0x0000000000023f50       0xe4 /usr/local/ps3dev/ppu/lib/librsx.a(commands.o)
 *fill*         0x0000000000024034        0x4 60000000
 .text.rsxSetTransferImage
                0x0000000000024038      0x43c /usr/local/ps3dev/ppu/lib/librsx.a(commands.o)
 *fill*         0x0000000000024474        0x4 60000000
 .text.rsxSetTransferScaleMode
                0x0000000000024478      0x178 /usr/local/ps3dev/ppu/lib/librsx.a(commands.o)
 .text.rsxSetTransferScaleSurface
                0x00000000000245f0      0x1bc /usr/local/ps3dev/ppu/lib/librsx.a(commands.o)
 *fill*         0x00000000000247ac        0x4 60000000
 .text.rsxSetTransferScaleSwizzle
                0x00000000000247b0      0x1bc /usr/local/ps3dev/ppu/lib/librsx.a(commands.o)
 *fill*         0x000000000002496c        0x4 60000000
 .text.rsxSetConvertSwizzleFormat
                0x0000000000024970      0x750 /usr/local/ps3dev/ppu/lib/librsx.a(commands.o)
 .text.rsxSetTimeStamp
                0x00000000000250c0       0xac /usr/local/ps3dev/ppu/lib/librsx.a(commands.o)
 *fill*         0x000000000002516c        0x4 60000000
 .text.rsxSetWaitForIdle
                0x0000000000025170       0x98 /usr/local/ps3dev/ppu/lib/librsx.a(commands.o)
 .text          0x0000000000025208        0x0 /usr/local/ps3dev/ppu/lib/librsx.a(mm.o)
 .text.rsxHeapInit
                0x0000000000025208       0x80 /usr/local/ps3dev/ppu/lib/librsx.a(mm.o)
 .text.rsxMemalign
                0x0000000000025288       0x58 /usr/local/ps3dev/ppu/lib/librsx.a(mm.o)
 .text.rsxMalloc
                0x00000000000252e0       0x58 /usr/local/ps3dev/ppu/lib/librsx.a(mm.o)
 .text.rsxFree  0x0000000000025338       0x48 /usr/local/ps3dev/ppu/lib/librsx.a(mm.o)
 .text          0x0000000000025380        0x0 /usr/local/ps3dev/ppu/lib/librsx.a(vertex_program.o)
 .text.rsxVertexProgramGetUCode
                0x0000000000025380       0x28 /usr/local/ps3dev/ppu/lib/librsx.a(vertex_program.o)
 .text.rsxVertexProgramGetNumConst
                0x00000000000253a8       0x14 /usr/local/ps3dev/ppu/lib/librsx.a(vertex_program.o)
 *fill*         0x00000000000253bc        0x4 60000000
 .text.rsxVertexProgramGetNumAttrib
                0x00000000000253c0       0x14 /usr/local/ps3dev/ppu/lib/librsx.a(vertex_program.o)
 *fill*         0x00000000000253d4        0x4 60000000
 .text.rsxVertexProgramGetConsts
                0x00000000000253d8       0x30 /usr/local/ps3dev/ppu/lib/librsx.a(vertex_program.o)
 .text.rsxVertexProgramGetConst
                0x0000000000025408       0x74 /usr/local/ps3dev/ppu/lib/librsx.a(vertex_program.o)
 *fill*         0x000000000002547c        0x4 60000000
 .text.rsxVertexProgramGetAttribs
                0x0000000000025480       0x30 /usr/local/ps3dev/ppu/lib/librsx.a(vertex_program.o)
 .text.rsxVertexProgramGetAttrib
                0x00000000000254b0       0x30 /usr/local/ps3dev/ppu/lib/librsx.a(vertex_program.o)
 .text          0x00000000000254e0        0x0 /usr/local/ps3dev/ppu/lib/librsx.a(fragment_program.o)
 .text.rsxFragmentProgramGetUCode
                0x00000000000254e0       0x28 /usr/local/ps3dev/ppu/lib/librsx.a(fragment_program.o)
 .text.rsxFragmentProgramGetNumConst
                0x0000000000025508       0x14 /usr/local/ps3dev/ppu/lib/librsx.a(fragment_program.o)
 *fill*         0x000000000002551c        0x4 60000000
 .text.rsxFragmentProgramGetConsts
                0x0000000000025520       0x30 /usr/local/ps3dev/ppu/lib/librsx.a(fragment_program.o)
 .text.rsxFragmentProgramGetConst
                0x0000000000025550       0x74 /usr/local/ps3dev/ppu/lib/librsx.a(fragment_program.o)
 *fill*         0x00000000000255c4        0x4 60000000
 .text.rsxFragmentProgramGetNumAttrib
                0x00000000000255c8       0x14 /usr/local/ps3dev/ppu/lib/librsx.a(fragment_program.o)
 *fill*         0x00000000000255dc        0x4 60000000
 .text.rsxFragmentProgramGetAttribs
                0x00000000000255e0       0x30 /usr/local/ps3dev/ppu/lib/librsx.a(fragment_program.o)
 .text.rsxFragmentProgramGetAttrib
                0x0000000000025610       0x30 /usr/local/ps3dev/ppu/lib/librsx.a(fragment_program.o)
 .text.rsxFragmentProgramGetConstOffsetTable
                0x0000000000025640       0x14 /usr/local/ps3dev/ppu/lib/librsx.a(fragment_program.o)
 .text          0x0000000000025654        0x0 /usr/local/ps3dev/ppu/lib/librsx.a(rsx_internal.o)
 *fill*         0x0000000000025654        0x4 60000000
 .text.__rsxGetAttrs
                0x0000000000025658       0x18 /usr/local/ps3dev/ppu/lib/librsx.a(rsx_internal.o)
 .text.__rsxGetAttr
                0x0000000000025670       0xcc /usr/local/ps3dev/ppu/lib/librsx.a(rsx_internal.o)
 *fill*         0x000000000002573c        0x4 60000000
 .text.__rsxGetConsts
                0x0000000000025740       0x18 /usr/local/ps3dev/ppu/lib/librsx.a(rsx_internal.o)
 .text.__rsxGetConstIndex
                0x0000000000025758       0xbc /usr/local/ps3dev/ppu/lib/librsx.a(rsx_internal.o)
 .text          0x0000000000025814        0x0 /usr/local/ps3dev/ppu/lib/libgcm_sys.a(sprx.o)
 .text          0x0000000000025814        0x0 /usr/local/ps3dev/ppu/lib/libio.a(sprx.o)
 .text          0x0000000000025814        0x0 /usr/local/ps3dev/ppu/lib/libsysutil.a(sprx.o)
 .text          0x0000000000025814        0x0 /usr/local/ps3dev/ppu/lib/libsysutil.a(sysutil_wrapper.o)
 *fill*         0x0000000000025814        0x4 60000000
 .text.sysUtilRegisterCallback
                0x0000000000025818       0x58 /usr/local/ps3dev/ppu/lib/libsysutil.a(sysutil_wrapper.o)
 .text.msgDialogOpen
                0x0000000000025870       0x58 /usr/local/ps3dev/ppu/lib/libsysutil.a(sysutil_wrapper.o)
 .text.msgDialogOpen2
                0x00000000000258c8       0x58 /usr/local/ps3dev/ppu/lib/libsysutil.a(sysutil_wrapper.o)
 .text.msgDialogOpenErrorCode
                0x0000000000025920       0x58 /usr/local/ps3dev/ppu/lib/libsysutil.a(sysutil_wrapper.o)
 .text.sysSaveListLoad2
                0x0000000000025978       0x74 /usr/local/ps3dev/ppu/lib/libsysutil.a(sysutil_wrapper.o)
 *fill*         0x00000000000259ec        0x4 60000000
 .text.sysSaveListSave2
                0x00000000000259f0       0x74 /usr/local/ps3dev/ppu/lib/libsysutil.a(sysutil_wrapper.o)
 *fill*         0x0000000000025a64        0x4 60000000
 .text.sysSaveListAutoLoad
                0x0000000000025a68       0x7c /usr/local/ps3dev/ppu/lib/libsysutil.a(sysutil_wrapper.o)
 *fill*         0x0000000000025ae4        0x4 60000000
 .text.sysSaveListAutoSave
                0x0000000000025ae8       0x7c /usr/local/ps3dev/ppu/lib/libsysutil.a(sysutil_wrapper.o)
 *fill*         0x0000000000025b64        0x4 60000000
 .text.sysSaveFixedLoad2
                0x0000000000025b68       0x74 /usr/local/ps3dev/ppu/lib/libsysutil.a(sysutil_wrapper.o)
 *fill*         0x0000000000025bdc        0x4 60000000
 .text.sysSaveFixedSave2
                0x0000000000025be0       0x74 /usr/local/ps3dev/ppu/lib/libsysutil.a(sysutil_wrapper.o)
 *fill*         0x0000000000025c54        0x4 60000000
 .text.sysSaveAutoLoad2
                0x0000000000025c58       0x5c /usr/local/ps3dev/ppu/lib/libsysutil.a(sysutil_wrapper.o)
 *fill*         0x0000000000025cb4        0x4 60000000
 .text.sysSaveAutoSave2
                0x0000000000025cb8       0x5c /usr/local/ps3dev/ppu/lib/libsysutil.a(sysutil_wrapper.o)
 *fill*         0x0000000000025d14        0x4 60000000
 .text.sysGameThemeInstallFromBuffer
                0x0000000000025d18       0x58 /usr/local/ps3dev/ppu/lib/libsysutil.a(sysutil_wrapper.o)
 .text.sysDiscRegisterDiscChangeCallback
                0x0000000000025d70       0x5c /usr/local/ps3dev/ppu/lib/libsysutil.a(sysutil_wrapper.o)
 *fill*         0x0000000000025dcc        0x4 60000000
 .text.sysGameDiscRegisterDiscChangeCallback
                0x0000000000025dd0       0x10 /usr/local/ps3dev/ppu/lib/libsysutil.a(sysutil_wrapper.o)
 .text.videoRegisterCallback
                0x0000000000025de0       0x58 /usr/local/ps3dev/ppu/lib/libsysutil.a(sysutil_wrapper.o)
 .text          0x0000000000025e38        0x0 /usr/local/ps3dev/ppu/lib/librt.a(sbrk.o)
 .text.startup.sbrk_init
                0x0000000000025e38       0xb8 /usr/local/ps3dev/ppu/lib/librt.a(sbrk.o)
 .text.sbrk_deinit
                0x0000000000025ef0       0xc8 /usr/local/ps3dev/ppu/lib/librt.a(sbrk.o)
 .text.__librt_sbrk_r
                0x0000000000025fb8      0x2f4 /usr/local/ps3dev/ppu/lib/librt.a(sbrk.o)
 .text          0x00000000000262ac        0x0 /usr/local/ps3dev/ppu/lib/librt.a(exit.o)
 *fill*         0x00000000000262ac        0x4 60000000
 .text.__librt_exit
                0x00000000000262b0       0x30 /usr/local/ps3dev/ppu/lib/librt.a(exit.o)
 .text          0x00000000000262e0        0x0 /usr/local/ps3dev/ppu/lib/librt.a(close.o)
 .text.__librt_close_r
                0x00000000000262e0       0x88 /usr/local/ps3dev/ppu/lib/librt.a(close.o)
 .text          0x0000000000026368        0x0 /usr/local/ps3dev/ppu/lib/librt.a(lseek.o)
 .text.__librt_lseek_r
                0x0000000000026368       0x8c /usr/local/ps3dev/ppu/lib/librt.a(lseek.o)
 *fill*         0x00000000000263f4        0x4 60000000
 .text.__librt_lseek64_r
                0x00000000000263f8       0x10 /usr/local/ps3dev/ppu/lib/librt.a(lseek.o)
 .text          0x0000000000026408        0x0 /usr/local/ps3dev/ppu/lib/librt.a(read.o)
 .text.__librt_read_r
                0x0000000000026408      0x10c /usr/local/ps3dev/ppu/lib/librt.a(read.o)
 .text          0x0000000000026514        0x0 /usr/local/ps3dev/ppu/lib/librt.a(open.o)
 *fill*         0x0000000000026514        0x4 60000000
 .text.__librt_open_r
                0x0000000000026518      0x180 /usr/local/ps3dev/ppu/lib/librt.a(open.o)
 .text          0x0000000000026698        0x0 /usr/local/ps3dev/ppu/lib/librt.a(sleep.o)
 .text.__librt_usleep_r
                0x0000000000026698       0x50 /usr/local/ps3dev/ppu/lib/librt.a(sleep.o)
 .text.__librt_sleep_r
                0x00000000000266e8       0x6c /usr/local/ps3dev/ppu/lib/librt.a(sleep.o)
 .text          0x0000000000026754        0x0 /usr/local/ps3dev/ppu/lib/librt.a(write.o)
 *fill*         0x0000000000026754        0x4 60000000
 .text.__librt_write_r
                0x0000000000026758      0x104 /usr/local/ps3dev/ppu/lib/librt.a(write.o)
 .text          0x000000000002685c        0x0 /usr/local/ps3dev/ppu/lib/librt.a(fstat.o)
 *fill*         0x000000000002685c        0x4 60000000
 .text.__librt_fstat_r
                0x0000000000026860       0xd0 /usr/local/ps3dev/ppu/lib/librt.a(fstat.o)
 .text.__librt_fstat64_r
                0x0000000000026930       0x10 /usr/local/ps3dev/ppu/lib/librt.a(fstat.o)
 .text.__librt_stat_r
                0x0000000000026940       0xd0 /usr/local/ps3dev/ppu/lib/librt.a(fstat.o)
 .text.__librt_stat64_r
                0x0000000000026a10       0x10 /usr/local/ps3dev/ppu/lib/librt.a(fstat.o)
 .text          0x0000000000026a20        0x0 /usr/local/ps3dev/ppu/lib/librt.a(socket.o)
 .text.accept   0x0000000000026a20       0xe0 /usr/local/ps3dev/ppu/lib/librt.a(socket.o)
 .text.bind     0x0000000000026b00       0x44 /usr/local/ps3dev/ppu/lib/librt.a(socket.o)
 *fill*         0x0000000000026b44        0x4 60000000
 .text.connect  0x0000000000026b48       0x44 /usr/local/ps3dev/ppu/lib/librt.a(socket.o)
 *fill*         0x0000000000026b8c        0x4 60000000
 .text.listen   0x0000000000026b90       0x44 /usr/local/ps3dev/ppu/lib/librt.a(socket.o)
 *fill*         0x0000000000026bd4        0x4 60000000
 .text.socket   0x0000000000026bd8       0x5c /usr/local/ps3dev/ppu/lib/librt.a(socket.o)
 *fill*         0x0000000000026c34        0x4 60000000
 .text.send     0x0000000000026c38       0x4c /usr/local/ps3dev/ppu/lib/librt.a(socket.o)
 *fill*         0x0000000000026c84        0x4 60000000
 .text.sendto   0x0000000000026c88       0x44 /usr/local/ps3dev/ppu/lib/librt.a(socket.o)
 *fill*         0x0000000000026ccc        0x4 60000000
 .text.recv     0x0000000000026cd0       0x4c /usr/local/ps3dev/ppu/lib/librt.a(socket.o)
 *fill*         0x0000000000026d1c        0x4 60000000
 .text.recvfrom
                0x0000000000026d20       0xd8 /usr/local/ps3dev/ppu/lib/librt.a(socket.o)
 .text.shutdown
                0x0000000000026df8       0x44 /usr/local/ps3dev/ppu/lib/librt.a(socket.o)
 *fill*         0x0000000000026e3c        0x4 60000000
 .text.inet_aton
                0x0000000000026e40       0xbc /usr/local/ps3dev/ppu/lib/librt.a(socket.o)
 *fill*         0x0000000000026efc        0x4 60000000
 .text.inet_pton
                0x0000000000026f00       0x48 /usr/local/ps3dev/ppu/lib/librt.a(socket.o)
 .text.select   0x0000000000026f48       0x3c /usr/local/ps3dev/ppu/lib/librt.a(socket.o)
 *fill*         0x0000000000026f84        0x4 60000000
 .text.closesocket
                0x0000000000026f88       0x44 /usr/local/ps3dev/ppu/lib/librt.a(socket.o)
 .text          0x0000000000026fcc        0x0 /usr/local/ps3dev/ppu/lib/librt.a(lock.o)
 *fill*         0x0000000000026fcc        0x4 60000000
 .text.__librt_sys_lwmutex_create_r
                0x0000000000026fd0       0x38 /usr/local/ps3dev/ppu/lib/librt.a(lock.o)
 .text.__librt_sys_lwmutex_destroy_r
                0x0000000000027008       0x34 /usr/local/ps3dev/ppu/lib/librt.a(lock.o)
 *fill*         0x000000000002703c        0x4 60000000
 .text.__librt_sys_lwmutex_lock_r
                0x0000000000027040       0x38 /usr/local/ps3dev/ppu/lib/librt.a(lock.o)
 .text.__librt_sys_lwmutex_trylock_r
                0x0000000000027078       0x34 /usr/local/ps3dev/ppu/lib/librt.a(lock.o)
 *fill*         0x00000000000270ac        0x4 60000000
 .text.__librt_sys_lwmutex_unlock_r
                0x00000000000270b0       0x34 /usr/local/ps3dev/ppu/lib/librt.a(lock.o)
 .text          0x00000000000270e4        0x0 /usr/local/ps3dev/ppu/lib/librt.a(dirent.o)
 *fill*         0x00000000000270e4        0x4 60000000
 .text.readdir_i
                0x00000000000270e8      0x10c /usr/local/ps3dev/ppu/lib/librt.a(dirent.o)
 *fill*         0x00000000000271f4        0x4 60000000
 .text.__librt_opendir_r
                0x00000000000271f8      0x114 /usr/local/ps3dev/ppu/lib/librt.a(dirent.o)
 *fill*         0x000000000002730c        0x4 60000000
 .text.__librt_readdir_r
                0x0000000000027310       0x84 /usr/local/ps3dev/ppu/lib/librt.a(dirent.o)
 *fill*         0x0000000000027394        0x4 60000000
 .text.__librt_readdir_r_r
                0x0000000000027398       0x58 /usr/local/ps3dev/ppu/lib/librt.a(dirent.o)
 .text.__librt_closedir_r
                0x00000000000273f0       0x84 /usr/local/ps3dev/ppu/lib/librt.a(dirent.o)
 *fill*         0x0000000000027474        0x4 60000000
 .text.__librt_telldir_r
                0x0000000000027478       0x24 /usr/local/ps3dev/ppu/lib/librt.a(dirent.o)
 *fill*         0x000000000002749c        0x4 60000000
 .text.__librt_rewinddir_r
                0x00000000000274a0       0x18 /usr/local/ps3dev/ppu/lib/librt.a(dirent.o)
 .text.__librt_seekdir_r
                0x00000000000274b8       0x18 /usr/local/ps3dev/ppu/lib/librt.a(dirent.o)
 .text          0x00000000000274d0        0x0 /usr/local/ps3dev/ppu/lib/librt.a(mkdir.o)
 .text.__librt_mkdir_r
                0x00000000000274d0       0x60 /usr/local/ps3dev/ppu/lib/librt.a(mkdir.o)
 .text          0x0000000000027530        0x0 /usr/local/ps3dev/ppu/lib/librt.a(times.o)
 .text.__librt_times_r
                0x0000000000027530       0x1c /usr/local/ps3dev/ppu/lib/librt.a(times.o)
 .text          0x000000000002754c        0x0 /usr/local/ps3dev/ppu/lib/librt.a(umask.o)
 *fill*         0x000000000002754c        0x4 60000000
 .text.__librt_umask_r
                0x0000000000027550       0x20 /usr/local/ps3dev/ppu/lib/librt.a(umask.o)
 .text          0x0000000000027570        0x0 /usr/local/ps3dev/ppu/lib/librt.a(lv2errno.o)
 .text.lv2error
                0x0000000000027570      0x434 /usr/local/ps3dev/ppu/lib/librt.a(lv2errno.o)
 *fill*         0x00000000000279a4        0x4 60000000
 .text.lv2errno
                0x00000000000279a8       0x68 /usr/local/ps3dev/ppu/lib/librt.a(lv2errno.o)
 .text.lv2errno_r
                0x0000000000027a10       0x58 /usr/local/ps3dev/ppu/lib/librt.a(lv2errno.o)
 .text          0x0000000000027a68        0x0 /usr/local/ps3dev/ppu/lib/librt.a(heap.o)
 .text.__heap_block_split.isra.2
                0x0000000000027a68      0x104 /usr/local/ps3dev/ppu/lib/librt.a(heap.o)
 *fill*         0x0000000000027b6c        0x4 60000000
 .text.heapInit
                0x0000000000027b70      0x128 /usr/local/ps3dev/ppu/lib/librt.a(heap.o)
 .text.heapAllocateAligned
                0x0000000000027c98      0x230 /usr/local/ps3dev/ppu/lib/librt.a(heap.o)
 .text.heapAllocate
                0x0000000000027ec8       0x14 /usr/local/ps3dev/ppu/lib/librt.a(heap.o)
 *fill*         0x0000000000027edc        0x4 60000000
 .text.heapFree
                0x0000000000027ee0      0x1fc /usr/local/ps3dev/ppu/lib/librt.a(heap.o)
 .text          0x00000000000280dc        0x0 /usr/local/ps3dev/ppu/lib/librt.a(chmod.o)
 *fill*         0x00000000000280dc        0x4 60000000
 .text.__librt_chmod_r
                0x00000000000280e0       0x54 /usr/local/ps3dev/ppu/lib/librt.a(chmod.o)
 .text          0x0000000000028134        0x0 /usr/local/ps3dev/ppu/lib/librt.a(rename.o)
 *fill*         0x0000000000028134        0x4 60000000
 .text.__librt_rename_r
                0x0000000000028138       0x54 /usr/local/ps3dev/ppu/lib/librt.a(rename.o)
 .text          0x000000000002818c        0x0 /usr/local/ps3dev/ppu/lib/librt.a(rmdir.o)
 *fill*         0x000000000002818c        0x4 60000000
 .text.__librt_rmdir_r
                0x0000000000028190       0x50 /usr/local/ps3dev/ppu/lib/librt.a(rmdir.o)
 .text          0x00000000000281e0        0x0 /usr/local/ps3dev/ppu/lib/librt.a(isatty.o)
 .text.__librt_isatty_r
                0x00000000000281e0       0x2c /usr/local/ps3dev/ppu/lib/librt.a(isatty.o)
 .text          0x000000000002820c        0x0 /usr/local/ps3dev/ppu/lib/librt.a(gettod.o)
 *fill*         0x000000000002820c        0x4 60000000
 .text.__librt_gettod_r
                0x0000000000028210       0xb8 /usr/local/ps3dev/ppu/lib/librt.a(gettod.o)
 .text          0x00000000000282c8        0x0 /usr/local/ps3dev/ppu/lib/librt.a(settod.o)
 .text.__librt_settod_r
                0x00000000000282c8       0x58 /usr/local/ps3dev/ppu/lib/librt.a(settod.o)
 .text          0x0000000000028320        0x0 /usr/local/ps3dev/ppu/lib/librt.a(unlink.o)
 .text.__librt_unlink_r
                0x0000000000028320       0x50 /usr/local/ps3dev/ppu/lib/librt.a(unlink.o)
 .text          0x0000000000028370        0x0 /usr/local/ps3dev/ppu/lib/librt.a(link.o)
 .text.__librt_link_r
                0x0000000000028370       0x54 /usr/local/ps3dev/ppu/lib/librt.a(link.o)
 .text          0x00000000000283c4        0x0 /usr/local/ps3dev/ppu/lib/librt.a(truncate.o)
 *fill*         0x00000000000283c4        0x4 60000000
 .text.__librt_truncate_r
                0x00000000000283c8       0x54 /usr/local/ps3dev/ppu/lib/librt.a(truncate.o)
 *fill*         0x000000000002841c        0x4 60000000
 .text.__librt_ftruncate_r
                0x0000000000028420       0x54 /usr/local/ps3dev/ppu/lib/librt.a(truncate.o)
 .text          0x0000000000028474        0x0 /usr/local/ps3dev/ppu/lib/librt.a(fsync.o)
 *fill*         0x0000000000028474        0x4 60000000
 .text.__librt_fsync_r
                0x0000000000028478       0x50 /usr/local/ps3dev/ppu/lib/librt.a(fsync.o)
 .text          0x00000000000284c8        0x0 /usr/local/ps3dev/ppu/lib/librt.a(utime.o)
 .text.__librt_utime_r
                0x00000000000284c8       0xbc /usr/local/ps3dev/ppu/lib/librt.a(utime.o)
 .text          0x0000000000028584        0x0 /usr/local/ps3dev/ppu/lib/librt.a(globfile.o)
 *fill*         0x0000000000028584        0x4 60000000
 .text.resolve_path
                0x0000000000028588      0x188 /usr/local/ps3dev/ppu/lib/librt.a(globfile.o)
 .text.flattenDirectory.constprop.0
                0x0000000000028710      0x2d0 /usr/local/ps3dev/ppu/lib/librt.a(globfile.o)
 .text.startup.__glob_file_init
                0x00000000000289e0       0x3c /usr/local/ps3dev/ppu/lib/librt.a(globfile.o)
 *fill*         0x0000000000028a1c        0x4 60000000
 .text.__full_path
                0x0000000000028a20      0x12c /usr/local/ps3dev/ppu/lib/librt.a(globfile.o)
 *fill*         0x0000000000028b4c        0x4 60000000
 .text.__librt_chdir_r
                0x0000000000028b50       0xbc /usr/local/ps3dev/ppu/lib/librt.a(globfile.o)
 *fill*         0x0000000000028c0c        0x4 60000000
 .text.__librt_getcwd_r
                0x0000000000028c10       0xc0 /usr/local/ps3dev/ppu/lib/librt.a(globfile.o)
 .text          0x0000000000028cd0        0x0 /usr/local/ps3dev/ppu/lib/liblv2.a(sprx.o)
 .text          0x0000000000028cd0        0x0 /usr/local/ps3dev/ppu/lib/libnet.a(sprx.o)
 .text          0x0000000000028cd0        0x0 /usr/local/ps3dev/ppu/lib/libnet.a(init.o)
 .text.netInitialize
                0x0000000000028cd0       0xe8 /usr/local/ps3dev/ppu/lib/libnet.a(init.o)
 .text.netDeinitialize
                0x0000000000028db8       0x68 /usr/local/ps3dev/ppu/lib/libnet.a(init.o)
 .text          0x0000000000028e20        0x0 /usr/local/ps3dev/ppu/lib/libnet.a(socket.o)
 .text.copyhost
                0x0000000000028e20       0xc0 /usr/local/ps3dev/ppu/lib/libnet.a(socket.o)
 .text.netErrno
                0x0000000000028ee0       0xb4 /usr/local/ps3dev/ppu/lib/libnet.a(socket.o)
 *fill*         0x0000000000028f94        0x4 60000000
 .text.accept   0x0000000000028f98       0xf8 /usr/local/ps3dev/ppu/lib/libnet.a(socket.o)
 .text.bind     0x0000000000029090       0x6c /usr/local/ps3dev/ppu/lib/libnet.a(socket.o)
 *fill*         0x00000000000290fc        0x4 60000000
 .text.connect  0x0000000000029100       0x6c /usr/local/ps3dev/ppu/lib/libnet.a(socket.o)
 *fill*         0x000000000002916c        0x4 60000000
 .text.listen   0x0000000000029170       0x6c /usr/local/ps3dev/ppu/lib/libnet.a(socket.o)
 *fill*         0x00000000000291dc        0x4 60000000
 .text.socket   0x00000000000291e0       0x7c /usr/local/ps3dev/ppu/lib/libnet.a(socket.o)
 *fill*         0x000000000002925c        0x4 60000000
 .text.send     0x0000000000029260       0x6c /usr/local/ps3dev/ppu/lib/libnet.a(socket.o)
 *fill*         0x00000000000292cc        0x4 60000000
 .text.sendto   0x00000000000292d0       0x6c /usr/local/ps3dev/ppu/lib/libnet.a(socket.o)
 *fill*         0x000000000002933c        0x4 60000000
 .text.recv     0x0000000000029340       0x6c /usr/local/ps3dev/ppu/lib/libnet.a(socket.o)
 *fill*         0x00000000000293ac        0x4 60000000
 .text.recvfrom
                0x00000000000293b0       0xe8 /usr/local/ps3dev/ppu/lib/libnet.a(socket.o)
 .text.shutdown
                0x0000000000029498       0x6c /usr/local/ps3dev/ppu/lib/libnet.a(socket.o)
 *fill*         0x0000000000029504        0x4 60000000
 .text.closesocket
                0x0000000000029508       0x6c /usr/local/ps3dev/ppu/lib/libnet.a(socket.o)
 *fill*         0x0000000000029574        0x4 60000000
 .text.poll     0x0000000000029578       0xf0 /usr/local/ps3dev/ppu/lib/libnet.a(socket.o)
 .text.select   0x0000000000029668       0x6c /usr/local/ps3dev/ppu/lib/libnet.a(socket.o)
 *fill*         0x00000000000296d4        0x4 60000000
 .text.getsockname
                0x00000000000296d8       0xf0 /usr/local/ps3dev/ppu/lib/libnet.a(socket.o)
 .text.getpeername
                0x00000000000297c8       0xf0 /usr/local/ps3dev/ppu/lib/libnet.a(socket.o)
 .text.gethostbyaddr
                0x00000000000298b8       0xbc /usr/local/ps3dev/ppu/lib/libnet.a(socket.o)
 *fill*         0x0000000000029974        0x4 60000000
 .text.gethostbyname
                0x0000000000029978       0xbc /usr/local/ps3dev/ppu/lib/libnet.a(socket.o)
 *fill*         0x0000000000029a34        0x4 60000000
 .text.getsockopt
                0x0000000000029a38       0x78 /usr/local/ps3dev/ppu/lib/libnet.a(socket.o)
 .text.setsockopt
                0x0000000000029ab0       0x78 /usr/local/ps3dev/ppu/lib/libnet.a(socket.o)
 .text.getservbyport
                0x0000000000029b28      0x1e4 /usr/local/ps3dev/ppu/lib/libnet.a(socket.o)
 .text          0x0000000000029d0c        0x0 /usr/local/ps3dev/ppu/lib/libsysmodule.a(sprx.o)
 .text          0x0000000000029d0c        0x0 /usr/local/ps3dev/ppu/lib/gcc/powerpc64-ps3-elf/7.2.0/../../../../powerpc64-ps3-elf/lib/libsysbase.a(syscalls.o)
 .text          0x0000000000029d0c        0x0 /usr/local/ps3dev/ppu/lib/gcc/powerpc64-ps3-elf/7.2.0/../../../../powerpc64-ps3-elf/lib/libsysbase.a(sleep.o)
 *fill*         0x0000000000029d0c        0x4 60000000
 .text.usleep   0x0000000000029d10       0x80 /usr/local/ps3dev/ppu/lib/gcc/powerpc64-ps3-elf/7.2.0/../../../../powerpc64-ps3-elf/lib/libsysbase.a(sleep.o)
 .text.sleep    0x0000000000029d90       0x84 /usr/local/ps3dev/ppu/lib/gcc/powerpc64-ps3-elf/7.2.0/../../../../powerpc64-ps3-elf/lib/libsysbase.a(sleep.o)
 .text          0x0000000000029e14        0x0 /usr/local/ps3dev/ppu/lib/gcc/powerpc64-ps3-elf/7.2.0/../../../../powerpc64-ps3-elf/lib/libc.a(lib_a-assert.o)
 *fill*         0x0000000000029e14        0x4 60000000
 .text.__assert_func
                0x0000000000029e18       0x80 /usr/local/ps3dev/ppu/lib/gcc/powerpc64-ps3-elf/7.2.0/../../../../powerpc64-ps3-elf/lib/libc.a(lib_a-assert.o)
 .text.__assert
                0x0000000000029e98       0x24 /usr/local/ps3dev/ppu/lib/gcc/powerpc64-ps3-elf/7.2.0/../../../../powerpc64-ps3-elf/lib/libc.a(lib_a-assert.o)
 .text          0x0000000000029ebc        0x0 /usr/local/ps3dev/ppu/lib/gcc/powerpc64-ps3-elf/7.2.0/../../../../powerpc64-ps3-elf/lib/libc.a(lib_a-atexit.o)
 *fill*         0x0000000000029ebc        0x4 60000000
 .text.atexit   0x0000000000029ec0       0x40 /usr/local/ps3dev/ppu/lib/gcc/powerpc64-ps3-elf/7.2.0/../../../../powerpc64-ps3-elf/lib/libc.a(lib_a-atexit.o)
 .text          0x0000000000029f00        0x0 /usr/local/ps3dev/ppu/lib/gcc/powerpc64-ps3-elf/7.2.0/../../../../powerpc64-ps3-elf/lib/libc.a(lib_a-atoi.o)
 .text.atoi     0x0000000000029f00       0x3c /usr/local/ps3dev/ppu/lib/gcc/powerpc64-ps3-elf/7.2.0/../../../../powerpc64-ps3-elf/lib/libc.a(lib_a-atoi.o)
 *fill*         0x0000000000029f3c        0x4 60000000
 .text._atoi_r  0x0000000000029f40       0x3c /usr/local/ps3dev/ppu/lib/gcc/powerpc64-ps3-elf/7.2.0/../../../../powerpc64-ps3-elf/lib/libc.a(lib_a-atoi.o)
 .text          0x0000000000029f7c        0x0 /usr/local/ps3dev/ppu/lib/gcc/powerpc64-ps3-elf/7.2.0/../../../../powerpc64-ps3-elf/lib/libc.a(lib_a-calloc.o)
 *fill*         0x0000000000029f7c        0x4 60000000
 .text.calloc   0x0000000000029f80       0x58 /usr/local/ps3dev/ppu/lib/gcc/powerpc64-ps3-elf/7.2.0/../../../../powerpc64-ps3-elf/lib/libc.a(lib_a-calloc.o)
 .text          0x0000000000029fd8        0x0 /usr/local/ps3dev/ppu/lib/gcc/powerpc64-ps3-elf/7.2.0/../../../../powerpc64-ps3-elf/lib/libc.a(lib_a-callocr.o)
 .text._calloc_r
                0x0000000000029fd8       0xdc /usr/local/ps3dev/ppu/lib/gcc/powerpc64-ps3-elf/7.2.0/../../../../powerpc64-ps3-elf/lib/libc.a(lib_a-callocr.o)
 .text          0x000000000002a0b4        0x0 /usr/local/ps3dev/ppu/lib/gcc/powerpc64-ps3-elf/7.2.0/../../../../powerpc64-ps3-elf/lib/libc.a(lib_a-errno.o)
 *fill*         0x000000000002a0b4        0x4 60000000
 .text.__errno  0x000000000002a0b8       0x30 /usr/local/ps3dev/ppu/lib/gcc/powerpc64-ps3-elf/7.2.0/../../../../powerpc64-ps3-elf/lib/libc.a(lib_a-errno.o)
 .text          0x000000000002a0e8        0x0 /usr/local/ps3dev/ppu/lib/gcc/powerpc64-ps3-elf/7.2.0/../../../../powerpc64-ps3-elf/lib/libc.a(lib_a-exit.o)
 .text.exit     0x000000000002a0e8       0x68 /usr/local/ps3dev/ppu/lib/gcc/powerpc64-ps3-elf/7.2.0/../../../../powerpc64-ps3-elf/lib/libc.a(lib_a-exit.o)
 .text          0x000000000002a150        0x0 /usr/local/ps3dev/ppu/lib/gcc/powerpc64-ps3-elf/7.2.0/../../../../powerpc64-ps3-elf/lib/libc.a(lib_a-fclose.o)
 .text._fclose_r
                0x000000000002a150      0x1e8 /usr/local/ps3dev/ppu/lib/gcc/powerpc64-ps3-elf/7.2.0/../../../../powerpc64-ps3-elf/lib/libc.a(lib_a-fclose.o)
 .text.fclose   0x000000000002a338       0x40 /usr/local/ps3dev/ppu/lib/gcc/powerpc64-ps3-elf/7.2.0/../../../../powerpc64-ps3-elf/lib/libc.a(lib_a-fclose.o)
 .text          0x000000000002a378        0x0 /usr/local/ps3dev/ppu/lib/gcc/powerpc64-ps3-elf/7.2.0/../../../../powerpc64-ps3-elf/lib/libc.a(lib_a-fflush.o)
 .text.__sflush_r
                0x000000000002a378      0x3d0 /usr/local/ps3dev/ppu/lib/gcc/powerpc64-ps3-elf/7.2.0/../../../../powerpc64-ps3-elf/lib/libc.a(lib_a-fflush.o)
 .text._fflush_r
                0x000000000002a748      0x124 /usr/local/ps3dev/ppu/lib/gcc/powerpc64-ps3-elf/7.2.0/../../../../powerpc64-ps3-elf/lib/libc.a(lib_a-fflush.o)
 *fill*         0x000000000002a86c        0x4 60000000
 .text.fflush   0x000000000002a870       0x70 /usr/local/ps3dev/ppu/lib/gcc/powerpc64-ps3-elf/7.2.0/../../../../powerpc64-ps3-elf/lib/libc.a(lib_a-fflush.o)
 .text          0x000000000002a8e0        0x0 /usr/local/ps3dev/ppu/lib/gcc/powerpc64-ps3-elf/7.2.0/../../../../powerpc64-ps3-elf/lib/libc.a(lib_a-findfp.o)
 .text._cleanup_r
                0x000000000002a8e0       0x34 /usr/local/ps3dev/ppu/lib/gcc/powerpc64-ps3-elf/7.2.0/../../../../powerpc64-ps3-elf/lib/libc.a(lib_a-findfp.o)
 *fill*         0x000000000002a914        0x4 60000000
 .text.__fp_lock
                0x000000000002a918       0x50 /usr/local/ps3dev/ppu/lib/gcc/powerpc64-ps3-elf/7.2.0/../../../../powerpc64-ps3-elf/lib/libc.a(lib_a-findfp.o)
 .text.__fp_unlock
                0x000000000002a968       0x50 /usr/local/ps3dev/ppu/lib/gcc/powerpc64-ps3-elf/7.2.0/../../../../powerpc64-ps3-elf/lib/libc.a(lib_a-findfp.o)
 .text.std.isra.0
                0x000000000002a9b8       0x9c /usr/local/ps3dev/ppu/lib/gcc/powerpc64-ps3-elf/7.2.0/../../../../powerpc64-ps3-elf/lib/libc.a(lib_a-findfp.o)
 *fill*         0x000000000002aa54        0x4 60000000
 .text.__sfmoreglue
                0x000000000002aa58       0x88 /usr/local/ps3dev/ppu/lib/gcc/powerpc64-ps3-elf/7.2.0/../../../../powerpc64-ps3-elf/lib/libc.a(lib_a-findfp.o)
 .text._cleanup
                0x000000000002aae0       0x3c /usr/local/ps3dev/ppu/lib/gcc/powerpc64-ps3-elf/7.2.0/../../../../powerpc64-ps3-elf/lib/libc.a(lib_a-findfp.o)
 *fill*         0x000000000002ab1c        0x4 60000000
 .text.__sinit  0x000000000002ab20       0xbc /usr/local/ps3dev/ppu/lib/gcc/powerpc64-ps3-elf/7.2.0/../../../../powerpc64-ps3-elf/lib/libc.a(lib_a-findfp.o)
 *fill*         0x000000000002abdc        0x4 60000000
 .text.__sfp    0x000000000002abe0      0x190 /usr/local/ps3dev/ppu/lib/gcc/powerpc64-ps3-elf/7.2.0/../../../../powerpc64-ps3-elf/lib/libc.a(lib_a-findfp.o)
 .text.__sfp_lock_acquire
                0x000000000002ad70       0x34 /usr/local/ps3dev/ppu/lib/gcc/powerpc64-ps3-elf/7.2.0/../../../../powerpc64-ps3-elf/lib/libc.a(lib_a-findfp.o)
 *fill*         0x000000000002ada4        0x4 60000000
 .text.__sfp_lock_release
                0x000000000002ada8       0x34 /usr/local/ps3dev/ppu/lib/gcc/powerpc64-ps3-elf/7.2.0/../../../../powerpc64-ps3-elf/lib/libc.a(lib_a-findfp.o)
 *fill*         0x000000000002addc        0x4 60000000
 .text.__sinit_lock_acquire
                0x000000000002ade0       0x34 /usr/local/ps3dev/ppu/lib/gcc/powerpc64-ps3-elf/7.2.0/../../../../powerpc64-ps3-elf/lib/libc.a(lib_a-findfp.o)
 *fill*         0x000000000002ae14        0x4 60000000
 .text.__sinit_lock_release
                0x000000000002ae18       0x34 /usr/local/ps3dev/ppu/lib/gcc/powerpc64-ps3-elf/7.2.0/../../../../powerpc64-ps3-elf/lib/libc.a(lib_a-findfp.o)
 *fill*         0x000000000002ae4c        0x4 60000000
 .text.__fp_lock_all
                0x000000000002ae50       0x48 /usr/local/ps3dev/ppu/lib/gcc/powerpc64-ps3-elf/7.2.0/../../../../powerpc64-ps3-elf/lib/libc.a(lib_a-findfp.o)
 .text.__fp_unlock_all
                0x000000000002ae98       0x48 /usr/local/ps3dev/ppu/lib/gcc/powerpc64-ps3-elf/7.2.0/../../../../powerpc64-ps3-elf/lib/libc.a(lib_a-findfp.o)
 .text          0x000000000002aee0        0x0 /usr/local/ps3dev/ppu/lib/gcc/powerpc64-ps3-elf/7.2.0/../../../../powerpc64-ps3-elf/lib/libc.a(lib_a-fiprintf.o)
 .text._fiprintf_r
                0x000000000002aee0       0x48 /usr/local/ps3dev/ppu/lib/gcc/powerpc64-ps3-elf/7.2.0/../../../../powerpc64-ps3-elf/lib/libc.a(lib_a-fiprintf.o)
 .text.fiprintf
                0x000000000002af28       0x74 /usr/local/ps3dev/ppu/lib/gcc/powerpc64-ps3-elf/7.2.0/../../../../powerpc64-ps3-elf/lib/libc.a(lib_a-fiprintf.o)
 .text          0x000000000002af9c        0x0 /usr/local/ps3dev/ppu/lib/gcc/powerpc64-ps3-elf/7.2.0/../../../../powerpc64-ps3-elf/lib/libc.a(lib_a-fopen.o)
 *fill*         0x000000000002af9c        0x4 60000000
 .text._fopen_r
                0x000000000002afa0      0x1cc /usr/local/ps3dev/ppu/lib/gcc/powerpc64-ps3-elf/7.2.0/../../../../powerpc64-ps3-elf/lib/libc.a(lib_a-fopen.o)
 *fill*         0x000000000002b16c        0x4 60000000
 .text.fopen    0x000000000002b170       0x50 /usr/local/ps3dev/ppu/lib/gcc/powerpc64-ps3-elf/7.2.0/../../../../powerpc64-ps3-elf/lib/libc.a(lib_a-fopen.o)
 .text          0x000000000002b1c0        0x0 /usr/local/ps3dev/ppu/lib/gcc/powerpc64-ps3-elf/7.2.0/../../../../powerpc64-ps3-elf/lib/libc.a(lib_a-fprintf.o)
 .text._fprintf_r
                0x000000000002b1c0       0x48 /usr/local/ps3dev/ppu/lib/gcc/powerpc64-ps3-elf/7.2.0/../../../../powerpc64-ps3-elf/lib/libc.a(lib_a-fprintf.o)
 .text.fprintf  0x000000000002b208       0x74 /usr/local/ps3dev/ppu/lib/gcc/powerpc64-ps3-elf/7.2.0/../../../../powerpc64-ps3-elf/lib/libc.a(lib_a-fprintf.o)
 .text          0x000000000002b27c        0x0 /usr/local/ps3dev/ppu/lib/gcc/powerpc64-ps3-elf/7.2.0/../../../../powerpc64-ps3-elf/lib/libc.a(lib_a-freer.o)
 *fill*         0x000000000002b27c        0x4 60000000
 .text._malloc_trim_r
                0x000000000002b280      0x15c /usr/local/ps3dev/ppu/lib/gcc/powerpc64-ps3-elf/7.2.0/../../../../powerpc64-ps3-elf/lib/libc.a(lib_a-freer.o)
 *fill*         0x000000000002b3dc        0x4 60000000
 .text._free_r  0x000000000002b3e0      0x3b0 /usr/local/ps3dev/ppu/lib/gcc/powerpc64-ps3-elf/7.2.0/../../../../powerpc64-ps3-elf/lib/libc.a(lib_a-freer.o)
 .text          0x000000000002b790        0x0 /usr/local/ps3dev/ppu/lib/gcc/powerpc64-ps3-elf/7.2.0/../../../../powerpc64-ps3-elf/lib/libc.a(lib_a-fscanf.o)
 .text.fscanf   0x000000000002b790       0x74 /usr/local/ps3dev/ppu/lib/gcc/powerpc64-ps3-elf/7.2.0/../../../../powerpc64-ps3-elf/lib/libc.a(lib_a-fscanf.o)
 *fill*         0x000000000002b804        0x4 60000000
 .text._fscanf_r
                0x000000000002b808       0x48 /usr/local/ps3dev/ppu/lib/gcc/powerpc64-ps3-elf/7.2.0/../../../../powerpc64-ps3-elf/lib/libc.a(lib_a-fscanf.o)
 .text          0x000000000002b850        0x0 /usr/local/ps3dev/ppu/lib/gcc/powerpc64-ps3-elf/7.2.0/../../../../powerpc64-ps3-elf/lib/libc.a(lib_a-fseek.o)
 .text._fseek_r
                0x000000000002b850      0x6c4 /usr/local/ps3dev/ppu/lib/gcc/powerpc64-ps3-elf/7.2.0/../../../../powerpc64-ps3-elf/lib/libc.a(lib_a-fseek.o)
 *fill*         0x000000000002bf14        0x4 60000000
 .text.fseek    0x000000000002bf18       0x60 /usr/local/ps3dev/ppu/lib/gcc/powerpc64-ps3-elf/7.2.0/../../../../powerpc64-ps3-elf/lib/libc.a(lib_a-fseek.o)
 .text          0x000000000002bf78        0x0 /usr/local/ps3dev/ppu/lib/gcc/powerpc64-ps3-elf/7.2.0/../../../../powerpc64-ps3-elf/lib/libc.a(lib_a-fwalk.o)
 .text._fwalk   0x000000000002bf78      0x100 /usr/local/ps3dev/ppu/lib/gcc/powerpc64-ps3-elf/7.2.0/../../../../powerpc64-ps3-elf/lib/libc.a(lib_a-fwalk.o)
 .text._fwalk_reent
                0x000000000002c078      0x110 /usr/local/ps3dev/ppu/lib/gcc/powerpc64-ps3-elf/7.2.0/../../../../powerpc64-ps3-elf/lib/libc.a(lib_a-fwalk.o)
 .text          0x000000000002c188        0x0 /usr/local/ps3dev/ppu/lib/gcc/powerpc64-ps3-elf/7.2.0/../../../../powerpc64-ps3-elf/lib/libc.a(lib_a-getreent.o)
 .text.__getreent
                0x000000000002c188      0x1b4 /usr/local/ps3dev/ppu/lib/gcc/powerpc64-ps3-elf/7.2.0/../../../../powerpc64-ps3-elf/lib/libc.a(lib_a-getreent.o)
 .text          0x000000000002c33c        0x0 /usr/local/ps3dev/ppu/lib/gcc/powerpc64-ps3-elf/7.2.0/../../../../powerpc64-ps3-elf/lib/libc.a(lib_a-impure.o)
 .text          0x000000000002c33c        0x0 /usr/local/ps3dev/ppu/lib/gcc/powerpc64-ps3-elf/7.2.0/../../../../powerpc64-ps3-elf/lib/libc.a(lib_a-isxdigit.o)
 *fill*         0x000000000002c33c        0x4 60000000
 .text.isxdigit
                0x000000000002c340       0x28 /usr/local/ps3dev/ppu/lib/gcc/powerpc64-ps3-elf/7.2.0/../../../../powerpc64-ps3-elf/lib/libc.a(lib_a-isxdigit.o)
 .text          0x000000000002c368        0x0 /usr/local/ps3dev/ppu/lib/gcc/powerpc64-ps3-elf/7.2.0/../../../../powerpc64-ps3-elf/lib/libc.a(lib_a-lcltime.o)
 .text.localtime
                0x000000000002c368       0x4c /usr/local/ps3dev/ppu/lib/gcc/powerpc64-ps3-elf/7.2.0/../../../../powerpc64-ps3-elf/lib/libc.a(lib_a-lcltime.o)
 .text          0x000000000002c3b4        0x0 /usr/local/ps3dev/ppu/lib/gcc/powerpc64-ps3-elf/7.2.0/../../../../powerpc64-ps3-elf/lib/libc.a(lib_a-lcltime_r.o)
 *fill*         0x000000000002c3b4        0x4 60000000
 .text.localtime_r
                0x000000000002c3b8       0x34 /usr/local/ps3dev/ppu/lib/gcc/powerpc64-ps3-elf/7.2.0/../../../../powerpc64-ps3-elf/lib/libc.a(lib_a-lcltime_r.o)
 .text          0x000000000002c3ec        0x0 /usr/local/ps3dev/ppu/lib/gcc/powerpc64-ps3-elf/7.2.0/../../../../powerpc64-ps3-elf/lib/libc.a(lib_a-lock_recursive.o)
 *fill*         0x000000000002c3ec        0x4 60000000
 .text.__libc_lock_init_recursive
                0x000000000002c3f0       0x34 /usr/local/ps3dev/ppu/lib/gcc/powerpc64-ps3-elf/7.2.0/../../../../powerpc64-ps3-elf/lib/libc.a(lib_a-lock_recursive.o)
 *fill*         0x000000000002c424        0x4 60000000
 .text.__libc_lock_close_recursive
                0x000000000002c428       0x30 /usr/local/ps3dev/ppu/lib/gcc/powerpc64-ps3-elf/7.2.0/../../../../powerpc64-ps3-elf/lib/libc.a(lib_a-lock_recursive.o)
 .text.__libc_lock_acquire_recursive